Archive member included to satisfy reference by file (symbol)

C:/ST/STM32CubeIDE_1.14.0/STM32CubeIDE/plugins/com.st.stm32cube.ide.mcu.externaltools.gnu-tools-for-stm32.11.3.rel1.win32_1.1.100.202309141235/tools/bin/../lib/gcc/arm-none-eabi/11.3.1/../../../../arm-none-eabi/lib/thumb/v6-m/nofp\libc_nano.a(libc_a-exit.o)
                              C:/ST/STM32CubeIDE_1.14.0/STM32CubeIDE/plugins/com.st.stm32cube.ide.mcu.externaltools.gnu-tools-for-stm32.11.3.rel1.win32_1.1.100.202309141235/tools/bin/../lib/gcc/arm-none-eabi/11.3.1/../../../../arm-none-eabi/lib/thumb/v6-m/nofp/crt0.o (exit)
C:/ST/STM32CubeIDE_1.14.0/STM32CubeIDE/plugins/com.st.stm32cube.ide.mcu.externaltools.gnu-tools-for-stm32.11.3.rel1.win32_1.1.100.202309141235/tools/bin/../lib/gcc/arm-none-eabi/11.3.1/../../../../arm-none-eabi/lib/thumb/v6-m/nofp\libc_nano.a(libc_a-findfp.o)
                              C:/ST/STM32CubeIDE_1.14.0/STM32CubeIDE/plugins/com.st.stm32cube.ide.mcu.externaltools.gnu-tools-for-stm32.11.3.rel1.win32_1.1.100.202309141235/tools/bin/../lib/gcc/arm-none-eabi/11.3.1/../../../../arm-none-eabi/lib/thumb/v6-m/nofp\libc_nano.a(libc_a-exit.o) (__stdio_exit_handler)
C:/ST/STM32CubeIDE_1.14.0/STM32CubeIDE/plugins/com.st.stm32cube.ide.mcu.externaltools.gnu-tools-for-stm32.11.3.rel1.win32_1.1.100.202309141235/tools/bin/../lib/gcc/arm-none-eabi/11.3.1/../../../../arm-none-eabi/lib/thumb/v6-m/nofp\libc_nano.a(libc_a-fwalk.o)
                              C:/ST/STM32CubeIDE_1.14.0/STM32CubeIDE/plugins/com.st.stm32cube.ide.mcu.externaltools.gnu-tools-for-stm32.11.3.rel1.win32_1.1.100.202309141235/tools/bin/../lib/gcc/arm-none-eabi/11.3.1/../../../../arm-none-eabi/lib/thumb/v6-m/nofp\libc_nano.a(libc_a-findfp.o) (_fwalk_sglue)
C:/ST/STM32CubeIDE_1.14.0/STM32CubeIDE/plugins/com.st.stm32cube.ide.mcu.externaltools.gnu-tools-for-stm32.11.3.rel1.win32_1.1.100.202309141235/tools/bin/../lib/gcc/arm-none-eabi/11.3.1/../../../../arm-none-eabi/lib/thumb/v6-m/nofp\libc_nano.a(libc_a-stdio.o)
                              C:/ST/STM32CubeIDE_1.14.0/STM32CubeIDE/plugins/com.st.stm32cube.ide.mcu.externaltools.gnu-tools-for-stm32.11.3.rel1.win32_1.1.100.202309141235/tools/bin/../lib/gcc/arm-none-eabi/11.3.1/../../../../arm-none-eabi/lib/thumb/v6-m/nofp\libc_nano.a(libc_a-findfp.o) (__sread)
C:/ST/STM32CubeIDE_1.14.0/STM32CubeIDE/plugins/com.st.stm32cube.ide.mcu.externaltools.gnu-tools-for-stm32.11.3.rel1.win32_1.1.100.202309141235/tools/bin/../lib/gcc/arm-none-eabi/11.3.1/../../../../arm-none-eabi/lib/thumb/v6-m/nofp\libc_nano.a(libc_a-vsnprintf.o)
                              ./TraceRecorder/trcStreamingRecorder.o (vsnprintf)
C:/ST/STM32CubeIDE_1.14.0/STM32CubeIDE/plugins/com.st.stm32cube.ide.mcu.externaltools.gnu-tools-for-stm32.11.3.rel1.win32_1.1.100.202309141235/tools/bin/../lib/gcc/arm-none-eabi/11.3.1/../../../../arm-none-eabi/lib/thumb/v6-m/nofp\libc_nano.a(libc_a-memset.o)
                              C:/ST/STM32CubeIDE_1.14.0/STM32CubeIDE/plugins/com.st.stm32cube.ide.mcu.externaltools.gnu-tools-for-stm32.11.3.rel1.win32_1.1.100.202309141235/tools/bin/../lib/gcc/arm-none-eabi/11.3.1/../../../../arm-none-eabi/lib/thumb/v6-m/nofp/crt0.o (memset)
C:/ST/STM32CubeIDE_1.14.0/STM32CubeIDE/plugins/com.st.stm32cube.ide.mcu.externaltools.gnu-tools-for-stm32.11.3.rel1.win32_1.1.100.202309141235/tools/bin/../lib/gcc/arm-none-eabi/11.3.1/../../../../arm-none-eabi/lib/thumb/v6-m/nofp\libc_nano.a(libc_a-closer.o)
                              C:/ST/STM32CubeIDE_1.14.0/STM32CubeIDE/plugins/com.st.stm32cube.ide.mcu.externaltools.gnu-tools-for-stm32.11.3.rel1.win32_1.1.100.202309141235/tools/bin/../lib/gcc/arm-none-eabi/11.3.1/../../../../arm-none-eabi/lib/thumb/v6-m/nofp\libc_nano.a(libc_a-stdio.o) (_close_r)
C:/ST/STM32CubeIDE_1.14.0/STM32CubeIDE/plugins/com.st.stm32cube.ide.mcu.externaltools.gnu-tools-for-stm32.11.3.rel1.win32_1.1.100.202309141235/tools/bin/../lib/gcc/arm-none-eabi/11.3.1/../../../../arm-none-eabi/lib/thumb/v6-m/nofp\libc_nano.a(libc_a-reent.o)
                              C:/ST/STM32CubeIDE_1.14.0/STM32CubeIDE/plugins/com.st.stm32cube.ide.mcu.externaltools.gnu-tools-for-stm32.11.3.rel1.win32_1.1.100.202309141235/tools/bin/../lib/gcc/arm-none-eabi/11.3.1/../../../../arm-none-eabi/lib/thumb/v6-m/nofp\libc_nano.a(libc_a-closer.o) (errno)
C:/ST/STM32CubeIDE_1.14.0/STM32CubeIDE/plugins/com.st.stm32cube.ide.mcu.externaltools.gnu-tools-for-stm32.11.3.rel1.win32_1.1.100.202309141235/tools/bin/../lib/gcc/arm-none-eabi/11.3.1/../../../../arm-none-eabi/lib/thumb/v6-m/nofp\libc_nano.a(libc_a-impure.o)
                              C:/ST/STM32CubeIDE_1.14.0/STM32CubeIDE/plugins/com.st.stm32cube.ide.mcu.externaltools.gnu-tools-for-stm32.11.3.rel1.win32_1.1.100.202309141235/tools/bin/../lib/gcc/arm-none-eabi/11.3.1/../../../../arm-none-eabi/lib/thumb/v6-m/nofp\libc_nano.a(libc_a-vsnprintf.o) (_impure_ptr)
[...]
Memory Configuration

Name             Origin             Length             Attributes
FLASH            0x0000000008000000 0x0000000000020000 xr
RAM              0x0000000020000000 0x0000000000004000 xrw
MEMORY_B1        0x0000000060000000 0x0000000000000000 xr
*default*        0x0000000000000000 0xffffffffffffffff

Linker script and memory map

LOAD C:/ST/STM32CubeIDE_1.14.0/STM32CubeIDE/plugins/com.st.stm32cube.ide.mcu.externaltools.gnu-tools-for-stm32.11.3.rel1.win32_1.1.100.202309141235/tools/bin/../lib/gcc/arm-none-eabi/11.3.1/thumb/v6-m/nofp/crti.o
LOAD C:/ST/STM32CubeIDE_1.14.0/STM32CubeIDE/plugins/com.st.stm32cube.ide.mcu.externaltools.gnu-tools-for-stm32.11.3.rel1.win32_1.1.100.202309141235/tools/bin/../lib/gcc/arm-none-eabi/11.3.1/thumb/v6-m/nofp/crtbegin.o
LOAD C:/ST/STM32CubeIDE_1.14.0/STM32CubeIDE/plugins/com.st.stm32cube.ide.mcu.externaltools.gnu-tools-for-stm32.11.3.rel1.win32_1.1.100.202309141235/tools/bin/../lib/gcc/arm-none-eabi/11.3.1/../../../../arm-none-eabi/lib/thumb/v6-m/nofp/crt0.o
LOAD ./FreeRTOS/croutine.o
LOAD ./FreeRTOS/event_groups.o
LOAD ./FreeRTOS/list.o
LOAD ./FreeRTOS/queue.o
LOAD ./FreeRTOS/stream_buffer.o
LOAD ./FreeRTOS/tasks.o
LOAD ./FreeRTOS/timers.o
LOAD ./FreeRTOS/portable/GCC/ARM_CM0/port.o
LOAD ./FreeRTOS/portable/MemMang/heap_1.o
LOAD ./TraceRecorder/streamports/Jlink_RTT/SEGGER_RTT.o
LOAD ./TraceRecorder/streamports/Jlink_RTT/trcStreamingPort.o
LOAD ./TraceRecorder/trcKernelPort.o
LOAD ./TraceRecorder/trcSnapshotRecorder.o
LOAD ./TraceRecorder/trcStreamingRecorder.o
LOAD ./app/src/main.o
LOAD ./app/src/stm32f0xx_it.o
LOAD ./bsp/src/bsp.o
LOAD ./bsp/src/delay.o
LOAD ./bsp/src/factory_io.o
LOAD ./cmsis/device/src/startup_stm32f072xb.o
LOAD ./cmsis/device/src/system_stm32f0xx.o
LOAD ./sycall.o
START GROUP
LOAD C:/ST/STM32CubeIDE_1.14.0/STM32CubeIDE/plugins/com.st.stm32cube.ide.mcu.externaltools.gnu-tools-for-stm32.11.3.rel1.win32_1.1.100.202309141235/tools/bin/../lib/gcc/arm-none-eabi/11.3.1/../../../../arm-none-eabi/lib/thumb/v6-m/nofp\libc_nano.a
LOAD C:/ST/STM32CubeIDE_1.14.0/STM32CubeIDE/plugins/com.st.stm32cube.ide.mcu.externaltools.gnu-tools-for-stm32.11.3.rel1.win32_1.1.100.202309141235/tools/bin/../lib/gcc/arm-none-eabi/11.3.1/../../../../arm-none-eabi/lib/thumb/v6-m/nofp\libm.a
END GROUP
START GROUP
LOAD C:/ST/STM32CubeIDE_1.14.0/STM32CubeIDE/plugins/com.st.stm32cube.ide.mcu.externaltools.gnu-tools-for-stm32.11.3.rel1.win32_1.1.100.202309141235/tools/bin/../lib/gcc/arm-none-eabi/11.3.1/thumb/v6-m/nofp\libgcc.a
LOAD C:/ST/STM32CubeIDE_1.14.0/STM32CubeIDE/plugins/com.st.stm32cube.ide.mcu.externaltools.gnu-tools-for-stm32.11.3.rel1.win32_1.1.100.202309141235/tools/bin/../lib/gcc/arm-none-eabi/11.3.1/../../../../arm-none-eabi/lib/thumb/v6-m/nofp\libc_nano.a
END GROUP
START GROUP
LOAD C:/ST/STM32CubeIDE_1.14.0/STM32CubeIDE/plugins/com.st.stm32cube.ide.mcu.externaltools.gnu-tools-for-stm32.11.3.rel1.win32_1.1.100.202309141235/tools/bin/../lib/gcc/arm-none-eabi/11.3.1/thumb/v6-m/nofp\libgcc.a
LOAD C:/ST/STM32CubeIDE_1.14.0/STM32CubeIDE/plugins/com.st.stm32cube.ide.mcu.externaltools.gnu-tools-for-stm32.11.3.rel1.win32_1.1.100.202309141235/tools/bin/../lib/gcc/arm-none-eabi/11.3.1/../../../../arm-none-eabi/lib/thumb/v6-m/nofp\libc_nano.a
LOAD C:/ST/STM32CubeIDE_1.14.0/STM32CubeIDE/plugins/com.st.stm32cube.ide.mcu.externaltools.gnu-tools-for-stm32.11.3.rel1.win32_1.1.100.202309141235/tools/bin/../lib/gcc/arm-none-eabi/11.3.1/../../../../arm-none-eabi/lib/thumb/v6-m/nofp\libnosys.a
END GROUP
START GROUP
LOAD C:/ST/STM32CubeIDE_1.14.0/STM32CubeIDE/plugins/com.st.stm32cube.ide.mcu.externaltools.gnu-tools-for-stm32.11.3.rel1.win32_1.1.100.202309141235/tools/bin/../lib/gcc/arm-none-eabi/11.3.1/thumb/v6-m/nofp\libgcc.a
LOAD C:/ST/STM32CubeIDE_1.14.0/STM32CubeIDE/plugins/com.st.stm32cube.ide.mcu.externaltools.gnu-tools-for-stm32.11.3.rel1.win32_1.1.100.202309141235/tools/bin/../lib/gcc/arm-none-eabi/11.3.1/../../../../arm-none-eabi/lib/thumb/v6-m/nofp\libc_nano.a
LOAD C:/ST/STM32CubeIDE_1.14.0/STM32CubeIDE/plugins/com.st.stm32cube.ide.mcu.externaltools.gnu-tools-for-stm32.11.3.rel1.win32_1.1.100.202309141235/tools/bin/../lib/gcc/arm-none-eabi/11.3.1/../../../../arm-none-eabi/lib/thumb/v6-m/nofp\libnosys.a
END GROUP
LOAD C:/ST/STM32CubeIDE_1.14.0/STM32CubeIDE/plugins/com.st.stm32cube.ide.mcu.externaltools.gnu-tools-for-stm32.11.3.rel1.win32_1.1.100.202309141235/tools/bin/../lib/gcc/arm-none-eabi/11.3.1/thumb/v6-m/nofp/crtend.o
LOAD C:/ST/STM32CubeIDE_1.14.0/STM32CubeIDE/plugins/com.st.stm32cube.ide.mcu.externaltools.gnu-tools-for-stm32.11.3.rel1.win32_1.1.100.202309141235/tools/bin/../lib/gcc/arm-none-eabi/11.3.1/thumb/v6-m/nofp/crtn.o
                0x0000000020004000                _estack = 0x20004000
                0x0000000000000000                _Min_Heap_Size = 0x0
                0x0000000000000080                _Min_Stack_Size = 0x80

.isr_vector     0x0000000008000000       0xc0
                0x0000000008000000                . = ALIGN (0x4)
 *(.isr_vector)
 .isr_vector    0x0000000008000000       0xc0 ./cmsis/device/src/startup_stm32f072xb.o
                0x0000000008000000                g_pfnVectors
                0x00000000080000c0                . = ALIGN (0x4)

.text           0x00000000080000c0     0x5170
                0x00000000080000c0                . = ALIGN (0x4)
 *(.text)
 .text          0x00000000080000c0       0x48 C:/ST/STM32CubeIDE_1.14.0/STM32CubeIDE/plugins/com.st.stm32cube.ide.mcu.externaltools.gnu-tools-for-stm32.11.3.rel1.win32_1.1.100.202309141235/tools/bin/../lib/gcc/arm-none-eabi/11.3.1/thumb/v6-m/nofp/crtbegin.o
 *(.text*)
 .text.xEventGroupSetBits.part.0
                0x0000000008000108       0xbc ./FreeRTOS/event_groups.o
 .text.xEventGroupCreate
                0x00000000080001c4       0x68 ./FreeRTOS/event_groups.o
                0x00000000080001c4                xEventGroupCreate
 .text.xEventGroupWaitBits
                0x000000000800022c      0x174 ./FreeRTOS/event_groups.o
                0x000000000800022c                xEventGroupWaitBits
 .text.xEventGroupSetBits
                0x00000000080003a0       0x18 ./FreeRTOS/event_groups.o
                0x00000000080003a0                xEventGroupSetBits
 .text.uxEventGroupGetNumber
                0x00000000080003b8        0xc ./FreeRTOS/event_groups.o
                0x00000000080003b8                uxEventGroupGetNumber
 .text.vEventGroupSetNumber
                0x00000000080003c4        0x4 ./FreeRTOS/event_groups.o
                0x00000000080003c4                vEventGroupSetNumber
 .text.vListInitialise
                0x00000000080003c8       0x18 ./FreeRTOS/list.o
                0x00000000080003c8                vListInitialise
 .text.vListInitialiseItem
                0x00000000080003e0        0x8 ./FreeRTOS/list.o
                0x00000000080003e0                vListInitialiseItem
 .text.vListInsertEnd
                0x00000000080003e8       0x18 ./FreeRTOS/list.o
                0x00000000080003e8                vListInsertEnd
 .text.vListInsert
                0x0000000008000400       0x30 ./FreeRTOS/list.o
                0x0000000008000400                vListInsert
 .text.uxListRemove
                0x0000000008000430       0x24 ./FreeRTOS/list.o
                0x0000000008000430                uxListRemove
 .text.prvCopyDataToQueue
                0x0000000008000454       0x74 ./FreeRTOS/queue.o
 .text.xQueueGenericCreate
                0x00000000080004c8      0x144 ./FreeRTOS/queue.o
                0x00000000080004c8                xQueueGenericCreate
 .text.xQueueGenericSend
                0x000000000800060c      0x408 ./FreeRTOS/queue.o
                0x000000000800060c                xQueueGenericSend
 .text.xQueueCreateMutex
                0x0000000008000a14      0x124 ./FreeRTOS/queue.o
                0x0000000008000a14                xQueueCreateMutex
 .text.xQueueGiveFromISR
                0x0000000008000b38       0xf4 ./FreeRTOS/queue.o
                0x0000000008000b38                xQueueGiveFromISR
 .text.xQueueReceive
                0x0000000008000c2c      0x41c ./FreeRTOS/queue.o
                0x0000000008000c2c                xQueueReceive
 .text.xQueueSemaphoreTake
                0x0000000008001048      0x498 ./FreeRTOS/queue.o
                0x0000000008001048                xQueueSemaphoreTake
 .text.uxQueueGetQueueNumber
                0x00000000080014e0        0x4 ./FreeRTOS/queue.o
                0x00000000080014e0                uxQueueGetQueueNumber
 .text.vQueueSetQueueNumber
                0x00000000080014e4        0x4 ./FreeRTOS/queue.o
                0x00000000080014e4                vQueueSetQueueNumber
 .text.vQueueWaitForMessageRestricted
                0x00000000080014e8       0xd0 ./FreeRTOS/queue.o
                0x00000000080014e8                vQueueWaitForMessageRestricted
 .text.prvIdleTask
                0x00000000080015b8       0x60 ./FreeRTOS/tasks.o
 .text.vTaskSwitchContext.part.0
                0x0000000008001618       0xe8 ./FreeRTOS/tasks.o
 .text.xTaskCreate
                0x0000000008001700      0x29c ./FreeRTOS/tasks.o
                0x0000000008001700                xTaskCreate
 .text.vTaskStartScheduler
                0x000000000800199c      0x274 ./FreeRTOS/tasks.o
                0x000000000800199c                vTaskStartScheduler
 .text.vTaskSuspendAll
                0x0000000008001c10       0x10 ./FreeRTOS/tasks.o
                0x0000000008001c10                vTaskSuspendAll
 .text.xTaskGetTickCount
                0x0000000008001c20        0xc ./FreeRTOS/tasks.o
                0x0000000008001c20                xTaskGetTickCount
 .text.xTaskIncrementTick
                0x0000000008001c2c      0x1c4 ./FreeRTOS/tasks.o
                0x0000000008001c2c                xTaskIncrementTick
 .text.xTaskResumeAll.part.0
                0x0000000008001df0      0x138 ./FreeRTOS/tasks.o
 .text.xTaskResumeAll
                0x0000000008001f28       0x18 ./FreeRTOS/tasks.o
                0x0000000008001f28                xTaskResumeAll
 .text.vTaskDelayUntil
                0x0000000008001f40       0xd8 ./FreeRTOS/tasks.o
                0x0000000008001f40                vTaskDelayUntil
 .text.vTaskDelay
                0x0000000008002018       0xa4 ./FreeRTOS/tasks.o
                0x0000000008002018                vTaskDelay
 .text.vTaskSwitchContext
                0x00000000080020bc       0x20 ./FreeRTOS/tasks.o
                0x00000000080020bc                vTaskSwitchContext
 .text.vTaskPlaceOnEventList
                0x00000000080020dc       0x7c ./FreeRTOS/tasks.o
                0x00000000080020dc                vTaskPlaceOnEventList
 .text.vTaskPlaceOnUnorderedEventList
                0x0000000008002158       0x94 ./FreeRTOS/tasks.o
                0x0000000008002158                vTaskPlaceOnUnorderedEventList
 .text.vTaskPlaceOnEventListRestricted
                0x00000000080021ec       0xd8 ./FreeRTOS/tasks.o
                0x00000000080021ec                vTaskPlaceOnEventListRestricted
 .text.xTaskRemoveFromEventList
                0x00000000080022c4       0x9c ./FreeRTOS/tasks.o
                0x00000000080022c4                xTaskRemoveFromEventList
 .text.vTaskRemoveFromUnorderedEventList
                0x0000000008002360       0x8c ./FreeRTOS/tasks.o
                0x0000000008002360                vTaskRemoveFromUnorderedEventList
 .text.vTaskInternalSetTimeOutState
                0x00000000080023ec       0x18 ./FreeRTOS/tasks.o
                0x00000000080023ec                vTaskInternalSetTimeOutState
 .text.xTaskCheckForTimeOut
                0x0000000008002404       0x74 ./FreeRTOS/tasks.o
                0x0000000008002404                xTaskCheckForTimeOut
 .text.vTaskMissedYield
                0x0000000008002478        0xc ./FreeRTOS/tasks.o
                0x0000000008002478                vTaskMissedYield
 .text.uxTaskGetTaskNumber
                0x0000000008002484        0xc ./FreeRTOS/tasks.o
                0x0000000008002484                uxTaskGetTaskNumber
 .text.vTaskSetTaskNumber
                0x0000000008002490        0x8 ./FreeRTOS/tasks.o
                0x0000000008002490                vTaskSetTaskNumber
 .text.xTaskGetCurrentTaskHandle
                0x0000000008002498        0xc ./FreeRTOS/tasks.o
                0x0000000008002498                xTaskGetCurrentTaskHandle
 .text.xTaskGetSchedulerState
                0x00000000080024a4       0x20 ./FreeRTOS/tasks.o
                0x00000000080024a4                xTaskGetSchedulerState
 .text.xTaskPriorityInherit
                0x00000000080024c4       0xd8 ./FreeRTOS/tasks.o
                0x00000000080024c4                xTaskPriorityInherit
 .text.xTaskPriorityDisinherit
                0x000000000800259c       0xb0 ./FreeRTOS/tasks.o
                0x000000000800259c                xTaskPriorityDisinherit
 .text.vTaskPriorityDisinheritAfterTimeout
                0x000000000800264c       0xc4 ./FreeRTOS/tasks.o
                0x000000000800264c                vTaskPriorityDisinheritAfterTimeout
 .text.uxTaskResetEventItemValue
                0x0000000008002710       0x18 ./FreeRTOS/tasks.o
                0x0000000008002710                uxTaskResetEventItemValue
 .text.pvTaskIncrementMutexHeldCount
                0x0000000008002728       0x18 ./FreeRTOS/tasks.o
                0x0000000008002728                pvTaskIncrementMutexHeldCount
 .text.prvSwitchTimerLists
                0x0000000008002740       0xa4 ./FreeRTOS/timers.o
 .text.prvTimerTask
                0x00000000080027e4      0x270 ./FreeRTOS/timers.o
 .text.xTimerCreateTimerTask
                0x0000000008002a54       0x80 ./FreeRTOS/timers.o
                0x0000000008002a54                xTimerCreateTimerTask
 .text.prvTaskExitError
                0x0000000008002ad4       0x24 ./FreeRTOS/portable/GCC/ARM_CM0/port.o
 *fill*         0x0000000008002af8        0x8 
 .text.vPortStartFirstTask
                0x0000000008002b00       0x34 ./FreeRTOS/portable/GCC/ARM_CM0/port.o
 .text.pxPortInitialiseStack
                0x0000000008002b34       0x20 ./FreeRTOS/portable/GCC/ARM_CM0/port.o
                0x0000000008002b34                pxPortInitialiseStack
 .text.SVC_Handler
                0x0000000008002b54        0x4 ./FreeRTOS/portable/GCC/ARM_CM0/port.o
                0x0000000008002b54                SVC_Handler
 .text.xPortStartScheduler
                0x0000000008002b58       0x6c ./FreeRTOS/portable/GCC/ARM_CM0/port.o
                0x0000000008002b58                xPortStartScheduler
 .text.vPortYield
                0x0000000008002bc4       0x18 ./FreeRTOS/portable/GCC/ARM_CM0/port.o
                0x0000000008002bc4                vPortYield
 .text.vPortEnterCritical
                0x0000000008002bdc       0x18 ./FreeRTOS/portable/GCC/ARM_CM0/port.o
                0x0000000008002bdc                vPortEnterCritical
 .text.vPortExitCritical
                0x0000000008002bf4       0x1c ./FreeRTOS/portable/GCC/ARM_CM0/port.o
                0x0000000008002bf4                vPortExitCritical
 .text.ulSetInterruptMaskFromISR
                0x0000000008002c10        0x8 ./FreeRTOS/portable/GCC/ARM_CM0/port.o
                0x0000000008002c10                ulSetInterruptMaskFromISR
 .text.vClearInterruptMaskFromISR
                0x0000000008002c18        0x8 ./FreeRTOS/portable/GCC/ARM_CM0/port.o
                0x0000000008002c18                vClearInterruptMaskFromISR
 .text.PendSV_Handler
                0x0000000008002c20       0x44 ./FreeRTOS/portable/GCC/ARM_CM0/port.o
                0x0000000008002c20                PendSV_Handler
 .text.SysTick_Handler
                0x0000000008002c64       0x24 ./FreeRTOS/portable/GCC/ARM_CM0/port.o
                0x0000000008002c64                SysTick_Handler
 .text.pvPortMalloc
                0x0000000008002c88       0x54 ./FreeRTOS/portable/MemMang/heap_1.o
                0x0000000008002c88                pvPortMalloc
 .text.vPortFree
                0x0000000008002cdc        0xc ./FreeRTOS/portable/MemMang/heap_1.o
                0x0000000008002cdc                vPortFree
 .text.xPortGetFreeHeapSize
                0x0000000008002ce8       0x14 ./FreeRTOS/portable/MemMang/heap_1.o
                0x0000000008002ce8                xPortGetFreeHeapSize
 .text.SEGGER_RTT_Read
                0x0000000008002cfc      0x148 ./TraceRecorder/streamports/Jlink_RTT/SEGGER_RTT.o
                0x0000000008002cfc                SEGGER_RTT_Read
 .text.SEGGER_RTT_Write
                0x0000000008002e44      0x248 ./TraceRecorder/streamports/Jlink_RTT/SEGGER_RTT.o
                0x0000000008002e44                SEGGER_RTT_Write
 .text.SEGGER_RTT_ConfigUpBuffer
                0x000000000800308c       0xc8 ./TraceRecorder/streamports/Jlink_RTT/SEGGER_RTT.o
                0x000000000800308c                SEGGER_RTT_ConfigUpBuffer
 .text.SEGGER_RTT_ConfigDownBuffer
                0x0000000008003154       0xc4 ./TraceRecorder/streamports/Jlink_RTT/SEGGER_RTT.o
                0x0000000008003154                SEGGER_RTT_ConfigDownBuffer
 .text.readFromRTT
                0x0000000008003218       0x2c ./TraceRecorder/streamports/Jlink_RTT/trcStreamingPort.o
                0x0000000008003218                readFromRTT
 .text.writeToRTT
                0x0000000008003244       0x18 ./TraceRecorder/streamports/Jlink_RTT/trcStreamingPort.o
                0x0000000008003244                writeToRTT
 .text.TzCtrl   0x000000000800325c       0xc0 ./TraceRecorder/trcKernelPort.o
 .text.prvTraceGetTaskNumberHigh16
                0x000000000800331c        0xc ./TraceRecorder/trcKernelPort.o
                0x000000000800331c                prvTraceGetTaskNumberHigh16
 .text.prvTraceSetTaskNumberHigh16
                0x0000000008003328       0x1c ./TraceRecorder/trcKernelPort.o
                0x0000000008003328                prvTraceSetTaskNumberHigh16
 .text.prvTraceGetQueueNumberHigh16
                0x0000000008003344        0xc ./TraceRecorder/trcKernelPort.o
                0x0000000008003344                prvTraceGetQueueNumberHigh16
 .text.prvTraceSetQueueNumberHigh16
                0x0000000008003350       0x1c ./TraceRecorder/trcKernelPort.o
                0x0000000008003350                prvTraceSetQueueNumberHigh16
 .text.prvTraceGetEventGroupNumberHigh16
                0x000000000800336c        0xc ./TraceRecorder/trcKernelPort.o
                0x000000000800336c                prvTraceGetEventGroupNumberHigh16
 .text.prvTraceSetEventGroupNumberHigh16
                0x0000000008003378       0x1c ./TraceRecorder/trcKernelPort.o
                0x0000000008003378                prvTraceSetEventGroupNumberHigh16
 .text.vTraceEnable
                0x0000000008003394       0xd8 ./TraceRecorder/trcKernelPort.o
                0x0000000008003394                vTraceEnable
 .text.vTraceSetQueueName
                0x000000000800346c        0x8 ./TraceRecorder/trcKernelPort.o
                0x000000000800346c                vTraceSetQueueName
 .text.vTraceSetSemaphoreName
                0x0000000008003474        0x8 ./TraceRecorder/trcKernelPort.o
                0x0000000008003474                vTraceSetSemaphoreName
 .text.vTraceSetMutexName
                0x000000000800347c        0x8 ./TraceRecorder/trcKernelPort.o
                0x000000000800347c                vTraceSetMutexName
 .text.prvTraceGetCurrentTaskHandle
                0x0000000008003484        0x8 ./TraceRecorder/trcKernelPort.o
                0x0000000008003484                prvTraceGetCurrentTaskHandle
 .text.prvIsNewTCB
                0x000000000800348c       0x18 ./TraceRecorder/trcKernelPort.o
                0x000000000800348c                prvIsNewTCB
 .text.prvTraceStoreStringEventHelper
                0x00000000080034a4      0x134 ./TraceRecorder/trcStreamingRecorder.o
 .text.prvTraceStoreStringEvent.constprop.1
                0x00000000080035d8       0xe8 ./TraceRecorder/trcStreamingRecorder.o
 .text.vTraceStop
                0x00000000080036c0       0x20 ./TraceRecorder/trcStreamingRecorder.o
                0x00000000080036c0                vTraceStop
 .text.xTraceIsRecordingEnabled
                0x00000000080036e0        0xc ./TraceRecorder/trcStreamingRecorder.o
                0x00000000080036e0                xTraceIsRecordingEnabled
 .text.prvTraceStoreStringEvent
                0x00000000080036ec       0x3c ./TraceRecorder/trcStreamingRecorder.o
                0x00000000080036ec                prvTraceStoreStringEvent
 .text.prvTraceStoreSimpleStringEventHelper
                0x0000000008003728      0x108 ./TraceRecorder/trcStreamingRecorder.o
                0x0000000008003728                prvTraceStoreSimpleStringEventHelper
 .text.prvTraceStoreEvent0
                0x0000000008003830       0xd4 ./TraceRecorder/trcStreamingRecorder.o
                0x0000000008003830                prvTraceStoreEvent0
 .text.prvTraceStoreEvent1
                0x0000000008003904       0xd8 ./TraceRecorder/trcStreamingRecorder.o
                0x0000000008003904                prvTraceStoreEvent1
 .text.prvTraceStoreEvent2
                0x00000000080039dc       0xe0 ./TraceRecorder/trcStreamingRecorder.o
                0x00000000080039dc                prvTraceStoreEvent2
 .text.prvTraceStoreEvent3
                0x0000000008003abc       0xf0 ./TraceRecorder/trcStreamingRecorder.o
                0x0000000008003abc                prvTraceStoreEvent3
 .text.prvTraceSaveObjectSymbol
                0x0000000008003bac       0x90 ./TraceRecorder/trcStreamingRecorder.o
                0x0000000008003bac                prvTraceSaveObjectSymbol
 .text.vTraceStoreKernelObjectName
                0x0000000008003c3c       0x18 ./TraceRecorder/trcStreamingRecorder.o
                0x0000000008003c3c                vTraceStoreKernelObjectName
 .text.xTraceRegisterString
                0x0000000008003c54       0x44 ./TraceRecorder/trcStreamingRecorder.o
                0x0000000008003c54                xTraceRegisterString
 .text.prvTraceSaveObjectData
                0x0000000008003c98       0x80 ./TraceRecorder/trcStreamingRecorder.o
                0x0000000008003c98                prvTraceSaveObjectData
 .text.prvIsValidCommand
                0x0000000008003d18       0x3c ./TraceRecorder/trcStreamingRecorder.o
                0x0000000008003d18                prvIsValidCommand
 .text.prvProcessCommand
                0x0000000008003d54      0x59c ./TraceRecorder/trcStreamingRecorder.o
                0x0000000008003d54                prvProcessCommand
 .text.prvTraceWarning
                0x00000000080042f0       0x3c ./TraceRecorder/trcStreamingRecorder.o
                0x00000000080042f0                prvTraceWarning
 .text.prvTraceError
                0x000000000800432c       0x70 ./TraceRecorder/trcStreamingRecorder.o
                0x000000000800432c                prvTraceError
 .text.vArriveeCartons
                0x000000000800439c      0x204 ./app/src/main.o
                0x000000000800439c                vArriveeCartons
 .text.vPoussoir
                0x00000000080045a0      0x13c ./app/src/main.o
                0x00000000080045a0                vPoussoir
 .text.vPaletteHorizontal
                0x00000000080046dc      0x128 ./app/src/main.o
                0x00000000080046dc                vPaletteHorizontal
 .text.vEtau    0x0000000008004804      0x188 ./app/src/main.o
                0x0000000008004804                vEtau
 .text.vAscenseur
                0x000000000800498c      0x1b0 ./app/src/main.o
                0x000000000800498c                vAscenseur
 .text.vTask_Write
                0x0000000008004b3c       0xb8 ./app/src/main.o
                0x0000000008004b3c                vTask_Write
 .text.vTask_Pub
                0x0000000008004bf4      0x110 ./app/src/main.o
                0x0000000008004bf4                vTask_Pub
 .text.startup.main
                0x0000000008004d04      0x240 ./app/src/main.o
                0x0000000008004d04                main
 .text.NMI_Handler
                0x0000000008004f44        0x4 ./app/src/stm32f0xx_it.o
                0x0000000008004f44                NMI_Handler
 .text.HardFault_Handler
                0x0000000008004f48        0x4 ./app/src/stm32f0xx_it.o
                0x0000000008004f48                HardFault_Handler
 .text.DMA1_Channel4_5_6_7_IRQHandler
                0x0000000008004f4c       0x40 ./app/src/stm32f0xx_it.o
                0x0000000008004f4c                DMA1_Channel4_5_6_7_IRQHandler
 .text.BSP_Console_Init
                0x0000000008004f8c       0xec ./bsp/src/bsp.o
                0x0000000008004f8c                BSP_Console_Init
 .text.BSP_DELAY_TIM_init
                0x0000000008005078       0x2c ./bsp/src/delay.o
                0x0000000008005078                BSP_DELAY_TIM_init
 .text.FACTORY_IO_Actuators_Set
                0x00000000080050a4       0x2c ./bsp/src/factory_io.o
                0x00000000080050a4                FACTORY_IO_Actuators_Set
 .text.FACTORY_IO_Sensors_Check
                0x00000000080050d0       0x28 ./bsp/src/factory_io.o
                0x00000000080050d0                FACTORY_IO_Sensors_Check
 .text.Reset_Handler
                0x00000000080050f8       0x50 ./cmsis/device/src/startup_stm32f072xb.o
                0x00000000080050f8                Reset_Handler
 .text.Default_Handler
                0x0000000008005148        0x2 ./cmsis/device/src/startup_stm32f072xb.o
                0x0000000008005148                TIM1_CC_IRQHandler
                0x0000000008005148                TSC_IRQHandler
                0x0000000008005148                ADC1_COMP_IRQHandler
                0x0000000008005148                I2C1_IRQHandler
                0x0000000008005148                RCC_CRS_IRQHandler
                0x0000000008005148                SPI1_IRQHandler
                0x0000000008005148                TIM6_DAC_IRQHandler
                0x0000000008005148                USART3_4_IRQHandler
                0x0000000008005148                EXTI2_3_IRQHandler
                0x0000000008005148                I2C2_IRQHandler
                0x0000000008005148                TIM17_IRQHandler
                0x0000000008005148                CEC_CAN_IRQHandler
                0x0000000008005148                RTC_IRQHandler
                0x0000000008005148                PVD_VDDIO2_IRQHandler
                0x0000000008005148                TIM16_IRQHandler
                0x0000000008005148                TIM3_IRQHandler
                0x0000000008005148                EXTI4_15_IRQHandler
                0x0000000008005148                DMA1_Channel1_IRQHandler
                0x0000000008005148                Default_Handler
                0x0000000008005148                TIM14_IRQHandler
                0x0000000008005148                TIM7_IRQHandler
                0x0000000008005148                TIM15_IRQHandler
                0x0000000008005148                EXTI0_1_IRQHandler
                0x0000000008005148                USB_IRQHandler
                0x0000000008005148                SPI2_IRQHandler
                0x0000000008005148                WWDG_IRQHandler
                0x0000000008005148                TIM2_IRQHandler
                0x0000000008005148                DMA1_Channel2_3_IRQHandler
                0x0000000008005148                USART2_IRQHandler
                0x0000000008005148                FLASH_IRQHandler
                0x0000000008005148                USART1_IRQHandler
                0x0000000008005148                TIM1_BRK_UP_TRG_COM_IRQHandler
 *fill*         0x000000000800514a        0x2 
 .text.SystemInit
                0x000000000800514c       0x60 ./cmsis/device/src/system_stm32f0xx.o
                0x000000000800514c                SystemInit
 .text.memset   0x00000000080051ac       0x10 C:/ST/STM32CubeIDE_1.14.0/STM32CubeIDE/plugins/com.st.stm32cube.ide.mcu.externaltools.gnu-tools-for-stm32.11.3.rel1.win32_1.1.100.202309141235/tools/bin/../lib/gcc/arm-none-eabi/11.3.1/../../../../arm-none-eabi/lib/thumb/v6-m/nofp\libc_nano.a(libc_a-memset.o)
                0x00000000080051ac                memset
 .text.__libc_init_array
                0x00000000080051bc       0x48 C:/ST/STM32CubeIDE_1.14.0/STM32CubeIDE/plugins/com.st.stm32cube.ide.mcu.externaltools.gnu-tools-for-stm32.11.3.rel1.win32_1.1.100.202309141235/tools/bin/../lib/gcc/arm-none-eabi/11.3.1/../../../../arm-none-eabi/lib/thumb/v6-m/nofp\libc_nano.a(libc_a-init.o)
                0x00000000080051bc                __libc_init_array
 .text.memcpy   0x0000000008005204       0x12 C:/ST/STM32CubeIDE_1.14.0/STM32CubeIDE/plugins/com.st.stm32cube.ide.mcu.externaltools.gnu-tools-for-stm32.11.3.rel1.win32_1.1.100.202309141235/tools/bin/../lib/gcc/arm-none-eabi/11.3.1/../../../../arm-none-eabi/lib/thumb/v6-m/nofp\libc_nano.a(libc_a-memcpy-stub.o)
                0x0000000008005204                memcpy
 *(.glue_7)
 .glue_7        0x0000000008005216        0x0 linker stubs
 *(.glue_7t)
 .glue_7t       0x0000000008005216        0x0 linker stubs
 *(.eh_frame)
 *fill*         0x0000000008005216        0x2 
 .eh_frame      0x0000000008005218        0x0 C:/ST/STM32CubeIDE_1.14.0/STM32CubeIDE/plugins/com.st.stm32cube.ide.mcu.externaltools.gnu-tools-for-stm32.11.3.rel1.win32_1.1.100.202309141235/tools/bin/../lib/gcc/arm-none-eabi/11.3.1/thumb/v6-m/nofp/crtbegin.o
 *(.init)
 .init          0x0000000008005218        0x4 C:/ST/STM32CubeIDE_1.14.0/STM32CubeIDE/plugins/com.st.stm32cube.ide.mcu.externaltools.gnu-tools-for-stm32.11.3.rel1.win32_1.1.100.202309141235/tools/bin/../lib/gcc/arm-none-eabi/11.3.1/thumb/v6-m/nofp/crti.o
                0x0000000008005218                _init
 .init          0x000000000800521c        0x8 C:/ST/STM32CubeIDE_1.14.0/STM32CubeIDE/plugins/com.st.stm32cube.ide.mcu.externaltools.gnu-tools-for-stm32.11.3.rel1.win32_1.1.100.202309141235/tools/bin/../lib/gcc/arm-none-eabi/11.3.1/thumb/v6-m/nofp/crtn.o
 *(.fini)
 .fini          0x0000000008005224        0x4 C:/ST/STM32CubeIDE_1.14.0/STM32CubeIDE/plugins/com.st.stm32cube.ide.mcu.externaltools.gnu-tools-for-stm32.11.3.rel1.win32_1.1.100.202309141235/tools/bin/../lib/gcc/arm-none-eabi/11.3.1/thumb/v6-m/nofp/crti.o
                0x0000000008005224                _fini
 .fini          0x0000000008005228        0x8 C:/ST/STM32CubeIDE_1.14.0/STM32CubeIDE/plugins/com.st.stm32cube.ide.mcu.externaltools.gnu-tools-for-stm32.11.3.rel1.win32_1.1.100.202309141235/tools/bin/../lib/gcc/arm-none-eabi/11.3.1/thumb/v6-m/nofp/crtn.o
                0x0000000008005230                . = ALIGN (0x4)
                0x0000000008005230                _etext = .

.vfp11_veneer   0x0000000008005230        0x0
 .vfp11_veneer  0x0000000008005230        0x0 linker stubs

.v4_bx          0x0000000008005230        0x0
 .v4_bx         0x0000000008005230        0x0 linker stubs

.iplt           0x0000000008005230        0x0
 .iplt          0x0000000008005230        0x0 C:/ST/STM32CubeIDE_1.14.0/STM32CubeIDE/plugins/com.st.stm32cube.ide.mcu.externaltools.gnu-tools-for-stm32.11.3.rel1.win32_1.1.100.202309141235/tools/bin/../lib/gcc/arm-none-eabi/11.3.1/thumb/v6-m/nofp/crtbegin.o

.rodata         0x0000000008005230      0x3ec
                0x0000000008005230                . = ALIGN (0x4)
 *(.rodata)
 *(.rodata*)
 .rodata.prvTimerTask
                0x0000000008005230       0x28 ./FreeRTOS/timers.o
 .rodata.xTimerCreateTimerTask.str1.4
                0x0000000008005258        0x8 ./FreeRTOS/timers.o
 .rodata.SEGGER_RTT_ReadNoLock.str1.4
                0x0000000008005260       0x17 ./TraceRecorder/streamports/Jlink_RTT/SEGGER_RTT.o
 *fill*         0x0000000008005277        0x1 
 .rodata.vTraceEnable.str1.4
                0x0000000008005278       0x15 ./TraceRecorder/trcKernelPort.o
 *fill*         0x000000000800528d        0x3 
 .rodata.vTraceStoreISRBegin.str1.4
                0x0000000008005290       0x50 ./TraceRecorder/trcStreamingRecorder.o
 .rodata.vTraceVPrintF.str1.4
                0x00000000080052e0       0x2a ./TraceRecorder/trcStreamingRecorder.o
 *fill*         0x000000000800530a        0x2 
 .rodata.prvProcessCommand.str1.4
                0x000000000800530c       0x66 ./TraceRecorder/trcStreamingRecorder.o
 *fill*         0x0000000008005372        0x2 
 .rodata.str1.4
                0x0000000008005374      0x1af ./TraceRecorder/trcStreamingRecorder.o
 *fill*         0x0000000008005523        0x1 
 .rodata.CSWTCH.171
                0x0000000008005524       0x38 ./TraceRecorder/trcStreamingRecorder.o
 .rodata.main.str1.4
                0x000000000800555c       0xbf ./app/src/main.o
                                         0xed (size before relaxing)
                0x000000000800561c                . = ALIGN (0x4)
 *fill*         0x000000000800561b        0x1 

.rel.dyn        0x000000000800561c        0x0
 .rel.iplt      0x000000000800561c        0x0 C:/ST/STM32CubeIDE_1.14.0/STM32CubeIDE/plugins/com.st.stm32cube.ide.mcu.externaltools.gnu-tools-for-stm32.11.3.rel1.win32_1.1.100.202309141235/tools/bin/../lib/gcc/arm-none-eabi/11.3.1/thumb/v6-m/nofp/crtbegin.o

.ARM.extab
 *(.ARM.extab* .gnu.linkonce.armextab.*)

.ARM            0x000000000800561c        0x0
                0x000000000800561c                __exidx_start = .
 *(.ARM.exidx*)
                0x000000000800561c                __exidx_end = .

.preinit_array  0x000000000800561c        0x0
                0x000000000800561c                PROVIDE (__preinit_array_start = .)
 *(.preinit_array*)
                0x000000000800561c                PROVIDE (__preinit_array_end = .)

.init_array     0x000000000800561c        0x4
                0x000000000800561c                PROVIDE (__init_array_start = .)
 *(SORT_BY_NAME(.init_array.*))
 *(.init_array*)
 .init_array    0x000000000800561c        0x4 C:/ST/STM32CubeIDE_1.14.0/STM32CubeIDE/plugins/com.st.stm32cube.ide.mcu.externaltools.gnu-tools-for-stm32.11.3.rel1.win32_1.1.100.202309141235/tools/bin/../lib/gcc/arm-none-eabi/11.3.1/thumb/v6-m/nofp/crtbegin.o
                0x0000000008005620                PROVIDE (__init_array_end = .)

.fini_array     0x0000000008005620        0x4
                [!provide]                        PROVIDE (__fini_array_start = .)
 *(SORT_BY_NAME(.fini_array.*))
 *(.fini_array*)
 .fini_array    0x0000000008005620        0x4 C:/ST/STM32CubeIDE_1.14.0/STM32CubeIDE/plugins/com.st.stm32cube.ide.mcu.externaltools.gnu-tools-for-stm32.11.3.rel1.win32_1.1.100.202309141235/tools/bin/../lib/gcc/arm-none-eabi/11.3.1/thumb/v6-m/nofp/crtbegin.o
                [!provide]                        PROVIDE (__fini_array_end = .)
                0x0000000008005624                _sidata = LOADADDR (.data)

.data           0x0000000020000000       0x10 load address 0x0000000008005624
                0x0000000020000000                . = ALIGN (0x4)
                0x0000000020000000                _sdata = .
 *(.data)
 *(.data*)
 .data.uxCriticalNesting
                0x0000000020000000        0x4 ./FreeRTOS/portable/GCC/ARM_CM0/port.o
 .data.CurrentFilterGroup
                0x0000000020000004        0x2 ./TraceRecorder/trcStreamingRecorder.o
                0x0000000020000004                CurrentFilterGroup
 .data.CurrentFilterMask
                0x0000000020000006        0x2 ./TraceRecorder/trcStreamingRecorder.o
                0x0000000020000006                CurrentFilterMask
 .data.ISR_stack_index
                0x0000000020000008        0x1 ./TraceRecorder/trcStreamingRecorder.o
 *fill*         0x0000000020000009        0x3 
 .data.PSFExtensionInfo
                0x000000002000000c        0x4 ./TraceRecorder/trcStreamingRecorder.o
                0x000000002000000c                PSFExtensionInfo
                0x0000000020000010                . = ALIGN (0x4)
                0x0000000020000010                _edata = .

.igot.plt       0x0000000020000010        0x0 load address 0x0000000008005634
 .igot.plt      0x0000000020000010        0x0 C:/ST/STM32CubeIDE_1.14.0/STM32CubeIDE/plugins/com.st.stm32cube.ide.mcu.externaltools.gnu-tools-for-stm32.11.3.rel1.win32_1.1.100.202309141235/tools/bin/../lib/gcc/arm-none-eabi/11.3.1/thumb/v6-m/nofp/crtbegin.o
                0x0000000020000010                . = ALIGN (0x4)

.bss            0x0000000020000010     0x38e0 load address 0x0000000008005634
                0x0000000020000010                _sbss = .
                0x0000000020000010                __bss_start__ = _sbss
 *(.bss)
 .bss           0x0000000020000010       0x1c C:/ST/STM32CubeIDE_1.14.0/STM32CubeIDE/plugins/com.st.stm32cube.ide.mcu.externaltools.gnu-tools-for-stm32.11.3.rel1.win32_1.1.100.202309141235/tools/bin/../lib/gcc/arm-none-eabi/11.3.1/thumb/v6-m/nofp/crtbegin.o
 *(.bss*)
 .bss.pxCurrentTCB
                0x000000002000002c        0x4 ./FreeRTOS/tasks.o
                0x000000002000002c                pxCurrentTCB
 .bss.pxDelayedTaskList
                0x0000000020000030        0x4 ./FreeRTOS/tasks.o
 .bss.pxOverflowDelayedTaskList
                0x0000000020000034        0x4 ./FreeRTOS/tasks.o
 .bss.pxReadyTasksLists
                0x0000000020000038       0x64 ./FreeRTOS/tasks.o
 .bss.uxCurrentNumberOfTasks
                0x000000002000009c        0x4 ./FreeRTOS/tasks.o
 .bss.uxDeletedTasksWaitingCleanUp
                0x00000000200000a0        0x4 ./FreeRTOS/tasks.o
 .bss.uxPendedTicks
                0x00000000200000a4        0x4 ./FreeRTOS/tasks.o
 .bss.uxSchedulerSuspended
                0x00000000200000a8        0x4 ./FreeRTOS/tasks.o
 .bss.uxTaskNumber
                0x00000000200000ac        0x4 ./FreeRTOS/tasks.o
 .bss.uxTopReadyPriority
                0x00000000200000b0        0x4 ./FreeRTOS/tasks.o
 .bss.xDelayedTaskList1
                0x00000000200000b4       0x14 ./FreeRTOS/tasks.o
 .bss.xDelayedTaskList2
                0x00000000200000c8       0x14 ./FreeRTOS/tasks.o
 .bss.xIdleTaskHandle
                0x00000000200000dc        0x4 ./FreeRTOS/tasks.o
 .bss.xNextTaskUnblockTime
                0x00000000200000e0        0x4 ./FreeRTOS/tasks.o
 .bss.xNumOfOverflows
                0x00000000200000e4        0x4 ./FreeRTOS/tasks.o
 .bss.xPendingReadyList
                0x00000000200000e8       0x14 ./FreeRTOS/tasks.o
 .bss.xSchedulerRunning
                0x00000000200000fc        0x4 ./FreeRTOS/tasks.o
 .bss.xSuspendedTaskList
                0x0000000020000100       0x14 ./FreeRTOS/tasks.o
 .bss.xTasksWaitingTermination
                0x0000000020000114       0x14 ./FreeRTOS/tasks.o
 .bss.xTickCount
                0x0000000020000128        0x4 ./FreeRTOS/tasks.o
 .bss.xYieldPending
                0x000000002000012c        0x4 ./FreeRTOS/tasks.o
 .bss.pxCurrentTimerList
                0x0000000020000130        0x4 ./FreeRTOS/timers.o
 .bss.pxOverflowTimerList
                0x0000000020000134        0x4 ./FreeRTOS/timers.o
 .bss.xActiveTimerList1
                0x0000000020000138       0x14 ./FreeRTOS/timers.o
 .bss.xActiveTimerList2
                0x000000002000014c       0x14 ./FreeRTOS/timers.o
 .bss.xLastTime.0
                0x0000000020000160        0x4 ./FreeRTOS/timers.o
 .bss.xTimerQueue
                0x0000000020000164        0x4 ./FreeRTOS/timers.o
 .bss.xTimerTaskHandle
                0x0000000020000168        0x4 ./FreeRTOS/timers.o
 .bss.pucAlignedHeap.0
                0x000000002000016c        0x4 ./FreeRTOS/portable/MemMang/heap_1.o
 .bss.ucHeap    0x0000000020000170     0x1c00 ./FreeRTOS/portable/MemMang/heap_1.o
 .bss.xNextFreeByte
                0x0000000020001d70        0x4 ./FreeRTOS/portable/MemMang/heap_1.o
 *fill*         0x0000000020001d74        0x4 
 .bss._SEGGER_RTT
                0x0000000020001d78       0xa8 ./TraceRecorder/streamports/Jlink_RTT/SEGGER_RTT.o
                0x0000000020001d78                _SEGGER_RTT
 .bss._acDownBuffer
                0x0000000020001e20       0x10 ./TraceRecorder/streamports/Jlink_RTT/SEGGER_RTT.o
 .bss._acUpBuffer
                0x0000000020001e30       0x40 ./TraceRecorder/streamports/Jlink_RTT/SEGGER_RTT.o
 .bss.HandleTzCtrl
                0x0000000020001e70        0x4 ./TraceRecorder/trcKernelPort.o
 .bss._TzCtrlData
                0x0000000020001e74       0x20 ./TraceRecorder/trcKernelPort.o
 .bss._TzTraceData
                0x0000000020001e94     0x1388 ./TraceRecorder/trcKernelPort.o
                0x0000000020001e94                _TzTraceData
 .bss.pCurrentTCB
                0x000000002000321c        0x4 ./TraceRecorder/trcKernelPort.o
 .bss.trcWarningChannel
                0x0000000020003220        0x4 ./TraceRecorder/trcKernelPort.o
                0x0000000020003220                trcWarningChannel
 .bss.ErrorAndWarningFlags
                0x0000000020003224        0x4 ./TraceRecorder/trcStreamingRecorder.o
 .bss.LongestSymbolName
                0x0000000020003228        0x4 ./TraceRecorder/trcStreamingRecorder.o
                0x0000000020003228                LongestSymbolName
 .bss.MaxBytesTruncated
                0x000000002000322c        0x4 ./TraceRecorder/trcStreamingRecorder.o
                0x000000002000322c                MaxBytesTruncated
 .bss.NoRoomForObjectData
                0x0000000020003230        0x4 ./TraceRecorder/trcStreamingRecorder.o
                0x0000000020003230                NoRoomForObjectData
 .bss.NoRoomForSymbol
                0x0000000020003234        0x4 ./TraceRecorder/trcStreamingRecorder.o
                0x0000000020003234                NoRoomForSymbol
 .bss.RecorderEnabled
                0x0000000020003238        0x4 ./TraceRecorder/trcStreamingRecorder.o
                0x0000000020003238                RecorderEnabled
 .bss.SessionCounter
                0x000000002000323c        0x4 ./TraceRecorder/trcStreamingRecorder.o
 .bss.errorCode
                0x0000000020003240        0x4 ./TraceRecorder/trcStreamingRecorder.o
 .bss.eventCounter
                0x0000000020003244        0x4 ./TraceRecorder/trcStreamingRecorder.o
 .bss.firstFreeObjectDataTableIndex
                0x0000000020003248        0x4 ./TraceRecorder/trcStreamingRecorder.o
 .bss.firstFreeSymbolTableIndex
                0x000000002000324c        0x4 ./TraceRecorder/trcStreamingRecorder.o
 .bss.objectDataTable
                0x0000000020003250      0x140 ./TraceRecorder/trcStreamingRecorder.o
 .bss.symbolTable
                0x0000000020003390      0x500 ./TraceRecorder/trcStreamingRecorder.o
 .bss.timestampFrequency
                0x0000000020003890        0x4 ./TraceRecorder/trcStreamingRecorder.o
                0x0000000020003890                timestampFrequency
 .bss.trcHeapCounter
                0x0000000020003894        0x4 ./TraceRecorder/trcStreamingRecorder.o
                0x0000000020003894                trcHeapCounter
 .bss.uiTraceSystemState
                0x0000000020003898        0x4 ./TraceRecorder/trcStreamingRecorder.o
                0x0000000020003898                uiTraceSystemState
 .bss.uiTraceTickCount
                0x000000002000389c        0x4 ./TraceRecorder/trcStreamingRecorder.o
                0x000000002000389c                uiTraceTickCount
 .bss.free_heap_size
                0x00000000200038a0        0x4 ./app/src/main.o
                0x00000000200038a0                free_heap_size
 .bss.rx_dma_buffer
                0x00000000200038a4        0xe ./app/src/main.o
                0x00000000200038a4                rx_dma_buffer
 *fill*         0x00000000200038b2        0x2 
 .bss.taskSync  0x00000000200038b4        0x4 ./app/src/main.o
                0x00000000200038b4                taskSync
 .bss.tx_dma_buffer
                0x00000000200038b8        0xe ./app/src/main.o
                0x00000000200038b8                tx_dma_buffer
 *fill*         0x00000000200038c6        0x2 
 .bss.xPublishQueue
                0x00000000200038c8        0x4 ./app/src/main.o
                0x00000000200038c8                xPublishQueue
 .bss.xSemArriveeCartons
                0x00000000200038cc        0x4 ./app/src/main.o
                0x00000000200038cc                xSemArriveeCartons
 .bss.xSemAscenseur
                0x00000000200038d0        0x4 ./app/src/main.o
                0x00000000200038d0                xSemAscenseur
 .bss.xSemEtau  0x00000000200038d4        0x4 ./app/src/main.o
                0x00000000200038d4                xSemEtau
 .bss.xSemPaletteH
                0x00000000200038d8        0x4 ./app/src/main.o
                0x00000000200038d8                xSemPaletteH
 .bss.xSemPoussoir
                0x00000000200038dc        0x4 ./app/src/main.o
                0x00000000200038dc                xSemPoussoir
 .bss.xSem_DMA_TC
                0x00000000200038e0        0x4 ./app/src/main.o
                0x00000000200038e0                xSem_DMA_TC
 .bss.xStockPoussoir
                0x00000000200038e4        0x4 ./app/src/main.o
                0x00000000200038e4                xStockPoussoir
 .bss.xSubscribeQueue
                0x00000000200038e8        0x4 ./app/src/main.o
                0x00000000200038e8                xSubscribeQueue
 .bss.current_actuators_state.0
                0x00000000200038ec        0x4 ./bsp/src/factory_io.o
 *(COMMON)
                0x00000000200038f0                . = ALIGN (0x4)
                0x00000000200038f0                _ebss = .
                0x00000000200038f0                __bss_end__ = _ebss

._user_heap_stack
                0x00000000200038f0       0x80 load address 0x0000000008005634
                0x00000000200038f0                . = ALIGN (0x4)
                0x00000000200038f0                PROVIDE (end = .)
                [!provide]                        PROVIDE (_end = .)
                0x00000000200038f0                . = (. + _Min_Heap_Size)
                0x0000000020003970                . = (. + _Min_Stack_Size)
 *fill*         0x00000000200038f0       0x80 
                0x0000000020003970                . = ALIGN (0x4)

.memory_b1_text
 *(.mb1text)
 *(.mb1text*)
 *(.mb1rodata)
 *(.mb1rodata*)

/DISCARD/
 libc.a(*)
 libm.a(*)
 libgcc.a(*)

.ARM.attributes
                0x0000000000000000       0x28
 *(.ARM.attributes)
 .ARM.attributes
                0x0000000000000000       0x1e C:/ST/STM32CubeIDE_1.14.0/STM32CubeIDE/plugins/com.st.stm32cube.ide.mcu.externaltools.gnu-tools-for-stm32.11.3.rel1.win32_1.1.100.202309141235/tools/bin/../lib/gcc/arm-none-eabi/11.3.1/thumb/v6-m/nofp/crti.o
 .ARM.attributes
                0x000000000000001e       0x2c C:/ST/STM32CubeIDE_1.14.0/STM32CubeIDE/plugins/com.st.stm32cube.ide.mcu.externaltools.gnu-tools-for-stm32.11.3.rel1.win32_1.1.100.202309141235/tools/bin/../lib/gcc/arm-none-eabi/11.3.1/thumb/v6-m/nofp/crtbegin.o
 .ARM.attributes
                0x000000000000004a       0x2c ./FreeRTOS/event_groups.o
 .ARM.attributes
                0x0000000000000076       0x2c ./FreeRTOS/list.o
 .ARM.attributes
                0x00000000000000a2       0x2c ./FreeRTOS/queue.o
 .ARM.attributes
                0x00000000000000ce       0x2c ./FreeRTOS/tasks.o
 .ARM.attributes
                0x00000000000000fa       0x2c ./FreeRTOS/timers.o
 .ARM.attributes
                0x0000000000000126       0x2c ./FreeRTOS/portable/GCC/ARM_CM0/port.o
 .ARM.attributes
                0x0000000000000152       0x2c ./FreeRTOS/portable/MemMang/heap_1.o
 .ARM.attributes
                0x000000000000017e       0x2c ./TraceRecorder/streamports/Jlink_RTT/SEGGER_RTT.o
 .ARM.attributes
                0x00000000000001aa       0x2c ./TraceRecorder/streamports/Jlink_RTT/trcStreamingPort.o
 .ARM.attributes
                0x00000000000001d6       0x2c ./TraceRecorder/trcKernelPort.o
 .ARM.attributes
                0x0000000000000202       0x2c ./TraceRecorder/trcStreamingRecorder.o
 .ARM.attributes
                0x000000000000022e       0x2c ./app/src/main.o
 .ARM.attributes
                0x000000000000025a       0x2c ./app/src/stm32f0xx_it.o
 .ARM.attributes
                0x0000000000000286       0x2c ./bsp/src/bsp.o
 .ARM.attributes
                0x00000000000002b2       0x2c ./bsp/src/delay.o
 .ARM.attributes
                0x00000000000002de       0x2c ./bsp/src/factory_io.o
 .ARM.attributes
                0x000000000000030a       0x21 ./cmsis/device/src/startup_stm32f072xb.o
 .ARM.attributes
                0x000000000000032b       0x2c ./cmsis/device/src/system_stm32f0xx.o
 .ARM.attributes
                0x0000000000000357       0x2c C:/ST/STM32CubeIDE_1.14.0/STM32CubeIDE/plugins/com.st.stm32cube.ide.mcu.externaltools.gnu-tools-for-stm32.11.3.rel1.win32_1.1.100.202309141235/tools/bin/../lib/gcc/arm-none-eabi/11.3.1/../../../../arm-none-eabi/lib/thumb/v6-m/nofp\libc_nano.a(libc_a-memset.o)
 .ARM.attributes
                0x0000000000000383       0x2c C:/ST/STM32CubeIDE_1.14.0/STM32CubeIDE/plugins/com.st.stm32cube.ide.mcu.externaltools.gnu-tools-for-stm32.11.3.rel1.win32_1.1.100.202309141235/tools/bin/../lib/gcc/arm-none-eabi/11.3.1/../../../../arm-none-eabi/lib/thumb/v6-m/nofp\libc_nano.a(libc_a-init.o)
 .ARM.attributes
                0x00000000000003af       0x2c C:/ST/STM32CubeIDE_1.14.0/STM32CubeIDE/plugins/com.st.stm32cube.ide.mcu.externaltools.gnu-tools-for-stm32.11.3.rel1.win32_1.1.100.202309141235/tools/bin/../lib/gcc/arm-none-eabi/11.3.1/../../../../arm-none-eabi/lib/thumb/v6-m/nofp\libc_nano.a(libc_a-memcpy-stub.o)
 .ARM.attributes
                0x00000000000003db       0x1e C:/ST/STM32CubeIDE_1.14.0/STM32CubeIDE/plugins/com.st.stm32cube.ide.mcu.externaltools.gnu-tools-for-stm32.11.3.rel1.win32_1.1.100.202309141235/tools/bin/../lib/gcc/arm-none-eabi/11.3.1/thumb/v6-m/nofp/crtn.o
OUTPUT(nucleo64_F072_FreeRTOS_TP.elf elf32-littlearm)
LOAD linker stubs
LOAD C:/ST/STM32CubeIDE_1.14.0/STM32CubeIDE/plugins/com.st.stm32cube.ide.mcu.externaltools.gnu-tools-for-stm32.11.3.rel1.win32_1.1.100.202309141235/tools/bin/../lib/gcc/arm-none-eabi/11.3.1/../../../../arm-none-eabi/lib/thumb/v6-m/nofp\libc.a
LOAD C:/ST/STM32CubeIDE_1.14.0/STM32CubeIDE/plugins/com.st.stm32cube.ide.mcu.externaltools.gnu-tools-for-stm32.11.3.rel1.win32_1.1.100.202309141235/tools/bin/../lib/gcc/arm-none-eabi/11.3.1/../../../../arm-none-eabi/lib/thumb/v6-m/nofp\libm.a
LOAD C:/ST/STM32CubeIDE_1.14.0/STM32CubeIDE/plugins/com.st.stm32cube.ide.mcu.externaltools.gnu-tools-for-stm32.11.3.rel1.win32_1.1.100.202309141235/tools/bin/../lib/gcc/arm-none-eabi/11.3.1/thumb/v6-m/nofp\libgcc.a

.comment        0x0000000000000000       0x43
 .comment       0x0000000000000000       0x43 C:/ST/STM32CubeIDE_1.14.0/STM32CubeIDE/plugins/com.st.stm32cube.ide.mcu.externaltools.gnu-tools-for-stm32.11.3.rel1.win32_1.1.100.202309141235/tools/bin/../lib/gcc/arm-none-eabi/11.3.1/thumb/v6-m/nofp/crtbegin.o
                                         0x44 (size before relaxing)
 .comment       0x0000000000000043       0x44 ./FreeRTOS/event_groups.o
 .comment       0x0000000000000043       0x44 ./FreeRTOS/list.o
 .comment       0x0000000000000043       0x44 ./FreeRTOS/queue.o
 .comment       0x0000000000000043       0x44 ./FreeRTOS/tasks.o
 .comment       0x0000000000000043       0x44 ./FreeRTOS/timers.o
 .comment       0x0000000000000043       0x44 ./FreeRTOS/portable/GCC/ARM_CM0/port.o
 .comment       0x0000000000000043       0x44 ./FreeRTOS/portable/MemMang/heap_1.o
 .comment       0x0000000000000043       0x44 ./TraceRecorder/streamports/Jlink_RTT/SEGGER_RTT.o
 .comment       0x0000000000000043       0x44 ./TraceRecorder/streamports/Jlink_RTT/trcStreamingPort.o
 .comment       0x0000000000000043       0x44 ./TraceRecorder/trcKernelPort.o
 .comment       0x0000000000000043       0x44 ./TraceRecorder/trcStreamingRecorder.o
 .comment       0x0000000000000043       0x44 ./app/src/main.o
 .comment       0x0000000000000043       0x44 ./app/src/stm32f0xx_it.o
 .comment       0x0000000000000043       0x44 ./bsp/src/bsp.o
 .comment       0x0000000000000043       0x44 ./bsp/src/delay.o
 .comment       0x0000000000000043       0x44 ./bsp/src/factory_io.o
 .comment       0x0000000000000043       0x44 ./cmsis/device/src/system_stm32f0xx.o

.debug_info     0x0000000000000000    0x16264
 .debug_info    0x0000000000000000     0x10b0 ./FreeRTOS/event_groups.o
 .debug_info    0x00000000000010b0      0x2c3 ./FreeRTOS/list.o
 .debug_info    0x0000000000001373     0x3589 ./FreeRTOS/queue.o
 .debug_info    0x00000000000048fc     0x3ed4 ./FreeRTOS/tasks.o
 .debug_info    0x00000000000087d0     0x15d6 ./FreeRTOS/timers.o
 .debug_info    0x0000000000009da6      0x2fd ./FreeRTOS/portable/GCC/ARM_CM0/port.o
 .debug_info    0x000000000000a0a3      0x1c6 ./FreeRTOS/portable/MemMang/heap_1.o
 .debug_info    0x000000000000a269     0x29fe ./TraceRecorder/streamports/Jlink_RTT/SEGGER_RTT.o
 .debug_info    0x000000000000cc67      0x353 ./TraceRecorder/streamports/Jlink_RTT/trcStreamingPort.o
 .debug_info    0x000000000000cfba      0xd8a ./TraceRecorder/trcKernelPort.o
 .debug_info    0x000000000000dd44     0x5651 ./TraceRecorder/trcStreamingRecorder.o
 .debug_info    0x0000000000013395     0x1f11 ./app/src/main.o
 .debug_info    0x00000000000152a6      0x186 ./app/src/stm32f0xx_it.o
 .debug_info    0x000000000001542c      0x5df ./bsp/src/bsp.o
 .debug_info    0x0000000000015a0b      0x300 ./bsp/src/delay.o
 .debug_info    0x0000000000015d0b      0x2cc ./bsp/src/factory_io.o
 .debug_info    0x0000000000015fd7       0x23 ./cmsis/device/src/startup_stm32f072xb.o
 .debug_info    0x0000000000015ffa      0x26a ./cmsis/device/src/system_stm32f0xx.o

.debug_abbrev   0x0000000000000000     0x2aef
 .debug_abbrev  0x0000000000000000      0x31b ./FreeRTOS/event_groups.o
 .debug_abbrev  0x000000000000031b      0x10c ./FreeRTOS/list.o
 .debug_abbrev  0x0000000000000427      0x3f6 ./FreeRTOS/queue.o
 .debug_abbrev  0x000000000000081d      0x4d3 ./FreeRTOS/tasks.o
 .debug_abbrev  0x0000000000000cf0      0x3a8 ./FreeRTOS/timers.o
 .debug_abbrev  0x0000000000001098      0x21a ./FreeRTOS/portable/GCC/ARM_CM0/port.o
 .debug_abbrev  0x00000000000012b2      0x143 ./FreeRTOS/portable/MemMang/heap_1.o
 .debug_abbrev  0x00000000000013f5      0x312 ./TraceRecorder/streamports/Jlink_RTT/SEGGER_RTT.o
 .debug_abbrev  0x0000000000001707      0x14d ./TraceRecorder/streamports/Jlink_RTT/trcStreamingPort.o
 .debug_abbrev  0x0000000000001854      0x395 ./TraceRecorder/trcKernelPort.o
 .debug_abbrev  0x0000000000001be9      0x532 ./TraceRecorder/trcStreamingRecorder.o
 .debug_abbrev  0x000000000000211b      0x3aa ./app/src/main.o
 .debug_abbrev  0x00000000000024c5      0x124 ./app/src/stm32f0xx_it.o
 .debug_abbrev  0x00000000000025e9       0xfc ./bsp/src/bsp.o
 .debug_abbrev  0x00000000000026e5      0x138 ./bsp/src/delay.o
 .debug_abbrev  0x000000000000281d      0x188 ./bsp/src/factory_io.o
 .debug_abbrev  0x00000000000029a5       0x12 ./cmsis/device/src/startup_stm32f072xb.o
 .debug_abbrev  0x00000000000029b7      0x138 ./cmsis/device/src/system_stm32f0xx.o

.debug_loclists
                0x0000000000000000     0xd82b
 .debug_loclists
                0x0000000000000000      0xbf4 ./FreeRTOS/event_groups.o
 .debug_loclists
                0x0000000000000bf4       0x89 ./FreeRTOS/list.o
 .debug_loclists
                0x0000000000000c7d     0x1f88 ./FreeRTOS/queue.o
 .debug_loclists
                0x0000000000002c05     0x255e ./FreeRTOS/tasks.o
 .debug_loclists
                0x0000000000005163      0xc78 ./FreeRTOS/timers.o
 .debug_loclists
                0x0000000000005ddb       0x86 ./FreeRTOS/portable/GCC/ARM_CM0/port.o
 .debug_loclists
                0x0000000000005e61       0x4b ./FreeRTOS/portable/MemMang/heap_1.o
 .debug_loclists
                0x0000000000005eac     0x47f6 ./TraceRecorder/streamports/Jlink_RTT/SEGGER_RTT.o
 .debug_loclists
                0x000000000000a6a2      0x111 ./TraceRecorder/streamports/Jlink_RTT/trcStreamingPort.o
 .debug_loclists
                0x000000000000a7b3      0x32e ./TraceRecorder/trcKernelPort.o
 .debug_loclists
                0x000000000000aae1     0x29e6 ./TraceRecorder/trcStreamingRecorder.o
 .debug_loclists
                0x000000000000d4c7      0x201 ./app/src/main.o
 .debug_loclists
                0x000000000000d6c8       0x1f ./bsp/src/bsp.o
 .debug_loclists
                0x000000000000d6e7       0x87 ./bsp/src/factory_io.o
 .debug_loclists
                0x000000000000d76e       0xbd ./cmsis/device/src/system_stm32f0xx.o

.debug_aranges  0x0000000000000000      0x920
 .debug_aranges
                0x0000000000000000       0x78 ./FreeRTOS/event_groups.o
 .debug_aranges
                0x0000000000000078       0x40 ./FreeRTOS/list.o
 .debug_aranges
                0x00000000000000b8       0xd0 ./FreeRTOS/queue.o
 .debug_aranges
                0x0000000000000188      0x1b0 ./FreeRTOS/tasks.o
 .debug_aranges
                0x0000000000000338       0x90 ./FreeRTOS/timers.o
 .debug_aranges
                0x00000000000003c8       0x80 ./FreeRTOS/portable/GCC/ARM_CM0/port.o
 .debug_aranges
                0x0000000000000448       0x38 ./FreeRTOS/portable/MemMang/heap_1.o
 .debug_aranges
                0x0000000000000480       0xc8 ./TraceRecorder/streamports/Jlink_RTT/SEGGER_RTT.o
 .debug_aranges
                0x0000000000000548       0x28 ./TraceRecorder/streamports/Jlink_RTT/trcStreamingPort.o
 .debug_aranges
                0x0000000000000570       0xb8 ./TraceRecorder/trcKernelPort.o
 .debug_aranges
                0x0000000000000628      0x158 ./TraceRecorder/trcStreamingRecorder.o
 .debug_aranges
                0x0000000000000780       0x58 ./app/src/main.o
 .debug_aranges
                0x00000000000007d8       0x30 ./app/src/stm32f0xx_it.o
 .debug_aranges
                0x0000000000000808       0x60 ./bsp/src/bsp.o
 .debug_aranges
                0x0000000000000868       0x30 ./bsp/src/delay.o
 .debug_aranges
                0x0000000000000898       0x38 ./bsp/src/factory_io.o
 .debug_aranges
                0x00000000000008d0       0x28 ./cmsis/device/src/startup_stm32f072xb.o
 .debug_aranges
                0x00000000000008f8       0x28 ./cmsis/device/src/system_stm32f0xx.o

.debug_rnglists
                0x0000000000000000     0x193f
 .debug_rnglists
                0x0000000000000000       0xd3 ./FreeRTOS/event_groups.o
 .debug_rnglists
                0x00000000000000d3       0x2b ./FreeRTOS/list.o
 .debug_rnglists
                0x00000000000000fe      0x336 ./FreeRTOS/queue.o
 .debug_rnglists
                0x0000000000000434      0x4b2 ./FreeRTOS/tasks.o
 .debug_rnglists
                0x00000000000008e6      0x186 ./FreeRTOS/timers.o
 .debug_rnglists
                0x0000000000000a6c       0x6d ./FreeRTOS/portable/GCC/ARM_CM0/port.o
 .debug_rnglists
                0x0000000000000ad9       0x25 ./FreeRTOS/portable/MemMang/heap_1.o
 .debug_rnglists
                0x0000000000000afe      0x4e0 ./TraceRecorder/streamports/Jlink_RTT/SEGGER_RTT.o
 .debug_rnglists
                0x0000000000000fde       0x19 ./TraceRecorder/streamports/Jlink_RTT/trcStreamingPort.o
 .debug_rnglists
                0x0000000000000ff7       0xb7 ./TraceRecorder/trcKernelPort.o
 .debug_rnglists
                0x00000000000010ae      0x758 ./TraceRecorder/trcStreamingRecorder.o
 .debug_rnglists
                0x0000000000001806       0x60 ./app/src/main.o
 .debug_rnglists
                0x0000000000001866       0x1f ./app/src/stm32f0xx_it.o
 .debug_rnglists
                0x0000000000001885       0x44 ./bsp/src/bsp.o
 .debug_rnglists
                0x00000000000018c9       0x1f ./bsp/src/delay.o
 .debug_rnglists
                0x00000000000018e8       0x25 ./bsp/src/factory_io.o
 .debug_rnglists
                0x000000000000190d       0x19 ./cmsis/device/src/startup_stm32f072xb.o
 .debug_rnglists
                0x0000000000001926       0x19 ./cmsis/device/src/system_stm32f0xx.o

.debug_macro    0x0000000000000000     0x3e38
 .debug_macro   0x0000000000000000      0x2bf ./FreeRTOS/event_groups.o
 .debug_macro   0x00000000000002bf       0x24 ./FreeRTOS/event_groups.o
 .debug_macro   0x00000000000002e3       0x5b ./FreeRTOS/event_groups.o
 .debug_macro   0x000000000000033e       0x94 ./FreeRTOS/event_groups.o
 .debug_macro   0x00000000000003d2       0x43 ./FreeRTOS/event_groups.o
 .debug_macro   0x0000000000000415       0x34 ./FreeRTOS/event_groups.o
 .debug_macro   0x0000000000000449       0x16 ./FreeRTOS/event_groups.o
 .debug_macro   0x000000000000045f      0x10e ./FreeRTOS/event_groups.o
 .debug_macro   0x000000000000056d       0x8d ./FreeRTOS/event_groups.o
 .debug_macro   0x00000000000005fa       0x16 ./FreeRTOS/event_groups.o
 .debug_macro   0x0000000000000610       0x43 ./FreeRTOS/event_groups.o
 .debug_macro   0x0000000000000653       0x57 ./FreeRTOS/event_groups.o
 .debug_macro   0x00000000000006aa       0x34 ./FreeRTOS/event_groups.o
 .debug_macro   0x00000000000006de       0x10 ./FreeRTOS/event_groups.o
 .debug_macro   0x00000000000006ee       0x58 ./FreeRTOS/event_groups.o
 .debug_macro   0x0000000000000746       0x8e ./FreeRTOS/event_groups.o
 .debug_macro   0x00000000000007d4       0x1c ./FreeRTOS/event_groups.o
 .debug_macro   0x00000000000007f0      0x177 ./FreeRTOS/event_groups.o
 .debug_macro   0x0000000000000967      0x369 ./FreeRTOS/event_groups.o
 .debug_macro   0x0000000000000cd0       0x16 ./FreeRTOS/event_groups.o
 .debug_macro   0x0000000000000ce6       0x29 ./FreeRTOS/event_groups.o
 .debug_macro   0x0000000000000d0f       0x91 ./FreeRTOS/event_groups.o
 .debug_macro   0x0000000000000da0      0x264 ./FreeRTOS/list.o
 .debug_macro   0x0000000000001004      0x2f3 ./FreeRTOS/queue.o
 .debug_macro   0x00000000000012f7       0x16 ./FreeRTOS/queue.o
 .debug_macro   0x000000000000130d       0x35 ./FreeRTOS/queue.o
 .debug_macro   0x0000000000001342       0x20 ./FreeRTOS/queue.o
 .debug_macro   0x0000000000001362       0x80 ./FreeRTOS/queue.o
 .debug_macro   0x00000000000013e2      0x35c ./FreeRTOS/tasks.o
 .debug_macro   0x000000000000173e       0x10 ./FreeRTOS/tasks.o
 .debug_macro   0x000000000000174e      0x2b9 ./FreeRTOS/timers.o
 .debug_macro   0x0000000000001a07       0x97 ./FreeRTOS/timers.o
 .debug_macro   0x0000000000001a9e      0x201 ./FreeRTOS/portable/GCC/ARM_CM0/port.o
 .debug_macro   0x0000000000001c9f      0x285 ./FreeRTOS/portable/MemMang/heap_1.o
 .debug_macro   0x0000000000001f24      0x176 ./TraceRecorder/streamports/Jlink_RTT/SEGGER_RTT.o
 .debug_macro   0x000000000000209a      0x115 ./TraceRecorder/streamports/Jlink_RTT/SEGGER_RTT.o
 .debug_macro   0x00000000000021af      0x195 ./TraceRecorder/streamports/Jlink_RTT/trcStreamingPort.o
 .debug_macro   0x0000000000002344      0x10c ./TraceRecorder/streamports/Jlink_RTT/trcStreamingPort.o
 .debug_macro   0x0000000000002450      0x4f6 ./TraceRecorder/streamports/Jlink_RTT/trcStreamingPort.o
 .debug_macro   0x0000000000002946      0x1e8 ./TraceRecorder/trcKernelPort.o
 .debug_macro   0x0000000000002b2e      0x2fb ./TraceRecorder/trcStreamingRecorder.o
 .debug_macro   0x0000000000002e29       0x16 ./TraceRecorder/trcStreamingRecorder.o
 .debug_macro   0x0000000000002e3f       0x16 ./TraceRecorder/trcStreamingRecorder.o
 .debug_macro   0x0000000000002e55       0x16 ./TraceRecorder/trcStreamingRecorder.o
 .debug_macro   0x0000000000002e6b      0x147 ./TraceRecorder/trcStreamingRecorder.o
 .debug_macro   0x0000000000002fb2      0x107 ./TraceRecorder/trcStreamingRecorder.o
 .debug_macro   0x00000000000030b9      0x270 ./app/src/main.o
 .debug_macro   0x0000000000003329       0x86 ./app/src/main.o
 .debug_macro   0x00000000000033af       0x69 ./app/src/main.o
 .debug_macro   0x0000000000003418       0x2e ./app/src/main.o
 .debug_macro   0x0000000000003446      0x27a ./app/src/main.o
 .debug_macro   0x00000000000036c0      0x21c ./app/src/stm32f0xx_it.o
 .debug_macro   0x00000000000038dc      0x1a8 ./bsp/src/bsp.o
 .debug_macro   0x0000000000003a84       0xc4 ./bsp/src/delay.o
 .debug_macro   0x0000000000003b48      0x224 ./bsp/src/factory_io.o
 .debug_macro   0x0000000000003d6c       0xcc ./cmsis/device/src/system_stm32f0xx.o

.debug_line     0x0000000000000000    0x19122
 .debug_line    0x0000000000000000     0x1349 ./FreeRTOS/event_groups.o
 .debug_line    0x0000000000001349      0xbab ./FreeRTOS/list.o
 .debug_line    0x0000000000001ef4     0x3354 ./FreeRTOS/queue.o
 .debug_line    0x0000000000005248     0x4072 ./FreeRTOS/tasks.o
 .debug_line    0x00000000000092ba     0x15ba ./FreeRTOS/timers.o
 .debug_line    0x000000000000a874      0xb95 ./FreeRTOS/portable/GCC/ARM_CM0/port.o
 .debug_line    0x000000000000b409      0xae5 ./FreeRTOS/portable/MemMang/heap_1.o
 .debug_line    0x000000000000beee     0x3447 ./TraceRecorder/streamports/Jlink_RTT/SEGGER_RTT.o
 .debug_line    0x000000000000f335      0x911 ./TraceRecorder/streamports/Jlink_RTT/trcStreamingPort.o
 .debug_line    0x000000000000fc46      0xd80 ./TraceRecorder/trcKernelPort.o
 .debug_line    0x00000000000109c6     0x430d ./TraceRecorder/trcStreamingRecorder.o
 .debug_line    0x0000000000014cd3     0x1708 ./app/src/main.o
 .debug_line    0x00000000000163db      0x9c1 ./app/src/stm32f0xx_it.o
 .debug_line    0x0000000000016d9c      0xc20 ./bsp/src/bsp.o
 .debug_line    0x00000000000179bc      0x60f ./bsp/src/delay.o
 .debug_line    0x0000000000017fcb      0xa8a ./bsp/src/factory_io.o
 .debug_line    0x0000000000018a55       0x7b ./cmsis/device/src/startup_stm32f072xb.o
 .debug_line    0x0000000000018ad0      0x652 ./cmsis/device/src/system_stm32f0xx.o

.debug_str      0x0000000000000000    0x724ed
 .debug_str     0x0000000000000000    0x6b3c9 ./FreeRTOS/event_groups.o
                                      0x6b6a6 (size before relaxing)
 .debug_str     0x000000000006b3c9       0x90 ./FreeRTOS/list.o
                                      0x6a2aa (size before relaxing)
 .debug_str     0x000000000006b459     0x102b ./FreeRTOS/queue.o
                                      0x6bb28 (size before relaxing)
 .debug_str     0x000000000006c484     0x1278 ./FreeRTOS/tasks.o
                                      0x6c818 (size before relaxing)
 .debug_str     0x000000000006d6fc      0x4c8 ./FreeRTOS/timers.o
                                      0x6befc (size before relaxing)
 .debug_str     0x000000000006dbc4      0x31f ./FreeRTOS/portable/GCC/ARM_CM0/port.o
                                      0x67a80 (size before relaxing)
 .debug_str     0x000000000006dee3       0xc9 ./FreeRTOS/portable/MemMang/heap_1.o
                                      0x6a94b (size before relaxing)
 .debug_str     0x000000000006dfac      0x5d7 ./TraceRecorder/streamports/Jlink_RTT/SEGGER_RTT.o
                                       0x7253 (size before relaxing)
 .debug_str     0x000000000006e583      0x94a ./TraceRecorder/streamports/Jlink_RTT/trcStreamingPort.o
                                      0x671fa (size before relaxing)
 .debug_str     0x000000000006eecd      0x38a ./TraceRecorder/trcKernelPort.o
                                      0x68b80 (size before relaxing)
 .debug_str     0x000000000006f257     0x18cc ./TraceRecorder/trcStreamingRecorder.o
                                      0x6be89 (size before relaxing)
 .debug_str     0x0000000000070b23     0x1649 ./app/src/main.o
                                      0x6a705 (size before relaxing)
 .debug_str     0x000000000007216c       0x5b ./app/src/stm32f0xx_it.o
                                      0x6967a (size before relaxing)
 .debug_str     0x00000000000721c7      0x13f ./bsp/src/bsp.o
                                      0x67362 (size before relaxing)
 .debug_str     0x0000000000072306       0x44 ./bsp/src/delay.o
                                      0x5a404 (size before relaxing)
 .debug_str     0x000000000007234a       0x6f ./bsp/src/factory_io.o
                                      0x69ebc (size before relaxing)
 .debug_str     0x00000000000723b9       0x36 ./cmsis/device/src/startup_stm32f072xb.o
                                         0x7d (size before relaxing)
 .debug_str     0x00000000000723ef       0xfe ./cmsis/device/src/system_stm32f0xx.o
                                      0x5a452 (size before relaxing)

.debug_frame    0x0000000000000000     0x1bb8
 .debug_frame   0x0000000000000000      0x164 ./FreeRTOS/event_groups.o
 .debug_frame   0x0000000000000164       0x6c ./FreeRTOS/list.o
 .debug_frame   0x00000000000001d0      0x2bc ./FreeRTOS/queue.o
 .debug_frame   0x000000000000048c      0x5d8 ./FreeRTOS/tasks.o
 .debug_frame   0x0000000000000a64      0x19c ./FreeRTOS/timers.o
 .debug_frame   0x0000000000000c00      0x100 ./FreeRTOS/portable/GCC/ARM_CM0/port.o
 .debug_frame   0x0000000000000d00       0x5c ./FreeRTOS/portable/MemMang/heap_1.o
 .debug_frame   0x0000000000000d5c      0x340 ./TraceRecorder/streamports/Jlink_RTT/SEGGER_RTT.o
 .debug_frame   0x000000000000109c       0x44 ./TraceRecorder/streamports/Jlink_RTT/trcStreamingPort.o
 .debug_frame   0x00000000000010e0      0x260 ./TraceRecorder/trcKernelPort.o
 .debug_frame   0x0000000000001340      0x4c0 ./TraceRecorder/trcStreamingRecorder.o
 .debug_frame   0x0000000000001800      0x164 ./app/src/main.o
 .debug_frame   0x0000000000001964       0x48 ./app/src/stm32f0xx_it.o
 .debug_frame   0x00000000000019ac       0xac ./bsp/src/bsp.o
 .debug_frame   0x0000000000001a58       0x50 ./bsp/src/delay.o
 .debug_frame   0x0000000000001aa8       0x60 ./bsp/src/factory_io.o
 .debug_frame   0x0000000000001b08       0x3c ./cmsis/device/src/system_stm32f0xx.o
 .debug_frame   0x0000000000001b44       0x20 C:/ST/STM32CubeIDE_1.14.0/STM32CubeIDE/plugins/com.st.stm32cube.ide.mcu.externaltools.gnu-tools-for-stm32.11.3.rel1.win32_1.1.100.202309141235/tools/bin/../lib/gcc/arm-none-eabi/11.3.1/../../../../arm-none-eabi/lib/thumb/v6-m/nofp\libc_nano.a(libc_a-memset.o)
 .debug_frame   0x0000000000001b64       0x2c C:/ST/STM32CubeIDE_1.14.0/STM32CubeIDE/plugins/com.st.stm32cube.ide.mcu.externaltools.gnu-tools-for-stm32.11.3.rel1.win32_1.1.100.202309141235/tools/bin/../lib/gcc/arm-none-eabi/11.3.1/../../../../arm-none-eabi/lib/thumb/v6-m/nofp\libc_nano.a(libc_a-init.o)
 .debug_frame   0x0000000000001b90       0x28 C:/ST/STM32CubeIDE_1.14.0/STM32CubeIDE/plugins/com.st.stm32cube.ide.mcu.externaltools.gnu-tools-for-stm32.11.3.rel1.win32_1.1.100.202309141235/tools/bin/../lib/gcc/arm-none-eabi/11.3.1/../../../../arm-none-eabi/lib/thumb/v6-m/nofp\libc_nano.a(libc_a-memcpy-stub.o)

.debug_line_str
                0x0000000000000000       0x71
 .debug_line_str
                0x0000000000000000       0x71 ./cmsis/device/src/startup_stm32f072xb.o
                                         0x87 (size before relaxing)
