../sycall.c:47:6:initialise_monitor_handles	0	static
../sycall.c:51:5:_getpid	0	static
../sycall.c:56:5:_kill	8	static
../sycall.c:62:6:_exit	8	static
../sycall.c:68:27:_read	16	static
../sycall.c:80:27:_write	16	static
../sycall.c:91:5:_close	0	static
../sycall.c:97:5:_fstat	0	static
../sycall.c:103:5:_isatty	0	static
../sycall.c:108:5:_lseek	0	static
../sycall.c:113:5:_open	0	static
../sycall.c:119:5:_wait	8	static
../sycall.c:125:5:_unlink	8	static
../sycall.c:131:5:_times	0	static
../sycall.c:136:5:_stat	0	static
../sycall.c:142:5:_link	8	static
../sycall.c:148:5:_fork	8	static
../sycall.c:154:5:_execve	8	static
