Archive member included to satisfy reference by file (symbol)

C:/ST/STM32CubeIDE_1.14.0/STM32CubeIDE/plugins/com.st.stm32cube.ide.mcu.externaltools.gnu-tools-for-stm32.11.3.rel1.win32_1.1.100.202309141235/tools/bin/../lib/gcc/arm-none-eabi/11.3.1/../../../../arm-none-eabi/lib/thumb/v6-m/nofp\libc_nano.a(libc_a-exit.o)
                              C:/ST/STM32CubeIDE_1.14.0/STM32CubeIDE/plugins/com.st.stm32cube.ide.mcu.externaltools.gnu-tools-for-stm32.11.3.rel1.win32_1.1.100.202309141235/tools/bin/../lib/gcc/arm-none-eabi/11.3.1/../../../../arm-none-eabi/lib/thumb/v6-m/nofp/crt0.o (exit)
C:/ST/STM32CubeIDE_1.14.0/STM32CubeIDE/plugins/com.st.stm32cube.ide.mcu.externaltools.gnu-tools-for-stm32.11.3.rel1.win32_1.1.100.202309141235/tools/bin/../lib/gcc/arm-none-eabi/11.3.1/../../../../arm-none-eabi/lib/thumb/v6-m/nofp\libc_nano.a(libc_a-findfp.o)
                              C:/ST/STM32CubeIDE_1.14.0/STM32CubeIDE/plugins/com.st.stm32cube.ide.mcu.externaltools.gnu-tools-for-stm32.11.3.rel1.win32_1.1.100.202309141235/tools/bin/../lib/gcc/arm-none-eabi/11.3.1/../../../../arm-none-eabi/lib/thumb/v6-m/nofp\libc_nano.a(libc_a-exit.o) (__stdio_exit_handler)
C:/ST/STM32CubeIDE_1.14.0/STM32CubeIDE/plugins/com.st.stm32cube.ide.mcu.externaltools.gnu-tools-for-stm32.11.3.rel1.win32_1.1.100.202309141235/tools/bin/../lib/gcc/arm-none-eabi/11.3.1/../../../../arm-none-eabi/lib/thumb/v6-m/nofp\libc_nano.a(libc_a-fwalk.o)
                              C:/ST/STM32CubeIDE_1.14.0/STM32CubeIDE/plugins/com.st.stm32cube.ide.mcu.externaltools.gnu-tools-for-stm32.11.3.rel1.win32_1.1.100.202309141235/tools/bin/../lib/gcc/arm-none-eabi/11.3.1/../../../../arm-none-eabi/lib/thumb/v6-m/nofp\libc_nano.a(libc_a-findfp.o) (_fwalk_sglue)
C:/ST/STM32CubeIDE_1.14.0/STM32CubeIDE/plugins/com.st.stm32cube.ide.mcu.externaltools.gnu-tools-for-stm32.11.3.rel1.win32_1.1.100.202309141235/tools/bin/../lib/gcc/arm-none-eabi/11.3.1/../../../../arm-none-eabi/lib/thumb/v6-m/nofp\libc_nano.a(libc_a-stdio.o)
                              C:/ST/STM32CubeIDE_1.14.0/STM32CubeIDE/plugins/com.st.stm32cube.ide.mcu.externaltools.gnu-tools-for-stm32.11.3.rel1.win32_1.1.100.202309141235/tools/bin/../lib/gcc/arm-none-eabi/11.3.1/../../../../arm-none-eabi/lib/thumb/v6-m/nofp\libc_nano.a(libc_a-findfp.o) (__sread)
C:/ST/STM32CubeIDE_1.14.0/STM32CubeIDE/plugins/com.st.stm32cube.ide.mcu.externaltools.gnu-tools-for-stm32.11.3.rel1.win32_1.1.100.202309141235/tools/bin/../lib/gcc/arm-none-eabi/11.3.1/../../../../arm-none-eabi/lib/thumb/v6-m/nofp\libc_nano.a(libc_a-memset.o)
                              C:/ST/STM32CubeIDE_1.14.0/STM32CubeIDE/plugins/com.st.stm32cube.ide.mcu.externaltools.gnu-tools-for-stm32.11.3.rel1.win32_1.1.100.202309141235/tools/bin/../lib/gcc/arm-none-eabi/11.3.1/../../../../arm-none-eabi/lib/thumb/v6-m/nofp/crt0.o (memset)
C:/ST/STM32CubeIDE_1.14.0/STM32CubeIDE/plugins/com.st.stm32cube.ide.mcu.externaltools.gnu-tools-for-stm32.11.3.rel1.win32_1.1.100.202309141235/tools/bin/../lib/gcc/arm-none-eabi/11.3.1/../../../../arm-none-eabi/lib/thumb/v6-m/nofp\libc_nano.a(libc_a-strncmp.o)
                              ./TraceRecorder/trcSnapshotRecorder.o (strncmp)
C:/ST/STM32CubeIDE_1.14.0/STM32CubeIDE/plugins/com.st.stm32cube.ide.mcu.externaltools.gnu-tools-for-stm32.11.3.rel1.win32_1.1.100.202309141235/tools/bin/../lib/gcc/arm-none-eabi/11.3.1/../../../../arm-none-eabi/lib/thumb/v6-m/nofp\libc_nano.a(libc_a-closer.o)
                              C:/ST/STM32CubeIDE_1.14.0/STM32CubeIDE/plugins/com.st.stm32cube.ide.mcu.externaltools.gnu-tools-for-stm32.11.3.rel1.win32_1.1.100.202309141235/tools/bin/../lib/gcc/arm-none-eabi/11.3.1/../../../../arm-none-eabi/lib/thumb/v6-m/nofp\libc_nano.a(libc_a-stdio.o) (_close_r)
C:/ST/STM32CubeIDE_1.14.0/STM32CubeIDE/plugins/com.st.stm32cube.ide.mcu.externaltools.gnu-tools-for-stm32.11.3.rel1.win32_1.1.100.202309141235/tools/bin/../lib/gcc/arm-none-eabi/11.3.1/../../../../arm-none-eabi/lib/thumb/v6-m/nofp\libc_nano.a(libc_a-reent.o)
                              C:/ST/STM32CubeIDE_1.14.0/STM32CubeIDE/plugins/com.st.stm32cube.ide.mcu.externaltools.gnu-tools-for-stm32.11.3.rel1.win32_1.1.100.202309141235/tools/bin/../lib/gcc/arm-none-eabi/11.3.1/../../../../arm-none-eabi/lib/thumb/v6-m/nofp\libc_nano.a(libc_a-closer.o) (errno)
C:/ST/STM32CubeIDE_1.14.0/STM32CubeIDE/plugins/com.st.stm32cube.ide.mcu.externaltools.gnu-tools-for-stm32.11.3.rel1.win32_1.1.100.202309141235/tools/bin/../lib/gcc/arm-none-eabi/11.3.1/../../../../arm-none-eabi/lib/thumb/v6-m/nofp\libc_nano.a(libc_a-impure.o)
                              C:/ST/STM32CubeIDE_1.14.0/STM32CubeIDE/plugins/com.st.stm32cube.ide.mcu.externaltools.gnu-tools-for-stm32.11.3.rel1.win32_1.1.100.202309141235/tools/bin/../lib/gcc/arm-none-eabi/11.3.1/../../../../arm-none-eabi/lib/thumb/v6-m/nofp\libc_nano.a(libc_a-reent.o) (_impure_ptr)
[...]
Memory Configuration

Name             Origin             Length             Attributes
FLASH            0x0000000008000000 0x0000000000020000 xr
RAM              0x0000000020000000 0x0000000000004000 xrw
*default*        0x0000000000000000 0xffffffffffffffff

Linker script and memory map

LOAD C:/ST/STM32CubeIDE_1.14.0/STM32CubeIDE/plugins/com.st.stm32cube.ide.mcu.externaltools.gnu-tools-for-stm32.11.3.rel1.win32_1.1.100.202309141235/tools/bin/../lib/gcc/arm-none-eabi/11.3.1/thumb/v6-m/nofp/crti.o
LOAD C:/ST/STM32CubeIDE_1.14.0/STM32CubeIDE/plugins/com.st.stm32cube.ide.mcu.externaltools.gnu-tools-for-stm32.11.3.rel1.win32_1.1.100.202309141235/tools/bin/../lib/gcc/arm-none-eabi/11.3.1/thumb/v6-m/nofp/crtbegin.o
LOAD C:/ST/STM32CubeIDE_1.14.0/STM32CubeIDE/plugins/com.st.stm32cube.ide.mcu.externaltools.gnu-tools-for-stm32.11.3.rel1.win32_1.1.100.202309141235/tools/bin/../lib/gcc/arm-none-eabi/11.3.1/../../../../arm-none-eabi/lib/thumb/v6-m/nofp/crt0.o
LOAD ./.metadata/.plugins/org.eclipse.cdt.make.core/specs.o
LOAD ./FreeRTOS/croutine.o
LOAD ./FreeRTOS/event_groups.o
LOAD ./FreeRTOS/list.o
LOAD ./FreeRTOS/queue.o
LOAD ./FreeRTOS/stream_buffer.o
LOAD ./FreeRTOS/tasks.o
LOAD ./FreeRTOS/timers.o
LOAD ./FreeRTOS/portable/GCC/ARM_CM0/port.o
LOAD ./FreeRTOS/portable/MemMang/heap_1.o
LOAD ./TraceRecorder/trcInternalBuffer.o
LOAD ./TraceRecorder/trcKernelPort.o
LOAD ./TraceRecorder/trcSnapshotRecorder.o
LOAD ./TraceRecorder/trcStreamingRecorder.o
LOAD ./app/src/main.o
LOAD ./app/src/printf-stdarg.o
LOAD ./app/src/stm32f0xx_it.o
LOAD ./bsp/src/bsp.o
LOAD ./bsp/src/delay.o
LOAD ./bsp/src/factory_io.o
LOAD ./cmsis/device/src/startup_stm32f072xb.o
LOAD ./cmsis/device/src/system_stm32f0xx.o
LOAD ./sycall.o
START GROUP
LOAD C:/ST/STM32CubeIDE_1.14.0/STM32CubeIDE/plugins/com.st.stm32cube.ide.mcu.externaltools.gnu-tools-for-stm32.11.3.rel1.win32_1.1.100.202309141235/tools/bin/../lib/gcc/arm-none-eabi/11.3.1/../../../../arm-none-eabi/lib/thumb/v6-m/nofp\libc_nano.a
LOAD C:/ST/STM32CubeIDE_1.14.0/STM32CubeIDE/plugins/com.st.stm32cube.ide.mcu.externaltools.gnu-tools-for-stm32.11.3.rel1.win32_1.1.100.202309141235/tools/bin/../lib/gcc/arm-none-eabi/11.3.1/../../../../arm-none-eabi/lib/thumb/v6-m/nofp\libm.a
END GROUP
START GROUP
LOAD C:/ST/STM32CubeIDE_1.14.0/STM32CubeIDE/plugins/com.st.stm32cube.ide.mcu.externaltools.gnu-tools-for-stm32.11.3.rel1.win32_1.1.100.202309141235/tools/bin/../lib/gcc/arm-none-eabi/11.3.1/thumb/v6-m/nofp\libgcc.a
LOAD C:/ST/STM32CubeIDE_1.14.0/STM32CubeIDE/plugins/com.st.stm32cube.ide.mcu.externaltools.gnu-tools-for-stm32.11.3.rel1.win32_1.1.100.202309141235/tools/bin/../lib/gcc/arm-none-eabi/11.3.1/../../../../arm-none-eabi/lib/thumb/v6-m/nofp\libc_nano.a
END GROUP
START GROUP
LOAD C:/ST/STM32CubeIDE_1.14.0/STM32CubeIDE/plugins/com.st.stm32cube.ide.mcu.externaltools.gnu-tools-for-stm32.11.3.rel1.win32_1.1.100.202309141235/tools/bin/../lib/gcc/arm-none-eabi/11.3.1/thumb/v6-m/nofp\libgcc.a
LOAD C:/ST/STM32CubeIDE_1.14.0/STM32CubeIDE/plugins/com.st.stm32cube.ide.mcu.externaltools.gnu-tools-for-stm32.11.3.rel1.win32_1.1.100.202309141235/tools/bin/../lib/gcc/arm-none-eabi/11.3.1/../../../../arm-none-eabi/lib/thumb/v6-m/nofp\libc_nano.a
LOAD C:/ST/STM32CubeIDE_1.14.0/STM32CubeIDE/plugins/com.st.stm32cube.ide.mcu.externaltools.gnu-tools-for-stm32.11.3.rel1.win32_1.1.100.202309141235/tools/bin/../lib/gcc/arm-none-eabi/11.3.1/../../../../arm-none-eabi/lib/thumb/v6-m/nofp\libnosys.a
END GROUP
START GROUP
LOAD C:/ST/STM32CubeIDE_1.14.0/STM32CubeIDE/plugins/com.st.stm32cube.ide.mcu.externaltools.gnu-tools-for-stm32.11.3.rel1.win32_1.1.100.202309141235/tools/bin/../lib/gcc/arm-none-eabi/11.3.1/thumb/v6-m/nofp\libgcc.a
LOAD C:/ST/STM32CubeIDE_1.14.0/STM32CubeIDE/plugins/com.st.stm32cube.ide.mcu.externaltools.gnu-tools-for-stm32.11.3.rel1.win32_1.1.100.202309141235/tools/bin/../lib/gcc/arm-none-eabi/11.3.1/../../../../arm-none-eabi/lib/thumb/v6-m/nofp\libc_nano.a
LOAD C:/ST/STM32CubeIDE_1.14.0/STM32CubeIDE/plugins/com.st.stm32cube.ide.mcu.externaltools.gnu-tools-for-stm32.11.3.rel1.win32_1.1.100.202309141235/tools/bin/../lib/gcc/arm-none-eabi/11.3.1/../../../../arm-none-eabi/lib/thumb/v6-m/nofp\libnosys.a
END GROUP
LOAD C:/ST/STM32CubeIDE_1.14.0/STM32CubeIDE/plugins/com.st.stm32cube.ide.mcu.externaltools.gnu-tools-for-stm32.11.3.rel1.win32_1.1.100.202309141235/tools/bin/../lib/gcc/arm-none-eabi/11.3.1/thumb/v6-m/nofp/crtend.o
LOAD C:/ST/STM32CubeIDE_1.14.0/STM32CubeIDE/plugins/com.st.stm32cube.ide.mcu.externaltools.gnu-tools-for-stm32.11.3.rel1.win32_1.1.100.202309141235/tools/bin/../lib/gcc/arm-none-eabi/11.3.1/thumb/v6-m/nofp/crtn.o
                0x0000000020004000                _estack = 0x20004000
                0x0000000000000200                _Min_Heap_Size = 0x200
                0x0000000000000400                _Min_Stack_Size = 0x400

.isr_vector     0x0000000008000000       0xc0
                0x0000000008000000                . = ALIGN (0x4)
 *(.isr_vector)
 .isr_vector    0x0000000008000000       0xc0 ./cmsis/device/src/startup_stm32f072xb.o
                0x0000000008000000                g_pfnVectors
                0x00000000080000c0                . = ALIGN (0x4)

.text           0x00000000080000c0     0x5cf4
                0x00000000080000c0                . = ALIGN (0x4)
 *(.text)
 .text          0x00000000080000c0       0x48 C:/ST/STM32CubeIDE_1.14.0/STM32CubeIDE/plugins/com.st.stm32cube.ide.mcu.externaltools.gnu-tools-for-stm32.11.3.rel1.win32_1.1.100.202309141235/tools/bin/../lib/gcc/arm-none-eabi/11.3.1/thumb/v6-m/nofp/crtbegin.o
 .text          0x0000000008000108      0x114 C:/ST/STM32CubeIDE_1.14.0/STM32CubeIDE/plugins/com.st.stm32cube.ide.mcu.externaltools.gnu-tools-for-stm32.11.3.rel1.win32_1.1.100.202309141235/tools/bin/../lib/gcc/arm-none-eabi/11.3.1/thumb/v6-m/nofp\libgcc.a(_udivsi3.o)
                0x0000000008000108                __aeabi_uidiv
                0x0000000008000108                __udivsi3
                0x0000000008000214                __aeabi_uidivmod
 .text          0x000000000800021c        0x4 C:/ST/STM32CubeIDE_1.14.0/STM32CubeIDE/plugins/com.st.stm32cube.ide.mcu.externaltools.gnu-tools-for-stm32.11.3.rel1.win32_1.1.100.202309141235/tools/bin/../lib/gcc/arm-none-eabi/11.3.1/thumb/v6-m/nofp\libgcc.a(_dvmd_tls.o)
                0x000000000800021c                __aeabi_idiv0
                0x000000000800021c                __aeabi_ldiv0
 *(.text*)
 .text.vListInitialise
                0x0000000008000220       0x18 ./FreeRTOS/list.o
                0x0000000008000220                vListInitialise
 .text.vListInitialiseItem
                0x0000000008000238        0x8 ./FreeRTOS/list.o
                0x0000000008000238                vListInitialiseItem
 .text.vListInsertEnd
                0x0000000008000240       0x18 ./FreeRTOS/list.o
                0x0000000008000240                vListInsertEnd
 .text.vListInsert
                0x0000000008000258       0x30 ./FreeRTOS/list.o
                0x0000000008000258                vListInsert
 .text.uxListRemove
                0x0000000008000288       0x24 ./FreeRTOS/list.o
                0x0000000008000288                uxListRemove
 .text.prvCopyDataToQueue
                0x00000000080002ac       0x74 ./FreeRTOS/queue.o
 .text.xQueueGenericCreate
                0x0000000008000320      0x158 ./FreeRTOS/queue.o
                0x0000000008000320                xQueueGenericCreate
 .text.xQueueGenericSend
                0x0000000008000478      0x414 ./FreeRTOS/queue.o
                0x0000000008000478                xQueueGenericSend
 .text.xQueueCreateMutex
                0x000000000800088c      0x128 ./FreeRTOS/queue.o
                0x000000000800088c                xQueueCreateMutex
 .text.xQueueGiveFromISR
                0x00000000080009b4      0x144 ./FreeRTOS/queue.o
                0x00000000080009b4                xQueueGiveFromISR
 .text.xQueueReceive
                0x0000000008000af8      0x478 ./FreeRTOS/queue.o
                0x0000000008000af8                xQueueReceive
 .text.xQueueSemaphoreTake
                0x0000000008000f70      0x4a4 ./FreeRTOS/queue.o
                0x0000000008000f70                xQueueSemaphoreTake
 .text.uxQueueGetQueueNumber
                0x0000000008001414        0x4 ./FreeRTOS/queue.o
                0x0000000008001414                uxQueueGetQueueNumber
 .text.vQueueSetQueueNumber
                0x0000000008001418        0x4 ./FreeRTOS/queue.o
                0x0000000008001418                vQueueSetQueueNumber
 .text.ucQueueGetQueueType
                0x000000000800141c        0x8 ./FreeRTOS/queue.o
                0x000000000800141c                ucQueueGetQueueType
 .text.vQueueWaitForMessageRestricted
                0x0000000008001424       0xd0 ./FreeRTOS/queue.o
                0x0000000008001424                vQueueWaitForMessageRestricted
 .text.prvIdleTask
                0x00000000080014f4       0x60 ./FreeRTOS/tasks.o
 .text.vTaskSwitchContext.part.0
                0x0000000008001554       0xe0 ./FreeRTOS/tasks.o
 .text.xTaskCreate
                0x0000000008001634      0x2c0 ./FreeRTOS/tasks.o
                0x0000000008001634                xTaskCreate
 .text.vTaskStartScheduler
                0x00000000080018f4       0x98 ./FreeRTOS/tasks.o
                0x00000000080018f4                vTaskStartScheduler
 .text.vTaskSuspendAll
                0x000000000800198c       0x10 ./FreeRTOS/tasks.o
                0x000000000800198c                vTaskSuspendAll
 .text.xTaskGetTickCount
                0x000000000800199c        0xc ./FreeRTOS/tasks.o
                0x000000000800199c                xTaskGetTickCount
 .text.xTaskIncrementTick
                0x00000000080019a8      0x1d4 ./FreeRTOS/tasks.o
                0x00000000080019a8                xTaskIncrementTick
 .text.xTaskResumeAll.part.0
                0x0000000008001b7c      0x138 ./FreeRTOS/tasks.o
 .text.xTaskResumeAll
                0x0000000008001cb4       0x18 ./FreeRTOS/tasks.o
                0x0000000008001cb4                xTaskResumeAll
 .text.xTaskDelayUntil
                0x0000000008001ccc      0x11c ./FreeRTOS/tasks.o
                0x0000000008001ccc                xTaskDelayUntil
 .text.vTaskDelay
                0x0000000008001de8       0xcc ./FreeRTOS/tasks.o
                0x0000000008001de8                vTaskDelay
 .text.vTaskSwitchContext
                0x0000000008001eb4       0x20 ./FreeRTOS/tasks.o
                0x0000000008001eb4                vTaskSwitchContext
 .text.vTaskPlaceOnEventList
                0x0000000008001ed4       0x7c ./FreeRTOS/tasks.o
                0x0000000008001ed4                vTaskPlaceOnEventList
 .text.vTaskPlaceOnEventListRestricted
                0x0000000008001f50       0xfc ./FreeRTOS/tasks.o
                0x0000000008001f50                vTaskPlaceOnEventListRestricted
 .text.xTaskRemoveFromEventList
                0x000000000800204c       0xa0 ./FreeRTOS/tasks.o
                0x000000000800204c                xTaskRemoveFromEventList
 .text.vTaskInternalSetTimeOutState
                0x00000000080020ec       0x18 ./FreeRTOS/tasks.o
                0x00000000080020ec                vTaskInternalSetTimeOutState
 .text.xTaskCheckForTimeOut
                0x0000000008002104       0x70 ./FreeRTOS/tasks.o
                0x0000000008002104                xTaskCheckForTimeOut
 .text.vTaskMissedYield
                0x0000000008002174        0xc ./FreeRTOS/tasks.o
                0x0000000008002174                vTaskMissedYield
 .text.uxTaskGetTaskNumber
                0x0000000008002180        0xc ./FreeRTOS/tasks.o
                0x0000000008002180                uxTaskGetTaskNumber
 .text.vTaskSetTaskNumber
                0x000000000800218c        0x8 ./FreeRTOS/tasks.o
                0x000000000800218c                vTaskSetTaskNumber
 .text.xTaskGetCurrentTaskHandle
                0x0000000008002194        0xc ./FreeRTOS/tasks.o
                0x0000000008002194                xTaskGetCurrentTaskHandle
 .text.xTaskGetSchedulerState
                0x00000000080021a0       0x20 ./FreeRTOS/tasks.o
                0x00000000080021a0                xTaskGetSchedulerState
 .text.xTaskPriorityInherit
                0x00000000080021c0       0xf8 ./FreeRTOS/tasks.o
                0x00000000080021c0                xTaskPriorityInherit
 .text.xTaskPriorityDisinherit
                0x00000000080022b8       0xd0 ./FreeRTOS/tasks.o
                0x00000000080022b8                xTaskPriorityDisinherit
 .text.vTaskPriorityDisinheritAfterTimeout
                0x0000000008002388       0xe0 ./FreeRTOS/tasks.o
                0x0000000008002388                vTaskPriorityDisinheritAfterTimeout
 .text.pvTaskIncrementMutexHeldCount
                0x0000000008002468       0x18 ./FreeRTOS/tasks.o
                0x0000000008002468                pvTaskIncrementMutexHeldCount
 .text.prvSwitchTimerLists
                0x0000000008002480       0xa4 ./FreeRTOS/timers.o
 .text.prvTimerTask
                0x0000000008002524      0x270 ./FreeRTOS/timers.o
 .text.xTimerCreateTimerTask
                0x0000000008002794       0x80 ./FreeRTOS/timers.o
                0x0000000008002794                xTimerCreateTimerTask
 .text.prvTaskExitError
                0x0000000008002814       0x24 ./FreeRTOS/portable/GCC/ARM_CM0/port.o
 *fill*         0x0000000008002838        0x8 
 .text.vPortStartFirstTask
                0x0000000008002840       0x34 ./FreeRTOS/portable/GCC/ARM_CM0/port.o
 .text.pxPortInitialiseStack
                0x0000000008002874       0x20 ./FreeRTOS/portable/GCC/ARM_CM0/port.o
                0x0000000008002874                pxPortInitialiseStack
 .text.SVC_Handler
                0x0000000008002894        0x4 ./FreeRTOS/portable/GCC/ARM_CM0/port.o
                0x0000000008002894                SVC_Handler
 .text.vPortYield
                0x0000000008002898       0x18 ./FreeRTOS/portable/GCC/ARM_CM0/port.o
                0x0000000008002898                vPortYield
 .text.vPortEnterCritical
                0x00000000080028b0       0x18 ./FreeRTOS/portable/GCC/ARM_CM0/port.o
                0x00000000080028b0                vPortEnterCritical
 .text.vPortExitCritical
                0x00000000080028c8       0x1c ./FreeRTOS/portable/GCC/ARM_CM0/port.o
                0x00000000080028c8                vPortExitCritical
 .text.ulSetInterruptMaskFromISR
                0x00000000080028e4        0x8 ./FreeRTOS/portable/GCC/ARM_CM0/port.o
                0x00000000080028e4                ulSetInterruptMaskFromISR
 .text.vClearInterruptMaskFromISR
                0x00000000080028ec        0x8 ./FreeRTOS/portable/GCC/ARM_CM0/port.o
                0x00000000080028ec                vClearInterruptMaskFromISR
 *fill*         0x00000000080028f4        0xc 
 .text.PendSV_Handler
                0x0000000008002900       0x44 ./FreeRTOS/portable/GCC/ARM_CM0/port.o
                0x0000000008002900                PendSV_Handler
 .text.SysTick_Handler
                0x0000000008002944       0x24 ./FreeRTOS/portable/GCC/ARM_CM0/port.o
                0x0000000008002944                SysTick_Handler
 .text.vPortSetupTimerInterrupt
                0x0000000008002968       0x28 ./FreeRTOS/portable/GCC/ARM_CM0/port.o
                0x0000000008002968                vPortSetupTimerInterrupt
 .text.xPortStartScheduler
                0x0000000008002990       0x50 ./FreeRTOS/portable/GCC/ARM_CM0/port.o
                0x0000000008002990                xPortStartScheduler
 .text.pvPortMalloc
                0x00000000080029e0       0x94 ./FreeRTOS/portable/MemMang/heap_1.o
                0x00000000080029e0                pvPortMalloc
 .text.vPortFree
                0x0000000008002a74        0xc ./FreeRTOS/portable/MemMang/heap_1.o
                0x0000000008002a74                vPortFree
 .text.prvTraceGetQueueType
                0x0000000008002a80        0x8 ./TraceRecorder/trcKernelPort.o
                0x0000000008002a80                prvTraceGetQueueType
 .text.prvTraceGetTaskNumberLow16
                0x0000000008002a88        0xc ./TraceRecorder/trcKernelPort.o
                0x0000000008002a88                prvTraceGetTaskNumberLow16
 .text.prvTraceGetTaskNumberHigh16
                0x0000000008002a94        0xc ./TraceRecorder/trcKernelPort.o
                0x0000000008002a94                prvTraceGetTaskNumberHigh16
 .text.prvTraceSetTaskNumberLow16
                0x0000000008002aa0       0x18 ./TraceRecorder/trcKernelPort.o
                0x0000000008002aa0                prvTraceSetTaskNumberLow16
 .text.prvTraceSetTaskNumberHigh16
                0x0000000008002ab8       0x1c ./TraceRecorder/trcKernelPort.o
                0x0000000008002ab8                prvTraceSetTaskNumberHigh16
 .text.prvTraceGetQueueNumberLow16
                0x0000000008002ad4        0xc ./TraceRecorder/trcKernelPort.o
                0x0000000008002ad4                prvTraceGetQueueNumberLow16
 .text.prvTraceGetQueueNumberHigh16
                0x0000000008002ae0        0xc ./TraceRecorder/trcKernelPort.o
                0x0000000008002ae0                prvTraceGetQueueNumberHigh16
 .text.prvTraceSetQueueNumberLow16
                0x0000000008002aec       0x18 ./TraceRecorder/trcKernelPort.o
                0x0000000008002aec                prvTraceSetQueueNumberLow16
 .text.prvTraceSetQueueNumberHigh16
                0x0000000008002b04       0x1c ./TraceRecorder/trcKernelPort.o
                0x0000000008002b04                prvTraceSetQueueNumberHigh16
 .text.prvTraceGetCurrentTaskHandle
                0x0000000008002b20        0x8 ./TraceRecorder/trcKernelPort.o
                0x0000000008002b20                prvTraceGetCurrentTaskHandle
 .text.vTraceEnable
                0x0000000008002b28       0x38 ./TraceRecorder/trcKernelPort.o
                0x0000000008002b28                vTraceEnable
 .text.vTraceInitObjectPropertyTable
                0x0000000008002b60       0x7c ./TraceRecorder/trcKernelPort.o
                0x0000000008002b60                vTraceInitObjectPropertyTable
 .text.vTraceInitObjectHandleStack
                0x0000000008002bdc       0x7c ./TraceRecorder/trcKernelPort.o
                0x0000000008002bdc                vTraceInitObjectHandleStack
 .text.pszTraceGetErrorNotEnoughHandles
                0x0000000008002c58       0x18 ./TraceRecorder/trcKernelPort.o
                0x0000000008002c58                pszTraceGetErrorNotEnoughHandles
 .text.prvTraceGetDTS
                0x0000000008002c70      0x280 ./TraceRecorder/trcSnapshotRecorder.o
 .text.prvTraceInitTimestamps
                0x0000000008002ef0       0x14 ./TraceRecorder/trcSnapshotRecorder.o
                0x0000000008002ef0                prvTraceInitTimestamps
 .text.vTraceInitialize
                0x0000000008002f04      0x198 ./TraceRecorder/trcSnapshotRecorder.o
                0x0000000008002f04                vTraceInitialize
 .text.prvTraceStoreTaskReady
                0x000000000800309c      0x1b8 ./TraceRecorder/trcSnapshotRecorder.o
                0x000000000800309c                prvTraceStoreTaskReady
 .text.vTraceStoreMemMangEvent
                0x0000000008003254      0x370 ./TraceRecorder/trcSnapshotRecorder.o
                0x0000000008003254                vTraceStoreMemMangEvent
 .text.prvTraceStoreKernelCall
                0x00000000080035c4      0x25c ./TraceRecorder/trcSnapshotRecorder.o
                0x00000000080035c4                prvTraceStoreKernelCall
 .text.prvTraceStoreKernelCallWithParam
                0x0000000008003820      0x334 ./TraceRecorder/trcSnapshotRecorder.o
                0x0000000008003820                prvTraceStoreKernelCallWithParam
 .text.prvTraceStoreKernelCallWithNumericParamOnly
                0x0000000008003b54      0x2a4 ./TraceRecorder/trcSnapshotRecorder.o
                0x0000000008003b54                prvTraceStoreKernelCallWithNumericParamOnly
 .text.prvTraceSetPriorityProperty
                0x0000000008003df8      0x160 ./TraceRecorder/trcSnapshotRecorder.o
                0x0000000008003df8                prvTraceSetPriorityProperty
 .text.prvTraceGetPriorityProperty
                0x0000000008003f58      0x160 ./TraceRecorder/trcSnapshotRecorder.o
                0x0000000008003f58                prvTraceGetPriorityProperty
 .text.prvTraceSetObjectState
                0x00000000080040b8      0x160 ./TraceRecorder/trcSnapshotRecorder.o
                0x00000000080040b8                prvTraceSetObjectState
 .text.prvTraceSetTaskInstanceFinished
                0x0000000008004218      0x100 ./TraceRecorder/trcSnapshotRecorder.o
                0x0000000008004218                prvTraceSetTaskInstanceFinished
 .text.uiIndexOfObject
                0x0000000008004318       0xe8 ./TraceRecorder/trcSnapshotRecorder.o
                0x0000000008004318                uiIndexOfObject
 .text.prvTraceStoreTaskswitch
                0x0000000008004400      0x2c8 ./TraceRecorder/trcSnapshotRecorder.o
                0x0000000008004400                prvTraceStoreTaskswitch
 .text.prvTraceGetObjectHandle
                0x00000000080046c8      0x17c ./TraceRecorder/trcSnapshotRecorder.o
                0x00000000080046c8                prvTraceGetObjectHandle
 .text.prvMarkObjectAsUsed
                0x0000000008004844      0x130 ./TraceRecorder/trcSnapshotRecorder.o
                0x0000000008004844                prvMarkObjectAsUsed
 .text.prvTraceSetObjectName
                0x0000000008004974      0x1a0 ./TraceRecorder/trcSnapshotRecorder.o
                0x0000000008004974                prvTraceSetObjectName
 .text.vTraceStart
                0x0000000008004b14      0x118 ./TraceRecorder/trcSnapshotRecorder.o
                0x0000000008004b14                vTraceStart
 .text.prvTraceError
                0x0000000008004c2c       0x5c ./TraceRecorder/trcSnapshotRecorder.o
                0x0000000008004c2c                prvTraceError
 .text.prvTracePortGetTimeStamp
                0x0000000008004c88       0xa0 ./TraceRecorder/trcSnapshotRecorder.o
                0x0000000008004c88                prvTracePortGetTimeStamp
 .text.vTaskPalettiseur
                0x0000000008004d28      0x1f4 ./app/src/main.o
                0x0000000008004d28                vTaskPalettiseur
 .text.vTaskAscenseur
                0x0000000008004f1c      0x280 ./app/src/main.o
                0x0000000008004f1c                vTaskAscenseur
 .text.vTaskPalette
                0x000000000800519c      0x198 ./app/src/main.o
                0x000000000800519c                vTaskPalette
 .text.vTaskWrite
                0x0000000008005334       0xf0 ./app/src/main.o
                0x0000000008005334                vTaskWrite
 .text.vTaskRead
                0x0000000008005424      0x370 ./app/src/main.o
                0x0000000008005424                vTaskRead
 .text.startup.main
                0x0000000008005794      0x29c ./app/src/main.o
                0x0000000008005794                main
 .text.NMI_Handler
                0x0000000008005a30        0x4 ./app/src/stm32f0xx_it.o
                0x0000000008005a30                NMI_Handler
 .text.HardFault_Handler
                0x0000000008005a34        0x4 ./app/src/stm32f0xx_it.o
                0x0000000008005a34                HardFault_Handler
 .text.USART2_IRQHandler
                0x0000000008005a38       0x44 ./app/src/stm32f0xx_it.o
                0x0000000008005a38                USART2_IRQHandler
 .text.DMA1_Channel4_5_6_7_IRQHandler
                0x0000000008005a7c       0x44 ./app/src/stm32f0xx_it.o
                0x0000000008005a7c                DMA1_Channel4_5_6_7_IRQHandler
 .text.BSP_LED_Init
                0x0000000008005ac0       0x54 ./bsp/src/bsp.o
                0x0000000008005ac0                BSP_LED_Init
 .text.BSP_Console_Init
                0x0000000008005b14      0x130 ./bsp/src/bsp.o
                0x0000000008005b14                BSP_Console_Init
 .text.FACTORY_IO_Sensors_Get
                0x0000000008005c44       0x24 ./bsp/src/factory_io.o
                0x0000000008005c44                FACTORY_IO_Sensors_Get
 .text.Reset_Handler
                0x0000000008005c68       0x50 ./cmsis/device/src/startup_stm32f072xb.o
                0x0000000008005c68                Reset_Handler
 .text.Default_Handler
                0x0000000008005cb8        0x2 ./cmsis/device/src/startup_stm32f072xb.o
                0x0000000008005cb8                TIM1_CC_IRQHandler
                0x0000000008005cb8                TSC_IRQHandler
                0x0000000008005cb8                ADC1_COMP_IRQHandler
                0x0000000008005cb8                I2C1_IRQHandler
                0x0000000008005cb8                RCC_CRS_IRQHandler
                0x0000000008005cb8                SPI1_IRQHandler
                0x0000000008005cb8                TIM6_DAC_IRQHandler
                0x0000000008005cb8                USART3_4_IRQHandler
                0x0000000008005cb8                EXTI2_3_IRQHandler
                0x0000000008005cb8                I2C2_IRQHandler
                0x0000000008005cb8                TIM17_IRQHandler
                0x0000000008005cb8                CEC_CAN_IRQHandler
                0x0000000008005cb8                RTC_IRQHandler
                0x0000000008005cb8                PVD_VDDIO2_IRQHandler
                0x0000000008005cb8                TIM16_IRQHandler
                0x0000000008005cb8                TIM3_IRQHandler
                0x0000000008005cb8                EXTI4_15_IRQHandler
                0x0000000008005cb8                DMA1_Channel1_IRQHandler
                0x0000000008005cb8                Default_Handler
                0x0000000008005cb8                TIM14_IRQHandler
                0x0000000008005cb8                TIM7_IRQHandler
                0x0000000008005cb8                TIM15_IRQHandler
                0x0000000008005cb8                EXTI0_1_IRQHandler
                0x0000000008005cb8                USB_IRQHandler
                0x0000000008005cb8                SPI2_IRQHandler
                0x0000000008005cb8                WWDG_IRQHandler
                0x0000000008005cb8                TIM2_IRQHandler
                0x0000000008005cb8                DMA1_Channel2_3_IRQHandler
                0x0000000008005cb8                FLASH_IRQHandler
                0x0000000008005cb8                USART1_IRQHandler
                0x0000000008005cb8                TIM1_BRK_UP_TRG_COM_IRQHandler
 *fill*         0x0000000008005cba        0x2 
 .text.SystemInit
                0x0000000008005cbc        0x4 ./cmsis/device/src/system_stm32f0xx.o
                0x0000000008005cbc                SystemInit
 .text.SystemCoreClockUpdate
                0x0000000008005cc0       0x70 ./cmsis/device/src/system_stm32f0xx.o
                0x0000000008005cc0                SystemCoreClockUpdate
 .text.memset   0x0000000008005d30       0x10 C:/ST/STM32CubeIDE_1.14.0/STM32CubeIDE/plugins/com.st.stm32cube.ide.mcu.externaltools.gnu-tools-for-stm32.11.3.rel1.win32_1.1.100.202309141235/tools/bin/../lib/gcc/arm-none-eabi/11.3.1/../../../../arm-none-eabi/lib/thumb/v6-m/nofp\libc_nano.a(libc_a-memset.o)
                0x0000000008005d30                memset
 .text.__libc_init_array
                0x0000000008005d40       0x48 C:/ST/STM32CubeIDE_1.14.0/STM32CubeIDE/plugins/com.st.stm32cube.ide.mcu.externaltools.gnu-tools-for-stm32.11.3.rel1.win32_1.1.100.202309141235/tools/bin/../lib/gcc/arm-none-eabi/11.3.1/../../../../arm-none-eabi/lib/thumb/v6-m/nofp\libc_nano.a(libc_a-init.o)
                0x0000000008005d40                __libc_init_array
 .text.memcpy   0x0000000008005d88       0x12 C:/ST/STM32CubeIDE_1.14.0/STM32CubeIDE/plugins/com.st.stm32cube.ide.mcu.externaltools.gnu-tools-for-stm32.11.3.rel1.win32_1.1.100.202309141235/tools/bin/../lib/gcc/arm-none-eabi/11.3.1/../../../../arm-none-eabi/lib/thumb/v6-m/nofp\libc_nano.a(libc_a-memcpy-stub.o)
                0x0000000008005d88                memcpy
 *(.glue_7)
 .glue_7        0x0000000008005d9a        0x0 linker stubs
 *(.glue_7t)
 .glue_7t       0x0000000008005d9a        0x0 linker stubs
 *(.eh_frame)
 *fill*         0x0000000008005d9a        0x2 
 .eh_frame      0x0000000008005d9c        0x0 C:/ST/STM32CubeIDE_1.14.0/STM32CubeIDE/plugins/com.st.stm32cube.ide.mcu.externaltools.gnu-tools-for-stm32.11.3.rel1.win32_1.1.100.202309141235/tools/bin/../lib/gcc/arm-none-eabi/11.3.1/thumb/v6-m/nofp/crtbegin.o
 *(.init)
 .init          0x0000000008005d9c        0x4 C:/ST/STM32CubeIDE_1.14.0/STM32CubeIDE/plugins/com.st.stm32cube.ide.mcu.externaltools.gnu-tools-for-stm32.11.3.rel1.win32_1.1.100.202309141235/tools/bin/../lib/gcc/arm-none-eabi/11.3.1/thumb/v6-m/nofp/crti.o
                0x0000000008005d9c                _init
 .init          0x0000000008005da0        0x8 C:/ST/STM32CubeIDE_1.14.0/STM32CubeIDE/plugins/com.st.stm32cube.ide.mcu.externaltools.gnu-tools-for-stm32.11.3.rel1.win32_1.1.100.202309141235/tools/bin/../lib/gcc/arm-none-eabi/11.3.1/thumb/v6-m/nofp/crtn.o
 *(.fini)
 .fini          0x0000000008005da8        0x4 C:/ST/STM32CubeIDE_1.14.0/STM32CubeIDE/plugins/com.st.stm32cube.ide.mcu.externaltools.gnu-tools-for-stm32.11.3.rel1.win32_1.1.100.202309141235/tools/bin/../lib/gcc/arm-none-eabi/11.3.1/thumb/v6-m/nofp/crti.o
                0x0000000008005da8                _fini
 .fini          0x0000000008005dac        0x8 C:/ST/STM32CubeIDE_1.14.0/STM32CubeIDE/plugins/com.st.stm32cube.ide.mcu.externaltools.gnu-tools-for-stm32.11.3.rel1.win32_1.1.100.202309141235/tools/bin/../lib/gcc/arm-none-eabi/11.3.1/thumb/v6-m/nofp/crtn.o
                0x0000000008005db4                . = ALIGN (0x4)
                0x0000000008005db4                _etext = .

.vfp11_veneer   0x0000000008005db4        0x0
 .vfp11_veneer  0x0000000008005db4        0x0 linker stubs

.v4_bx          0x0000000008005db4        0x0
 .v4_bx         0x0000000008005db4        0x0 linker stubs

.iplt           0x0000000008005db4        0x0
 .iplt          0x0000000008005db4        0x0 C:/ST/STM32CubeIDE_1.14.0/STM32CubeIDE/plugins/com.st.stm32cube.ide.mcu.externaltools.gnu-tools-for-stm32.11.3.rel1.win32_1.1.100.202309141235/tools/bin/../lib/gcc/arm-none-eabi/11.3.1/thumb/v6-m/nofp/crtbegin.o

.rodata         0x0000000008005db4      0xc90
                0x0000000008005db4                . = ALIGN (0x4)
 *(.rodata)
 *(.rodata*)
 .rodata.vTaskStartScheduler.str1.4
                0x0000000008005db4        0x5 ./FreeRTOS/tasks.o
 *fill*         0x0000000008005db9        0x3 
 .rodata.prvTimerTask
                0x0000000008005dbc       0x28 ./FreeRTOS/timers.o
 .rodata.xTimerCreateTimerTask.str1.4
                0x0000000008005de4        0x8 ./FreeRTOS/timers.o
 .rodata.vTraceEnable.str1.4
                0x0000000008005dec       0x74 ./TraceRecorder/trcKernelPort.o
 .rodata.pszTraceGetErrorNotEnoughHandles.str1.4
                0x0000000008005e60       0x2e ./TraceRecorder/trcKernelPort.o
 *fill*         0x0000000008005e8e        0x2 
 .rodata.str1.4
                0x0000000008005e90      0x2ce ./TraceRecorder/trcKernelPort.o
 *fill*         0x000000000800615e        0x2 
 .rodata.CSWTCH.56
                0x0000000008006160       0x24 ./TraceRecorder/trcKernelPort.o
 .rodata.prvTraceGetDTS.str1.4
                0x0000000008006184       0x67 ./TraceRecorder/trcSnapshotRecorder.o
 *fill*         0x00000000080061eb        0x1 
 .rodata.xTraceSetISRProperties.str1.4
                0x00000000080061ec      0x166 ./TraceRecorder/trcSnapshotRecorder.o
 *fill*         0x0000000008006352        0x2 
 .rodata.vTraceInitialize.str1.4
                0x0000000008006354       0x14 ./TraceRecorder/trcSnapshotRecorder.o
 .rodata.prvTraceStoreTaskReady.str1.4
                0x0000000008006368       0x75 ./TraceRecorder/trcSnapshotRecorder.o
 *fill*         0x00000000080063dd        0x3 
 .rodata.prvTraceStoreKernelCall.str1.4
                0x00000000080063e0       0xfd ./TraceRecorder/trcSnapshotRecorder.o
 *fill*         0x00000000080064dd        0x3 
 .rodata.prvTraceStoreKernelCallWithParam.str1.4
                0x00000000080064e0      0x115 ./TraceRecorder/trcSnapshotRecorder.o
 *fill*         0x00000000080065f5        0x3 
 .rodata.prvTraceStoreKernelCallWithNumericParamOnly.str1.4
                0x00000000080065f8       0x8d ./TraceRecorder/trcSnapshotRecorder.o
 *fill*         0x0000000008006685        0x3 
 .rodata.prvTraceSetPriorityProperty.str1.4
                0x0000000008006688       0x49 ./TraceRecorder/trcSnapshotRecorder.o
 *fill*         0x00000000080066d1        0x3 
 .rodata.prvTraceGetPriorityProperty.str1.4
                0x00000000080066d4       0x8c ./TraceRecorder/trcSnapshotRecorder.o
 .rodata.prvTraceSetObjectState.str1.4
                0x0000000008006760       0x7f ./TraceRecorder/trcSnapshotRecorder.o
 *fill*         0x00000000080067df        0x1 
 .rodata.prvTraceSetTaskInstanceFinished.str1.4
                0x00000000080067e0       0x48 ./TraceRecorder/trcSnapshotRecorder.o
 .rodata.uiIndexOfObject.str1.4
                0x0000000008006828       0x3d ./TraceRecorder/trcSnapshotRecorder.o
 *fill*         0x0000000008006865        0x3 
 .rodata.prvTraceStoreTaskswitch.str1.4
                0x0000000008006868       0x83 ./TraceRecorder/trcSnapshotRecorder.o
 *fill*         0x00000000080068eb        0x1 
 .rodata.prvTraceGetObjectHandle.str1.4
                0x00000000080068ec       0x45 ./TraceRecorder/trcSnapshotRecorder.o
 *fill*         0x0000000008006931        0x3 
 .rodata.prvTraceSetObjectName.str1.4
                0x0000000008006934       0x62 ./TraceRecorder/trcSnapshotRecorder.o
 *fill*         0x0000000008006996        0x2 
 .rodata.uiTraceStart.str1.4
                0x0000000008006998       0x4e ./TraceRecorder/trcSnapshotRecorder.o
 *fill*         0x00000000080069e6        0x2 
 .rodata.main.str1.4
                0x00000000080069e8       0x4b ./app/src/main.o
 *fill*         0x0000000008006a33        0x1 
 .rodata.AHBPrescTable
                0x0000000008006a34       0x10 ./cmsis/device/src/system_stm32f0xx.o
                0x0000000008006a34                AHBPrescTable
                0x0000000008006a44                . = ALIGN (0x4)

.rel.dyn        0x0000000008006a44        0x0
 .rel.iplt      0x0000000008006a44        0x0 C:/ST/STM32CubeIDE_1.14.0/STM32CubeIDE/plugins/com.st.stm32cube.ide.mcu.externaltools.gnu-tools-for-stm32.11.3.rel1.win32_1.1.100.202309141235/tools/bin/../lib/gcc/arm-none-eabi/11.3.1/thumb/v6-m/nofp/crtbegin.o

.ARM.extab
 *(.ARM.extab* .gnu.linkonce.armextab.*)

.ARM            0x0000000008006a44        0x0
                0x0000000008006a44                __exidx_start = .
 *(.ARM.exidx*)
                0x0000000008006a44                __exidx_end = .

.preinit_array  0x0000000008006a44        0x0
                0x0000000008006a44                PROVIDE (__preinit_array_start = .)
 *(.preinit_array*)
                0x0000000008006a44                PROVIDE (__preinit_array_end = .)

.init_array     0x0000000008006a44        0x4
                0x0000000008006a44                PROVIDE (__init_array_start = .)
 *(SORT_BY_NAME(.init_array.*))
 *(.init_array*)
 .init_array    0x0000000008006a44        0x4 C:/ST/STM32CubeIDE_1.14.0/STM32CubeIDE/plugins/com.st.stm32cube.ide.mcu.externaltools.gnu-tools-for-stm32.11.3.rel1.win32_1.1.100.202309141235/tools/bin/../lib/gcc/arm-none-eabi/11.3.1/thumb/v6-m/nofp/crtbegin.o
                0x0000000008006a48                PROVIDE (__init_array_end = .)

.fini_array     0x0000000008006a48        0x4
                [!provide]                        PROVIDE (__fini_array_start = .)
 *(SORT_BY_NAME(.fini_array.*))
 *(.fini_array*)
 .fini_array    0x0000000008006a48        0x4 C:/ST/STM32CubeIDE_1.14.0/STM32CubeIDE/plugins/com.st.stm32cube.ide.mcu.externaltools.gnu-tools-for-stm32.11.3.rel1.win32_1.1.100.202309141235/tools/bin/../lib/gcc/arm-none-eabi/11.3.1/thumb/v6-m/nofp/crtbegin.o
                [!provide]                        PROVIDE (__fini_array_end = .)
                0x0000000008006a4c                _sidata = LOADADDR (.data)

.data           0x0000000020000000       0x18 load address 0x0000000008006a4c
                0x0000000020000000                . = ALIGN (0x4)
                0x0000000020000000                _sdata = .
 *(.data)
 *(.data*)
 .data.uxTopUsedPriority
                0x0000000020000000        0x4 ./FreeRTOS/tasks.o
                0x0000000020000000                uxTopUsedPriority
 .data.uxCriticalNesting
                0x0000000020000004        0x4 ./FreeRTOS/portable/GCC/ARM_CM0/port.o
 .data.TraceQueueClassTable
                0x0000000020000008        0x5 ./TraceRecorder/trcKernelPort.o
                0x0000000020000008                TraceQueueClassTable
 *fill*         0x000000002000000d        0x3 
 .data.readyEventsEnabled
                0x0000000020000010        0x4 ./TraceRecorder/trcSnapshotRecorder.o
 .data.SystemCoreClock
                0x0000000020000014        0x4 ./cmsis/device/src/system_stm32f0xx.o
                0x0000000020000014                SystemCoreClock
                0x0000000020000018                . = ALIGN (0x4)
                0x0000000020000018                _edata = .

.igot.plt       0x0000000020000018        0x0 load address 0x0000000008006a64
 .igot.plt      0x0000000020000018        0x0 C:/ST/STM32CubeIDE_1.14.0/STM32CubeIDE/plugins/com.st.stm32cube.ide.mcu.externaltools.gnu-tools-for-stm32.11.3.rel1.win32_1.1.100.202309141235/tools/bin/../lib/gcc/arm-none-eabi/11.3.1/thumb/v6-m/nofp/crtbegin.o
                0x0000000020000018                . = ALIGN (0x4)

.bss            0x0000000020000018     0x34c8 load address 0x0000000008006a64
                0x0000000020000018                _sbss = .
                0x0000000020000018                __bss_start__ = _sbss
 *(.bss)
 .bss           0x0000000020000018       0x1c C:/ST/STM32CubeIDE_1.14.0/STM32CubeIDE/plugins/com.st.stm32cube.ide.mcu.externaltools.gnu-tools-for-stm32.11.3.rel1.win32_1.1.100.202309141235/tools/bin/../lib/gcc/arm-none-eabi/11.3.1/thumb/v6-m/nofp/crtbegin.o
 *(.bss*)
 .bss.pxCurrentTCB
                0x0000000020000034        0x4 ./FreeRTOS/tasks.o
                0x0000000020000034                pxCurrentTCB
 .bss.pxDelayedTaskList
                0x0000000020000038        0x4 ./FreeRTOS/tasks.o
 .bss.pxOverflowDelayedTaskList
                0x000000002000003c        0x4 ./FreeRTOS/tasks.o
 .bss.pxReadyTasksLists
                0x0000000020000040       0x64 ./FreeRTOS/tasks.o
 .bss.uxCurrentNumberOfTasks
                0x00000000200000a4        0x4 ./FreeRTOS/tasks.o
 .bss.uxDeletedTasksWaitingCleanUp
                0x00000000200000a8        0x4 ./FreeRTOS/tasks.o
 .bss.uxSchedulerSuspended
                0x00000000200000ac        0x4 ./FreeRTOS/tasks.o
 .bss.uxTaskNumber
                0x00000000200000b0        0x4 ./FreeRTOS/tasks.o
 .bss.uxTopReadyPriority
                0x00000000200000b4        0x4 ./FreeRTOS/tasks.o
 .bss.xDelayedTaskList1
                0x00000000200000b8       0x14 ./FreeRTOS/tasks.o
 .bss.xDelayedTaskList2
                0x00000000200000cc       0x14 ./FreeRTOS/tasks.o
 .bss.xIdleTaskHandle
                0x00000000200000e0        0x4 ./FreeRTOS/tasks.o
 .bss.xNextTaskUnblockTime
                0x00000000200000e4        0x4 ./FreeRTOS/tasks.o
 .bss.xNumOfOverflows
                0x00000000200000e8        0x4 ./FreeRTOS/tasks.o
 .bss.xPendedTicks
                0x00000000200000ec        0x4 ./FreeRTOS/tasks.o
 .bss.xPendingReadyList
                0x00000000200000f0       0x14 ./FreeRTOS/tasks.o
 .bss.xSchedulerRunning
                0x0000000020000104        0x4 ./FreeRTOS/tasks.o
 .bss.xSuspendedTaskList
                0x0000000020000108       0x14 ./FreeRTOS/tasks.o
 .bss.xTasksWaitingTermination
                0x000000002000011c       0x14 ./FreeRTOS/tasks.o
 .bss.xTickCount
                0x0000000020000130        0x4 ./FreeRTOS/tasks.o
 .bss.xYieldPending
                0x0000000020000134        0x4 ./FreeRTOS/tasks.o
 .bss.pxCurrentTimerList
                0x0000000020000138        0x4 ./FreeRTOS/timers.o
 .bss.pxOverflowTimerList
                0x000000002000013c        0x4 ./FreeRTOS/timers.o
 .bss.xActiveTimerList1
                0x0000000020000140       0x14 ./FreeRTOS/timers.o
 .bss.xActiveTimerList2
                0x0000000020000154       0x14 ./FreeRTOS/timers.o
 .bss.xLastTime.0
                0x0000000020000168        0x4 ./FreeRTOS/timers.o
 .bss.xTimerQueue
                0x000000002000016c        0x4 ./FreeRTOS/timers.o
 .bss.xTimerTaskHandle
                0x0000000020000170        0x4 ./FreeRTOS/timers.o
 .bss.pucAlignedHeap.0
                0x0000000020000174        0x4 ./FreeRTOS/portable/MemMang/heap_1.o
 .bss.ucHeap    0x0000000020000178     0x1c00 ./FreeRTOS/portable/MemMang/heap_1.o
 .bss.xNextFreeByte
                0x0000000020001d78        0x4 ./FreeRTOS/portable/MemMang/heap_1.o
 .bss.CurrentFilterGroup
                0x0000000020001d7c        0x2 ./TraceRecorder/trcSnapshotRecorder.o
                0x0000000020001d7c                CurrentFilterGroup
 .bss.CurrentFilterMask
                0x0000000020001d7e        0x2 ./TraceRecorder/trcSnapshotRecorder.o
                0x0000000020001d7e                CurrentFilterMask
 .bss.RecorderData
                0x0000000020001d80     0x1674 ./TraceRecorder/trcSnapshotRecorder.o
                0x0000000020001d80                RecorderData
 .bss.RecorderDataPtr
                0x00000000200033f4        0x4 ./TraceRecorder/trcSnapshotRecorder.o
                0x00000000200033f4                RecorderDataPtr
 .bss.RecorderInitialized
                0x00000000200033f8        0x4 ./TraceRecorder/trcSnapshotRecorder.o
                0x00000000200033f8                RecorderInitialized
 .bss.handle_of_last_logged_task
                0x00000000200033fc        0x1 ./TraceRecorder/trcSnapshotRecorder.o
                0x00000000200033fc                handle_of_last_logged_task
 *fill*         0x00000000200033fd        0x3 
 .bss.init_hwtc_count
                0x0000000020003400        0x4 ./TraceRecorder/trcSnapshotRecorder.o
                0x0000000020003400                init_hwtc_count
 .bss.isPendingContextSwitch
                0x0000000020003404        0x4 ./TraceRecorder/trcSnapshotRecorder.o
                0x0000000020003404                isPendingContextSwitch
 .bss.last_hwtc_count.0
                0x0000000020003408        0x4 ./TraceRecorder/trcSnapshotRecorder.o
 .bss.last_timestamp
                0x000000002000340c        0x4 ./TraceRecorder/trcSnapshotRecorder.o
 .bss.last_traceTickCount.1
                0x0000000020003410        0x4 ./TraceRecorder/trcSnapshotRecorder.o
 .bss.objectHandleStacks
                0x0000000020003414       0x68 ./TraceRecorder/trcSnapshotRecorder.o
                0x0000000020003414                objectHandleStacks
 .bss.old_timestamp.5
                0x000000002000347c        0x4 ./TraceRecorder/trcSnapshotRecorder.o
 .bss.recorder_busy
                0x0000000020003480        0x4 ./TraceRecorder/trcSnapshotRecorder.o
                0x0000000020003480                recorder_busy
 .bss.timestampFrequency
                0x0000000020003484        0x4 ./TraceRecorder/trcSnapshotRecorder.o
                0x0000000020003484                timestampFrequency
 .bss.traceErrorMessage
                0x0000000020003488        0x4 ./TraceRecorder/trcSnapshotRecorder.o
                0x0000000020003488                traceErrorMessage
 .bss.trace_disable_timestamp
                0x000000002000348c        0x4 ./TraceRecorder/trcSnapshotRecorder.o
                0x000000002000348c                trace_disable_timestamp
 .bss.uiTraceSystemState
                0x0000000020003490        0x4 ./TraceRecorder/trcSnapshotRecorder.o
                0x0000000020003490                uiTraceSystemState
 .bss.uiTraceTickCount
                0x0000000020003494        0x4 ./TraceRecorder/trcSnapshotRecorder.o
                0x0000000020003494                uiTraceTickCount
 .bss.vTraceStopHookPtr
                0x0000000020003498        0x4 ./TraceRecorder/trcSnapshotRecorder.o
                0x0000000020003498                vTraceStopHookPtr
 .bss.xComQueue
                0x000000002000349c        0x4 ./app/src/main.o
                0x000000002000349c                xComQueue
 .bss.xConsoleMutex
                0x00000000200034a0        0x4 ./app/src/main.o
                0x00000000200034a0                xConsoleMutex
 .bss.xSem1     0x00000000200034a4        0x4 ./app/src/main.o
                0x00000000200034a4                xSem1
 .bss.xSem2     0x00000000200034a8        0x4 ./app/src/main.o
                0x00000000200034a8                xSem2
 .bss.xSem3     0x00000000200034ac        0x4 ./app/src/main.o
                0x00000000200034ac                xSem3
 .bss.xSemAscenseur
                0x00000000200034b0        0x4 ./app/src/main.o
                0x00000000200034b0                xSemAscenseur
 .bss.xSemCarton
                0x00000000200034b4        0x4 ./app/src/main.o
                0x00000000200034b4                xSemCarton
 .bss.xSemPalette
                0x00000000200034b8        0x4 ./app/src/main.o
                0x00000000200034b8                xSemPalette
 .bss.xSem_DMA_TC
                0x00000000200034bc        0x4 ./app/src/main.o
                0x00000000200034bc                xSem_DMA_TC
 .bss.xSem_UART_TC
                0x00000000200034c0        0x4 ./app/src/main.o
                0x00000000200034c0                xSem_UART_TC
 .bss.xSubcribeQueue
                0x00000000200034c4        0x4 ./app/src/main.o
                0x00000000200034c4                xSubcribeQueue
 .bss.rx_dma_buffer
                0x00000000200034c8        0xe ./bsp/src/factory_io.o
                0x00000000200034c8                rx_dma_buffer
 *fill*         0x00000000200034d6        0x2 
 .bss.tx_dma_buffer
                0x00000000200034d8        0x7 ./bsp/src/factory_io.o
                0x00000000200034d8                tx_dma_buffer
 *(COMMON)
                0x00000000200034e0                . = ALIGN (0x4)
 *fill*         0x00000000200034df        0x1 
                0x00000000200034e0                _ebss = .
                0x00000000200034e0                __bss_end__ = _ebss

._user_heap_stack
                0x00000000200034e0      0x600 load address 0x0000000008006a64
                0x00000000200034e0                . = ALIGN (0x8)
                0x00000000200034e0                PROVIDE (end = .)
                [!provide]                        PROVIDE (_end = .)
                0x00000000200036e0                . = (. + _Min_Heap_Size)
 *fill*         0x00000000200034e0      0x200 
                0x0000000020003ae0                . = (. + _Min_Stack_Size)
 *fill*         0x00000000200036e0      0x400 
                0x0000000020003ae0                . = ALIGN (0x8)

/DISCARD/
 libc.a(*)
 libm.a(*)
 libgcc.a(*)

.ARM.attributes
                0x0000000000000000       0x28
 *(.ARM.attributes)
 .ARM.attributes
                0x0000000000000000       0x1e C:/ST/STM32CubeIDE_1.14.0/STM32CubeIDE/plugins/com.st.stm32cube.ide.mcu.externaltools.gnu-tools-for-stm32.11.3.rel1.win32_1.1.100.202309141235/tools/bin/../lib/gcc/arm-none-eabi/11.3.1/thumb/v6-m/nofp/crti.o
 .ARM.attributes
                0x000000000000001e       0x2c C:/ST/STM32CubeIDE_1.14.0/STM32CubeIDE/plugins/com.st.stm32cube.ide.mcu.externaltools.gnu-tools-for-stm32.11.3.rel1.win32_1.1.100.202309141235/tools/bin/../lib/gcc/arm-none-eabi/11.3.1/thumb/v6-m/nofp/crtbegin.o
 .ARM.attributes
                0x000000000000004a       0x2c ./FreeRTOS/list.o
 .ARM.attributes
                0x0000000000000076       0x2c ./FreeRTOS/queue.o
 .ARM.attributes
                0x00000000000000a2       0x2c ./FreeRTOS/tasks.o
 .ARM.attributes
                0x00000000000000ce       0x2c ./FreeRTOS/timers.o
 .ARM.attributes
                0x00000000000000fa       0x2c ./FreeRTOS/portable/GCC/ARM_CM0/port.o
 .ARM.attributes
                0x0000000000000126       0x2c ./FreeRTOS/portable/MemMang/heap_1.o
 .ARM.attributes
                0x0000000000000152       0x2c ./TraceRecorder/trcKernelPort.o
 .ARM.attributes
                0x000000000000017e       0x2c ./TraceRecorder/trcSnapshotRecorder.o
 .ARM.attributes
                0x00000000000001aa       0x2c ./app/src/main.o
 .ARM.attributes
                0x00000000000001d6       0x2c ./app/src/stm32f0xx_it.o
 .ARM.attributes
                0x0000000000000202       0x2c ./bsp/src/bsp.o
 .ARM.attributes
                0x000000000000022e       0x2c ./bsp/src/factory_io.o
 .ARM.attributes
                0x000000000000025a       0x21 ./cmsis/device/src/startup_stm32f072xb.o
 .ARM.attributes
                0x000000000000027b       0x2c ./cmsis/device/src/system_stm32f0xx.o
 .ARM.attributes
                0x00000000000002a7       0x2c C:/ST/STM32CubeIDE_1.14.0/STM32CubeIDE/plugins/com.st.stm32cube.ide.mcu.externaltools.gnu-tools-for-stm32.11.3.rel1.win32_1.1.100.202309141235/tools/bin/../lib/gcc/arm-none-eabi/11.3.1/../../../../arm-none-eabi/lib/thumb/v6-m/nofp\libc_nano.a(libc_a-memset.o)
 .ARM.attributes
                0x00000000000002d3       0x2c C:/ST/STM32CubeIDE_1.14.0/STM32CubeIDE/plugins/com.st.stm32cube.ide.mcu.externaltools.gnu-tools-for-stm32.11.3.rel1.win32_1.1.100.202309141235/tools/bin/../lib/gcc/arm-none-eabi/11.3.1/../../../../arm-none-eabi/lib/thumb/v6-m/nofp\libc_nano.a(libc_a-init.o)
 .ARM.attributes
                0x00000000000002ff       0x2c C:/ST/STM32CubeIDE_1.14.0/STM32CubeIDE/plugins/com.st.stm32cube.ide.mcu.externaltools.gnu-tools-for-stm32.11.3.rel1.win32_1.1.100.202309141235/tools/bin/../lib/gcc/arm-none-eabi/11.3.1/../../../../arm-none-eabi/lib/thumb/v6-m/nofp\libc_nano.a(libc_a-memcpy-stub.o)
 .ARM.attributes
                0x000000000000032b       0x1e C:/ST/STM32CubeIDE_1.14.0/STM32CubeIDE/plugins/com.st.stm32cube.ide.mcu.externaltools.gnu-tools-for-stm32.11.3.rel1.win32_1.1.100.202309141235/tools/bin/../lib/gcc/arm-none-eabi/11.3.1/thumb/v6-m/nofp\libgcc.a(_udivsi3.o)
 .ARM.attributes
                0x0000000000000349       0x1e C:/ST/STM32CubeIDE_1.14.0/STM32CubeIDE/plugins/com.st.stm32cube.ide.mcu.externaltools.gnu-tools-for-stm32.11.3.rel1.win32_1.1.100.202309141235/tools/bin/../lib/gcc/arm-none-eabi/11.3.1/thumb/v6-m/nofp\libgcc.a(_dvmd_tls.o)
 .ARM.attributes
                0x0000000000000367       0x1e C:/ST/STM32CubeIDE_1.14.0/STM32CubeIDE/plugins/com.st.stm32cube.ide.mcu.externaltools.gnu-tools-for-stm32.11.3.rel1.win32_1.1.100.202309141235/tools/bin/../lib/gcc/arm-none-eabi/11.3.1/thumb/v6-m/nofp/crtn.o
OUTPUT(TP3.elf elf32-littlearm)
LOAD linker stubs
LOAD C:/ST/STM32CubeIDE_1.14.0/STM32CubeIDE/plugins/com.st.stm32cube.ide.mcu.externaltools.gnu-tools-for-stm32.11.3.rel1.win32_1.1.100.202309141235/tools/bin/../lib/gcc/arm-none-eabi/11.3.1/../../../../arm-none-eabi/lib/thumb/v6-m/nofp\libc.a
LOAD C:/ST/STM32CubeIDE_1.14.0/STM32CubeIDE/plugins/com.st.stm32cube.ide.mcu.externaltools.gnu-tools-for-stm32.11.3.rel1.win32_1.1.100.202309141235/tools/bin/../lib/gcc/arm-none-eabi/11.3.1/../../../../arm-none-eabi/lib/thumb/v6-m/nofp\libm.a
LOAD C:/ST/STM32CubeIDE_1.14.0/STM32CubeIDE/plugins/com.st.stm32cube.ide.mcu.externaltools.gnu-tools-for-stm32.11.3.rel1.win32_1.1.100.202309141235/tools/bin/../lib/gcc/arm-none-eabi/11.3.1/thumb/v6-m/nofp\libgcc.a

.comment        0x0000000000000000       0x43
 .comment       0x0000000000000000       0x43 C:/ST/STM32CubeIDE_1.14.0/STM32CubeIDE/plugins/com.st.stm32cube.ide.mcu.externaltools.gnu-tools-for-stm32.11.3.rel1.win32_1.1.100.202309141235/tools/bin/../lib/gcc/arm-none-eabi/11.3.1/thumb/v6-m/nofp/crtbegin.o
                                         0x44 (size before relaxing)
 .comment       0x0000000000000043       0x44 ./FreeRTOS/list.o
 .comment       0x0000000000000043       0x44 ./FreeRTOS/queue.o
 .comment       0x0000000000000043       0x44 ./FreeRTOS/tasks.o
 .comment       0x0000000000000043       0x44 ./FreeRTOS/timers.o
 .comment       0x0000000000000043       0x44 ./FreeRTOS/portable/GCC/ARM_CM0/port.o
 .comment       0x0000000000000043       0x44 ./FreeRTOS/portable/MemMang/heap_1.o
 .comment       0x0000000000000043       0x44 ./TraceRecorder/trcKernelPort.o
 .comment       0x0000000000000043       0x44 ./TraceRecorder/trcSnapshotRecorder.o
 .comment       0x0000000000000043       0x44 ./app/src/main.o
 .comment       0x0000000000000043       0x44 ./app/src/stm32f0xx_it.o
 .comment       0x0000000000000043       0x44 ./bsp/src/bsp.o
 .comment       0x0000000000000043       0x44 ./bsp/src/factory_io.o
 .comment       0x0000000000000043       0x44 ./cmsis/device/src/system_stm32f0xx.o

.debug_info     0x0000000000000000    0x15922
 .debug_info    0x0000000000000000      0x2c3 ./FreeRTOS/list.o
 .debug_info    0x00000000000002c3     0x3d18 ./FreeRTOS/queue.o
 .debug_info    0x0000000000003fdb     0x4583 ./FreeRTOS/tasks.o
 .debug_info    0x000000000000855e     0x163f ./FreeRTOS/timers.o
 .debug_info    0x0000000000009b9d      0x301 ./FreeRTOS/portable/GCC/ARM_CM0/port.o
 .debug_info    0x0000000000009e9e      0x239 ./FreeRTOS/portable/MemMang/heap_1.o
 .debug_info    0x000000000000a0d7      0xdd4 ./TraceRecorder/trcKernelPort.o
 .debug_info    0x000000000000aeab     0x79f5 ./TraceRecorder/trcSnapshotRecorder.o
 .debug_info    0x00000000000128a0     0x1c75 ./app/src/main.o
 .debug_info    0x0000000000014515      0x286 ./app/src/stm32f0xx_it.o
 .debug_info    0x000000000001479b      0xc69 ./bsp/src/bsp.o
 .debug_info    0x0000000000015404      0x291 ./bsp/src/factory_io.o
 .debug_info    0x0000000000015695       0x23 ./cmsis/device/src/startup_stm32f072xb.o
 .debug_info    0x00000000000156b8      0x26a ./cmsis/device/src/system_stm32f0xx.o

.debug_abbrev   0x0000000000000000     0x2439
 .debug_abbrev  0x0000000000000000      0x10c ./FreeRTOS/list.o
 .debug_abbrev  0x000000000000010c      0x3e1 ./FreeRTOS/queue.o
 .debug_abbrev  0x00000000000004ed      0x4f6 ./FreeRTOS/tasks.o
 .debug_abbrev  0x00000000000009e3      0x3a8 ./FreeRTOS/timers.o
 .debug_abbrev  0x0000000000000d8b      0x1f6 ./FreeRTOS/portable/GCC/ARM_CM0/port.o
 .debug_abbrev  0x0000000000000f81      0x17c ./FreeRTOS/portable/MemMang/heap_1.o
 .debug_abbrev  0x00000000000010fd      0x2fb ./TraceRecorder/trcKernelPort.o
 .debug_abbrev  0x00000000000013f8      0x568 ./TraceRecorder/trcSnapshotRecorder.o
 .debug_abbrev  0x0000000000001960      0x451 ./app/src/main.o
 .debug_abbrev  0x0000000000001db1      0x131 ./app/src/stm32f0xx_it.o
 .debug_abbrev  0x0000000000001ee2      0x291 ./bsp/src/bsp.o
 .debug_abbrev  0x0000000000002173      0x17c ./bsp/src/factory_io.o
 .debug_abbrev  0x00000000000022ef       0x12 ./cmsis/device/src/startup_stm32f072xb.o
 .debug_abbrev  0x0000000000002301      0x138 ./cmsis/device/src/system_stm32f0xx.o

.debug_loclists
                0x0000000000000000     0xc1c1
 .debug_loclists
                0x0000000000000000       0x89 ./FreeRTOS/list.o
 .debug_loclists
                0x0000000000000089     0x1f44 ./FreeRTOS/queue.o
 .debug_loclists
                0x0000000000001fcd     0x2373 ./FreeRTOS/tasks.o
 .debug_loclists
                0x0000000000004340      0xcd6 ./FreeRTOS/timers.o
 .debug_loclists
                0x0000000000005016       0x86 ./FreeRTOS/portable/GCC/ARM_CM0/port.o
 .debug_loclists
                0x000000000000509c       0x6b ./FreeRTOS/portable/MemMang/heap_1.o
 .debug_loclists
                0x0000000000005107      0x342 ./TraceRecorder/trcKernelPort.o
 .debug_loclists
                0x0000000000005449     0x63c8 ./TraceRecorder/trcSnapshotRecorder.o
 .debug_loclists
                0x000000000000b811      0x483 ./app/src/main.o
 .debug_loclists
                0x000000000000bc94      0x36c ./bsp/src/bsp.o
 .debug_loclists
                0x000000000000c000      0x104 ./bsp/src/factory_io.o
 .debug_loclists
                0x000000000000c104       0xbd ./cmsis/device/src/system_stm32f0xx.o

.debug_aranges  0x0000000000000000      0x838
 .debug_aranges
                0x0000000000000000       0x40 ./FreeRTOS/list.o
 .debug_aranges
                0x0000000000000040       0xd0 ./FreeRTOS/queue.o
 .debug_aranges
                0x0000000000000110      0x1b8 ./FreeRTOS/tasks.o
 .debug_aranges
                0x00000000000002c8       0x98 ./FreeRTOS/timers.o
 .debug_aranges
                0x0000000000000360       0x88 ./FreeRTOS/portable/GCC/ARM_CM0/port.o
 .debug_aranges
                0x00000000000003e8       0x38 ./FreeRTOS/portable/MemMang/heap_1.o
 .debug_aranges
                0x0000000000000420       0xb0 ./TraceRecorder/trcKernelPort.o
 .debug_aranges
                0x00000000000004d0      0x190 ./TraceRecorder/trcSnapshotRecorder.o
 .debug_aranges
                0x0000000000000660       0x50 ./app/src/main.o
 .debug_aranges
                0x00000000000006b0       0x38 ./app/src/stm32f0xx_it.o
 .debug_aranges
                0x00000000000006e8       0xd0 ./bsp/src/bsp.o
 .debug_aranges
                0x00000000000007b8       0x30 ./bsp/src/factory_io.o
 .debug_aranges
                0x00000000000007e8       0x28 ./cmsis/device/src/startup_stm32f072xb.o
 .debug_aranges
                0x0000000000000810       0x28 ./cmsis/device/src/system_stm32f0xx.o

.debug_rnglists
                0x0000000000000000     0x19b9
 .debug_rnglists
                0x0000000000000000       0x2b ./FreeRTOS/list.o
 .debug_rnglists
                0x000000000000002b      0x323 ./FreeRTOS/queue.o
 .debug_rnglists
                0x000000000000034e      0x466 ./FreeRTOS/tasks.o
 .debug_rnglists
                0x00000000000007b4      0x18c ./FreeRTOS/timers.o
 .debug_rnglists
                0x0000000000000940       0x61 ./FreeRTOS/portable/GCC/ARM_CM0/port.o
 .debug_rnglists
                0x00000000000009a1       0x26 ./FreeRTOS/portable/MemMang/heap_1.o
 .debug_rnglists
                0x00000000000009c7       0xc7 ./TraceRecorder/trcKernelPort.o
 .debug_rnglists
                0x0000000000000a8e      0xd08 ./TraceRecorder/trcSnapshotRecorder.o
 .debug_rnglists
                0x0000000000001796       0xd3 ./app/src/main.o
 .debug_rnglists
                0x0000000000001869       0x25 ./app/src/stm32f0xx_it.o
 .debug_rnglists
                0x000000000000188e       0xda ./bsp/src/bsp.o
 .debug_rnglists
                0x0000000000001968       0x1f ./bsp/src/factory_io.o
 .debug_rnglists
                0x0000000000001987       0x19 ./cmsis/device/src/startup_stm32f072xb.o
 .debug_rnglists
                0x00000000000019a0       0x19 ./cmsis/device/src/system_stm32f0xx.o

.debug_macro    0x0000000000000000     0x200a
 .debug_macro   0x0000000000000000      0x24e ./FreeRTOS/list.o
 .debug_macro   0x000000000000024e      0x2d7 ./FreeRTOS/queue.o
 .debug_macro   0x0000000000000525       0x16 ./FreeRTOS/queue.o
 .debug_macro   0x000000000000053b       0x35 ./FreeRTOS/queue.o
 .debug_macro   0x0000000000000570       0x20 ./FreeRTOS/queue.o
 .debug_macro   0x0000000000000590       0x80 ./FreeRTOS/queue.o
 .debug_macro   0x0000000000000610      0x33a ./FreeRTOS/tasks.o
 .debug_macro   0x000000000000094a       0x10 ./FreeRTOS/tasks.o
 .debug_macro   0x000000000000095a      0x297 ./FreeRTOS/timers.o
 .debug_macro   0x0000000000000bf1       0x97 ./FreeRTOS/timers.o
 .debug_macro   0x0000000000000c88      0x1f1 ./FreeRTOS/portable/GCC/ARM_CM0/port.o
 .debug_macro   0x0000000000000e79      0x263 ./FreeRTOS/portable/MemMang/heap_1.o
 .debug_macro   0x00000000000010dc      0x1ac ./TraceRecorder/trcKernelPort.o
 .debug_macro   0x0000000000001288      0x255 ./TraceRecorder/trcSnapshotRecorder.o
 .debug_macro   0x00000000000014dd      0x231 ./app/src/main.o
 .debug_macro   0x000000000000170e       0x2e ./app/src/main.o
 .debug_macro   0x000000000000173c      0x29c ./app/src/main.o
 .debug_macro   0x00000000000019d8       0x86 ./app/src/main.o
 .debug_macro   0x0000000000001a5e       0x69 ./app/src/main.o
 .debug_macro   0x0000000000001ac7       0x10 ./app/src/main.o
 .debug_macro   0x0000000000001ad7      0x214 ./app/src/stm32f0xx_it.o
 .debug_macro   0x0000000000001ceb      0x190 ./bsp/src/bsp.o
 .debug_macro   0x0000000000001e7b       0xc3 ./bsp/src/factory_io.o
 .debug_macro   0x0000000000001f3e       0xcc ./cmsis/device/src/system_stm32f0xx.o

.debug_line     0x0000000000000000    0x1763f
 .debug_line    0x0000000000000000      0x9e7 ./FreeRTOS/list.o
 .debug_line    0x00000000000009e7     0x30f4 ./FreeRTOS/queue.o
 .debug_line    0x0000000000003adb     0x3f4a ./FreeRTOS/tasks.o
 .debug_line    0x0000000000007a25     0x147c ./FreeRTOS/timers.o
 .debug_line    0x0000000000008ea1      0x9c0 ./FreeRTOS/portable/GCC/ARM_CM0/port.o
 .debug_line    0x0000000000009861      0x97d ./FreeRTOS/portable/MemMang/heap_1.o
 .debug_line    0x000000000000a1de      0xb92 ./TraceRecorder/trcKernelPort.o
 .debug_line    0x000000000000ad70     0x821f ./TraceRecorder/trcSnapshotRecorder.o
 .debug_line    0x0000000000012f8f     0x1c95 ./app/src/main.o
 .debug_line    0x0000000000014c24      0x830 ./app/src/stm32f0xx_it.o
 .debug_line    0x0000000000015454     0x157b ./bsp/src/bsp.o
 .debug_line    0x00000000000169cf      0x64a ./bsp/src/factory_io.o
 .debug_line    0x0000000000017019       0x7b ./cmsis/device/src/startup_stm32f072xb.o
 .debug_line    0x0000000000017094      0x5ab ./cmsis/device/src/system_stm32f0xx.o

.debug_str      0x0000000000000000    0x731cd
 .debug_str     0x0000000000000000    0x6b4ba ./FreeRTOS/list.o
                                      0x6b731 (size before relaxing)
 .debug_str     0x000000000006b4ba     0x25b2 ./FreeRTOS/queue.o
                                      0x6dd0e (size before relaxing)
 .debug_str     0x000000000006da6c     0x1b8b ./FreeRTOS/tasks.o
                                      0x6ea55 (size before relaxing)
 .debug_str     0x000000000006f5f7      0x4dd ./FreeRTOS/timers.o
                                      0x6df28 (size before relaxing)
 .debug_str     0x000000000006fad4      0x37d ./FreeRTOS/portable/GCC/ARM_CM0/port.o
                                      0x69aec (size before relaxing)
 .debug_str     0x000000000006fe51       0xeb ./FreeRTOS/portable/MemMang/heap_1.o
                                      0x6c983 (size before relaxing)
 .debug_str     0x000000000006ff3c      0x5e6 ./TraceRecorder/trcKernelPort.o
                                      0x6a5d3 (size before relaxing)
 .debug_str     0x0000000000070522      0xe71 ./TraceRecorder/trcSnapshotRecorder.o
                                      0x6c4e7 (size before relaxing)
 .debug_str     0x0000000000071393     0x1959 ./app/src/main.o
                                      0x6c777 (size before relaxing)
 .debug_str     0x0000000000072cec       0x6d ./app/src/stm32f0xx_it.o
                                      0x6c0f4 (size before relaxing)
 .debug_str     0x0000000000072d59      0x319 ./bsp/src/bsp.o
                                      0x6813f (size before relaxing)
 .debug_str     0x0000000000073072       0x4b ./bsp/src/factory_io.o
                                      0x5a75d (size before relaxing)
 .debug_str     0x00000000000730bd       0x36 ./cmsis/device/src/startup_stm32f072xb.o
                                         0x5b (size before relaxing)
 .debug_str     0x00000000000730f3       0xda ./cmsis/device/src/system_stm32f0xx.o
                                      0x5a767 (size before relaxing)

.debug_frame    0x0000000000000000     0x1884
 .debug_frame   0x0000000000000000       0x6c ./FreeRTOS/list.o
 .debug_frame   0x000000000000006c      0x2d8 ./FreeRTOS/queue.o
 .debug_frame   0x0000000000000344      0x5fc ./FreeRTOS/tasks.o
 .debug_frame   0x0000000000000940      0x1b4 ./FreeRTOS/timers.o
 .debug_frame   0x0000000000000af4      0x110 ./FreeRTOS/portable/GCC/ARM_CM0/port.o
 .debug_frame   0x0000000000000c04       0x5c ./FreeRTOS/portable/MemMang/heap_1.o
 .debug_frame   0x0000000000000c60      0x1d8 ./TraceRecorder/trcKernelPort.o
 .debug_frame   0x0000000000000e38      0x5c0 ./TraceRecorder/trcSnapshotRecorder.o
 .debug_frame   0x00000000000013f8      0x118 ./app/src/main.o
 .debug_frame   0x0000000000001510       0x60 ./app/src/stm32f0xx_it.o
 .debug_frame   0x0000000000001570      0x1f8 ./bsp/src/bsp.o
 .debug_frame   0x0000000000001768       0x4c ./bsp/src/factory_io.o
 .debug_frame   0x00000000000017b4       0x3c ./cmsis/device/src/system_stm32f0xx.o
 .debug_frame   0x00000000000017f0       0x20 C:/ST/STM32CubeIDE_1.14.0/STM32CubeIDE/plugins/com.st.stm32cube.ide.mcu.externaltools.gnu-tools-for-stm32.11.3.rel1.win32_1.1.100.202309141235/tools/bin/../lib/gcc/arm-none-eabi/11.3.1/../../../../arm-none-eabi/lib/thumb/v6-m/nofp\libc_nano.a(libc_a-memset.o)
 .debug_frame   0x0000000000001810       0x2c C:/ST/STM32CubeIDE_1.14.0/STM32CubeIDE/plugins/com.st.stm32cube.ide.mcu.externaltools.gnu-tools-for-stm32.11.3.rel1.win32_1.1.100.202309141235/tools/bin/../lib/gcc/arm-none-eabi/11.3.1/../../../../arm-none-eabi/lib/thumb/v6-m/nofp\libc_nano.a(libc_a-init.o)
 .debug_frame   0x000000000000183c       0x28 C:/ST/STM32CubeIDE_1.14.0/STM32CubeIDE/plugins/com.st.stm32cube.ide.mcu.externaltools.gnu-tools-for-stm32.11.3.rel1.win32_1.1.100.202309141235/tools/bin/../lib/gcc/arm-none-eabi/11.3.1/../../../../arm-none-eabi/lib/thumb/v6-m/nofp\libc_nano.a(libc_a-memcpy-stub.o)
 .debug_frame   0x0000000000001864       0x20 C:/ST/STM32CubeIDE_1.14.0/STM32CubeIDE/plugins/com.st.stm32cube.ide.mcu.externaltools.gnu-tools-for-stm32.11.3.rel1.win32_1.1.100.202309141235/tools/bin/../lib/gcc/arm-none-eabi/11.3.1/thumb/v6-m/nofp\libgcc.a(_udivsi3.o)

.debug_line_str
                0x0000000000000000       0x4f
 .debug_line_str
                0x0000000000000000       0x4f ./cmsis/device/src/startup_stm32f072xb.o
                                         0x65 (size before relaxing)
