Archive member included to satisfy reference by file (symbol)

C:/ST/STM32CubeIDE_1.14.0/STM32CubeIDE/plugins/com.st.stm32cube.ide.mcu.externaltools.gnu-tools-for-stm32.11.3.rel1.win32_1.1.100.202309141235/tools/bin/../lib/gcc/arm-none-eabi/11.3.1/../../../../arm-none-eabi/lib/thumb/v6-m/nofp\libc_nano.a(libc_a-exit.o)
                              C:/ST/STM32CubeIDE_1.14.0/STM32CubeIDE/plugins/com.st.stm32cube.ide.mcu.externaltools.gnu-tools-for-stm32.11.3.rel1.win32_1.1.100.202309141235/tools/bin/../lib/gcc/arm-none-eabi/11.3.1/../../../../arm-none-eabi/lib/thumb/v6-m/nofp/crt0.o (exit)
C:/ST/STM32CubeIDE_1.14.0/STM32CubeIDE/plugins/com.st.stm32cube.ide.mcu.externaltools.gnu-tools-for-stm32.11.3.rel1.win32_1.1.100.202309141235/tools/bin/../lib/gcc/arm-none-eabi/11.3.1/../../../../arm-none-eabi/lib/thumb/v6-m/nofp\libc_nano.a(libc_a-findfp.o)
                              C:/ST/STM32CubeIDE_1.14.0/STM32CubeIDE/plugins/com.st.stm32cube.ide.mcu.externaltools.gnu-tools-for-stm32.11.3.rel1.win32_1.1.100.202309141235/tools/bin/../lib/gcc/arm-none-eabi/11.3.1/../../../../arm-none-eabi/lib/thumb/v6-m/nofp\libc_nano.a(libc_a-exit.o) (__stdio_exit_handler)
C:/ST/STM32CubeIDE_1.14.0/STM32CubeIDE/plugins/com.st.stm32cube.ide.mcu.externaltools.gnu-tools-for-stm32.11.3.rel1.win32_1.1.100.202309141235/tools/bin/../lib/gcc/arm-none-eabi/11.3.1/../../../../arm-none-eabi/lib/thumb/v6-m/nofp\libc_nano.a(libc_a-fwalk.o)
                              C:/ST/STM32CubeIDE_1.14.0/STM32CubeIDE/plugins/com.st.stm32cube.ide.mcu.externaltools.gnu-tools-for-stm32.11.3.rel1.win32_1.1.100.202309141235/tools/bin/../lib/gcc/arm-none-eabi/11.3.1/../../../../arm-none-eabi/lib/thumb/v6-m/nofp\libc_nano.a(libc_a-findfp.o) (_fwalk_sglue)
C:/ST/STM32CubeIDE_1.14.0/STM32CubeIDE/plugins/com.st.stm32cube.ide.mcu.externaltools.gnu-tools-for-stm32.11.3.rel1.win32_1.1.100.202309141235/tools/bin/../lib/gcc/arm-none-eabi/11.3.1/../../../../arm-none-eabi/lib/thumb/v6-m/nofp\libc_nano.a(libc_a-stdio.o)
                              C:/ST/STM32CubeIDE_1.14.0/STM32CubeIDE/plugins/com.st.stm32cube.ide.mcu.externaltools.gnu-tools-for-stm32.11.3.rel1.win32_1.1.100.202309141235/tools/bin/../lib/gcc/arm-none-eabi/11.3.1/../../../../arm-none-eabi/lib/thumb/v6-m/nofp\libc_nano.a(libc_a-findfp.o) (__sread)
C:/ST/STM32CubeIDE_1.14.0/STM32CubeIDE/plugins/com.st.stm32cube.ide.mcu.externaltools.gnu-tools-for-stm32.11.3.rel1.win32_1.1.100.202309141235/tools/bin/../lib/gcc/arm-none-eabi/11.3.1/../../../../arm-none-eabi/lib/thumb/v6-m/nofp\libc_nano.a(libc_a-vsnprintf.o)
                              ./TraceRecorder/trcStreamingRecorder.o (vsnprintf)
C:/ST/STM32CubeIDE_1.14.0/STM32CubeIDE/plugins/com.st.stm32cube.ide.mcu.externaltools.gnu-tools-for-stm32.11.3.rel1.win32_1.1.100.202309141235/tools/bin/../lib/gcc/arm-none-eabi/11.3.1/../../../../arm-none-eabi/lib/thumb/v6-m/nofp\libc_nano.a(libc_a-memset.o)
                              C:/ST/STM32CubeIDE_1.14.0/STM32CubeIDE/plugins/com.st.stm32cube.ide.mcu.externaltools.gnu-tools-for-stm32.11.3.rel1.win32_1.1.100.202309141235/tools/bin/../lib/gcc/arm-none-eabi/11.3.1/../../../../arm-none-eabi/lib/thumb/v6-m/nofp/crt0.o (memset)
C:/ST/STM32CubeIDE_1.14.0/STM32CubeIDE/plugins/com.st.stm32cube.ide.mcu.externaltools.gnu-tools-for-stm32.11.3.rel1.win32_1.1.100.202309141235/tools/bin/../lib/gcc/arm-none-eabi/11.3.1/../../../../arm-none-eabi/lib/thumb/v6-m/nofp\libc_nano.a(libc_a-closer.o)
                              C:/ST/STM32CubeIDE_1.14.0/STM32CubeIDE/plugins/com.st.stm32cube.ide.mcu.externaltools.gnu-tools-for-stm32.11.3.rel1.win32_1.1.100.202309141235/tools/bin/../lib/gcc/arm-none-eabi/11.3.1/../../../../arm-none-eabi/lib/thumb/v6-m/nofp\libc_nano.a(libc_a-stdio.o) (_close_r)
C:/ST/STM32CubeIDE_1.14.0/STM32CubeIDE/plugins/com.st.stm32cube.ide.mcu.externaltools.gnu-tools-for-stm32.11.3.rel1.win32_1.1.100.202309141235/tools/bin/../lib/gcc/arm-none-eabi/11.3.1/../../../../arm-none-eabi/lib/thumb/v6-m/nofp\libc_nano.a(libc_a-reent.o)
                              C:/ST/STM32CubeIDE_1.14.0/STM32CubeIDE/plugins/com.st.stm32cube.ide.mcu.externaltools.gnu-tools-for-stm32.11.3.rel1.win32_1.1.100.202309141235/tools/bin/../lib/gcc/arm-none-eabi/11.3.1/../../../../arm-none-eabi/lib/thumb/v6-m/nofp\libc_nano.a(libc_a-closer.o) (errno)
C:/ST/STM32CubeIDE_1.14.0/STM32CubeIDE/plugins/com.st.stm32cube.ide.mcu.externaltools.gnu-tools-for-stm32.11.3.rel1.win32_1.1.100.202309141235/tools/bin/../lib/gcc/arm-none-eabi/11.3.1/../../../../arm-none-eabi/lib/thumb/v6-m/nofp\libc_nano.a(libc_a-impure.o)
                              C:/ST/STM32CubeIDE_1.14.0/STM32CubeIDE/plugins/com.st.stm32cube.ide.mcu.externaltools.gnu-tools-for-stm32.11.3.rel1.win32_1.1.100.202309141235/tools/bin/../lib/gcc/arm-none-eabi/11.3.1/../../../../arm-none-eabi/lib/thumb/v6-m/nofp\libc_nano.a(libc_a-vsnprintf.o) (_impure_ptr)
[...]
Memory Configuration

Name             Origin             Length             Attributes
FLASH            0x0000000008000000 0x0000000000020000 xr
RAM              0x0000000020000000 0x0000000000004000 xrw
*default*        0x0000000000000000 0xffffffffffffffff

Linker script and memory map

LOAD C:/ST/STM32CubeIDE_1.14.0/STM32CubeIDE/plugins/com.st.stm32cube.ide.mcu.externaltools.gnu-tools-for-stm32.11.3.rel1.win32_1.1.100.202309141235/tools/bin/../lib/gcc/arm-none-eabi/11.3.1/thumb/v6-m/nofp/crti.o
LOAD C:/ST/STM32CubeIDE_1.14.0/STM32CubeIDE/plugins/com.st.stm32cube.ide.mcu.externaltools.gnu-tools-for-stm32.11.3.rel1.win32_1.1.100.202309141235/tools/bin/../lib/gcc/arm-none-eabi/11.3.1/thumb/v6-m/nofp/crtbegin.o
LOAD C:/ST/STM32CubeIDE_1.14.0/STM32CubeIDE/plugins/com.st.stm32cube.ide.mcu.externaltools.gnu-tools-for-stm32.11.3.rel1.win32_1.1.100.202309141235/tools/bin/../lib/gcc/arm-none-eabi/11.3.1/../../../../arm-none-eabi/lib/thumb/v6-m/nofp/crt0.o
LOAD ./.metadata/.plugins/org.eclipse.cdt.make.core/specs.o
LOAD ./FreeRTOS/croutine.o
LOAD ./FreeRTOS/event_groups.o
LOAD ./FreeRTOS/list.o
LOAD ./FreeRTOS/queue.o
LOAD ./FreeRTOS/stream_buffer.o
LOAD ./FreeRTOS/tasks.o
LOAD ./FreeRTOS/timers.o
LOAD ./FreeRTOS/portable/GCC/ARM_CM0/port.o
LOAD ./FreeRTOS/portable/MemMang/heap_1.o
LOAD ./TraceRecorder/streamports/Jlink_RTT/SEGGER_RTT.o
LOAD ./TraceRecorder/streamports/Jlink_RTT/trcStreamingPort.o
LOAD ./TraceRecorder/trcKernelPort.o
LOAD ./TraceRecorder/trcSnapshotRecorder.o
LOAD ./TraceRecorder/trcStreamingRecorder.o
LOAD ./app/src/main.o
LOAD ./app/src/printf-stdarg.o
LOAD ./app/src/stm32f0xx_it.o
LOAD ./bsp/src/bsp.o
LOAD ./bsp/src/delay.o
LOAD ./bsp/src/factory_io.o
LOAD ./cmsis/device/src/startup_stm32f072xb.o
LOAD ./cmsis/device/src/system_stm32f0xx.o
LOAD ./sycall.o
START GROUP
LOAD C:/ST/STM32CubeIDE_1.14.0/STM32CubeIDE/plugins/com.st.stm32cube.ide.mcu.externaltools.gnu-tools-for-stm32.11.3.rel1.win32_1.1.100.202309141235/tools/bin/../lib/gcc/arm-none-eabi/11.3.1/../../../../arm-none-eabi/lib/thumb/v6-m/nofp\libc_nano.a
LOAD C:/ST/STM32CubeIDE_1.14.0/STM32CubeIDE/plugins/com.st.stm32cube.ide.mcu.externaltools.gnu-tools-for-stm32.11.3.rel1.win32_1.1.100.202309141235/tools/bin/../lib/gcc/arm-none-eabi/11.3.1/../../../../arm-none-eabi/lib/thumb/v6-m/nofp\libm.a
END GROUP
START GROUP
LOAD C:/ST/STM32CubeIDE_1.14.0/STM32CubeIDE/plugins/com.st.stm32cube.ide.mcu.externaltools.gnu-tools-for-stm32.11.3.rel1.win32_1.1.100.202309141235/tools/bin/../lib/gcc/arm-none-eabi/11.3.1/thumb/v6-m/nofp\libgcc.a
LOAD C:/ST/STM32CubeIDE_1.14.0/STM32CubeIDE/plugins/com.st.stm32cube.ide.mcu.externaltools.gnu-tools-for-stm32.11.3.rel1.win32_1.1.100.202309141235/tools/bin/../lib/gcc/arm-none-eabi/11.3.1/../../../../arm-none-eabi/lib/thumb/v6-m/nofp\libc_nano.a
END GROUP
START GROUP
LOAD C:/ST/STM32CubeIDE_1.14.0/STM32CubeIDE/plugins/com.st.stm32cube.ide.mcu.externaltools.gnu-tools-for-stm32.11.3.rel1.win32_1.1.100.202309141235/tools/bin/../lib/gcc/arm-none-eabi/11.3.1/thumb/v6-m/nofp\libgcc.a
LOAD C:/ST/STM32CubeIDE_1.14.0/STM32CubeIDE/plugins/com.st.stm32cube.ide.mcu.externaltools.gnu-tools-for-stm32.11.3.rel1.win32_1.1.100.202309141235/tools/bin/../lib/gcc/arm-none-eabi/11.3.1/../../../../arm-none-eabi/lib/thumb/v6-m/nofp\libc_nano.a
LOAD C:/ST/STM32CubeIDE_1.14.0/STM32CubeIDE/plugins/com.st.stm32cube.ide.mcu.externaltools.gnu-tools-for-stm32.11.3.rel1.win32_1.1.100.202309141235/tools/bin/../lib/gcc/arm-none-eabi/11.3.1/../../../../arm-none-eabi/lib/thumb/v6-m/nofp\libnosys.a
END GROUP
START GROUP
LOAD C:/ST/STM32CubeIDE_1.14.0/STM32CubeIDE/plugins/com.st.stm32cube.ide.mcu.externaltools.gnu-tools-for-stm32.11.3.rel1.win32_1.1.100.202309141235/tools/bin/../lib/gcc/arm-none-eabi/11.3.1/thumb/v6-m/nofp\libgcc.a
LOAD C:/ST/STM32CubeIDE_1.14.0/STM32CubeIDE/plugins/com.st.stm32cube.ide.mcu.externaltools.gnu-tools-for-stm32.11.3.rel1.win32_1.1.100.202309141235/tools/bin/../lib/gcc/arm-none-eabi/11.3.1/../../../../arm-none-eabi/lib/thumb/v6-m/nofp\libc_nano.a
LOAD C:/ST/STM32CubeIDE_1.14.0/STM32CubeIDE/plugins/com.st.stm32cube.ide.mcu.externaltools.gnu-tools-for-stm32.11.3.rel1.win32_1.1.100.202309141235/tools/bin/../lib/gcc/arm-none-eabi/11.3.1/../../../../arm-none-eabi/lib/thumb/v6-m/nofp\libnosys.a
END GROUP
LOAD C:/ST/STM32CubeIDE_1.14.0/STM32CubeIDE/plugins/com.st.stm32cube.ide.mcu.externaltools.gnu-tools-for-stm32.11.3.rel1.win32_1.1.100.202309141235/tools/bin/../lib/gcc/arm-none-eabi/11.3.1/thumb/v6-m/nofp/crtend.o
LOAD C:/ST/STM32CubeIDE_1.14.0/STM32CubeIDE/plugins/com.st.stm32cube.ide.mcu.externaltools.gnu-tools-for-stm32.11.3.rel1.win32_1.1.100.202309141235/tools/bin/../lib/gcc/arm-none-eabi/11.3.1/thumb/v6-m/nofp/crtn.o
                0x0000000020004000                _estack = 0x20004000
                0x0000000000000200                _Min_Heap_Size = 0x200
                0x0000000000000400                _Min_Stack_Size = 0x400

.isr_vector     0x0000000008000000       0xc0
                0x0000000008000000                . = ALIGN (0x4)
 *(.isr_vector)
 .isr_vector    0x0000000008000000       0xc0 ./cmsis/device/src/startup_stm32f072xb.o
                0x0000000008000000                g_pfnVectors
                0x00000000080000c0                . = ALIGN (0x4)

.text           0x00000000080000c0     0x4f98
                0x00000000080000c0                . = ALIGN (0x4)
 *(.text)
 .text          0x00000000080000c0       0x48 C:/ST/STM32CubeIDE_1.14.0/STM32CubeIDE/plugins/com.st.stm32cube.ide.mcu.externaltools.gnu-tools-for-stm32.11.3.rel1.win32_1.1.100.202309141235/tools/bin/../lib/gcc/arm-none-eabi/11.3.1/thumb/v6-m/nofp/crtbegin.o
 .text          0x0000000008000108      0x114 C:/ST/STM32CubeIDE_1.14.0/STM32CubeIDE/plugins/com.st.stm32cube.ide.mcu.externaltools.gnu-tools-for-stm32.11.3.rel1.win32_1.1.100.202309141235/tools/bin/../lib/gcc/arm-none-eabi/11.3.1/thumb/v6-m/nofp\libgcc.a(_udivsi3.o)
                0x0000000008000108                __aeabi_uidiv
                0x0000000008000108                __udivsi3
                0x0000000008000214                __aeabi_uidivmod
 .text          0x000000000800021c        0x4 C:/ST/STM32CubeIDE_1.14.0/STM32CubeIDE/plugins/com.st.stm32cube.ide.mcu.externaltools.gnu-tools-for-stm32.11.3.rel1.win32_1.1.100.202309141235/tools/bin/../lib/gcc/arm-none-eabi/11.3.1/thumb/v6-m/nofp\libgcc.a(_dvmd_tls.o)
                0x000000000800021c                __aeabi_idiv0
                0x000000000800021c                __aeabi_ldiv0
 *(.text*)
 .text.vListInitialise
                0x0000000008000220       0x18 ./FreeRTOS/list.o
                0x0000000008000220                vListInitialise
 .text.vListInitialiseItem
                0x0000000008000238        0x8 ./FreeRTOS/list.o
                0x0000000008000238                vListInitialiseItem
 .text.vListInsertEnd
                0x0000000008000240       0x18 ./FreeRTOS/list.o
                0x0000000008000240                vListInsertEnd
 .text.vListInsert
                0x0000000008000258       0x30 ./FreeRTOS/list.o
                0x0000000008000258                vListInsert
 .text.uxListRemove
                0x0000000008000288       0x24 ./FreeRTOS/list.o
                0x0000000008000288                uxListRemove
 .text.prvCopyDataToQueue
                0x00000000080002ac       0x74 ./FreeRTOS/queue.o
 .text.xQueueGenericCreate
                0x0000000008000320      0x144 ./FreeRTOS/queue.o
                0x0000000008000320                xQueueGenericCreate
 .text.xQueueGenericSend
                0x0000000008000464      0x408 ./FreeRTOS/queue.o
                0x0000000008000464                xQueueGenericSend
 .text.xQueueCreateMutex
                0x000000000800086c      0x124 ./FreeRTOS/queue.o
                0x000000000800086c                xQueueCreateMutex
 .text.xQueueGiveFromISR
                0x0000000008000990       0xf4 ./FreeRTOS/queue.o
                0x0000000008000990                xQueueGiveFromISR
 .text.xQueueReceive
                0x0000000008000a84      0x41c ./FreeRTOS/queue.o
                0x0000000008000a84                xQueueReceive
 .text.xQueueSemaphoreTake
                0x0000000008000ea0      0x498 ./FreeRTOS/queue.o
                0x0000000008000ea0                xQueueSemaphoreTake
 .text.uxQueueGetQueueNumber
                0x0000000008001338        0x4 ./FreeRTOS/queue.o
                0x0000000008001338                uxQueueGetQueueNumber
 .text.vQueueSetQueueNumber
                0x000000000800133c        0x4 ./FreeRTOS/queue.o
                0x000000000800133c                vQueueSetQueueNumber
 .text.vQueueWaitForMessageRestricted
                0x0000000008001340       0xd0 ./FreeRTOS/queue.o
                0x0000000008001340                vQueueWaitForMessageRestricted
 .text.prvIdleTask
                0x0000000008001410       0x60 ./FreeRTOS/tasks.o
 .text.vTaskSwitchContext.part.0
                0x0000000008001470       0xe8 ./FreeRTOS/tasks.o
 .text.xTaskCreate
                0x0000000008001558      0x29c ./FreeRTOS/tasks.o
                0x0000000008001558                xTaskCreate
 .text.vTaskStartScheduler
                0x00000000080017f4      0x274 ./FreeRTOS/tasks.o
                0x00000000080017f4                vTaskStartScheduler
 .text.vTaskSuspendAll
                0x0000000008001a68       0x10 ./FreeRTOS/tasks.o
                0x0000000008001a68                vTaskSuspendAll
 .text.xTaskGetTickCount
                0x0000000008001a78        0xc ./FreeRTOS/tasks.o
                0x0000000008001a78                xTaskGetTickCount
 .text.xTaskIncrementTick
                0x0000000008001a84      0x1c4 ./FreeRTOS/tasks.o
                0x0000000008001a84                xTaskIncrementTick
 .text.xTaskResumeAll.part.0
                0x0000000008001c48      0x138 ./FreeRTOS/tasks.o
 .text.xTaskResumeAll
                0x0000000008001d80       0x18 ./FreeRTOS/tasks.o
                0x0000000008001d80                xTaskResumeAll
 .text.vTaskDelayUntil
                0x0000000008001d98       0xd8 ./FreeRTOS/tasks.o
                0x0000000008001d98                vTaskDelayUntil
 .text.vTaskDelay
                0x0000000008001e70       0xa4 ./FreeRTOS/tasks.o
                0x0000000008001e70                vTaskDelay
 .text.vTaskSwitchContext
                0x0000000008001f14       0x20 ./FreeRTOS/tasks.o
                0x0000000008001f14                vTaskSwitchContext
 .text.vTaskPlaceOnEventList
                0x0000000008001f34       0x7c ./FreeRTOS/tasks.o
                0x0000000008001f34                vTaskPlaceOnEventList
 .text.vTaskPlaceOnEventListRestricted
                0x0000000008001fb0       0xd8 ./FreeRTOS/tasks.o
                0x0000000008001fb0                vTaskPlaceOnEventListRestricted
 .text.xTaskRemoveFromEventList
                0x0000000008002088       0x9c ./FreeRTOS/tasks.o
                0x0000000008002088                xTaskRemoveFromEventList
 .text.vTaskInternalSetTimeOutState
                0x0000000008002124       0x18 ./FreeRTOS/tasks.o
                0x0000000008002124                vTaskInternalSetTimeOutState
 .text.xTaskCheckForTimeOut
                0x000000000800213c       0x74 ./FreeRTOS/tasks.o
                0x000000000800213c                xTaskCheckForTimeOut
 .text.vTaskMissedYield
                0x00000000080021b0        0xc ./FreeRTOS/tasks.o
                0x00000000080021b0                vTaskMissedYield
 .text.uxTaskGetTaskNumber
                0x00000000080021bc        0xc ./FreeRTOS/tasks.o
                0x00000000080021bc                uxTaskGetTaskNumber
 .text.vTaskSetTaskNumber
                0x00000000080021c8        0x8 ./FreeRTOS/tasks.o
                0x00000000080021c8                vTaskSetTaskNumber
 .text.xTaskGetCurrentTaskHandle
                0x00000000080021d0        0xc ./FreeRTOS/tasks.o
                0x00000000080021d0                xTaskGetCurrentTaskHandle
 .text.xTaskGetSchedulerState
                0x00000000080021dc       0x20 ./FreeRTOS/tasks.o
                0x00000000080021dc                xTaskGetSchedulerState
 .text.xTaskPriorityInherit
                0x00000000080021fc       0xd8 ./FreeRTOS/tasks.o
                0x00000000080021fc                xTaskPriorityInherit
 .text.xTaskPriorityDisinherit
                0x00000000080022d4       0xb0 ./FreeRTOS/tasks.o
                0x00000000080022d4                xTaskPriorityDisinherit
 .text.vTaskPriorityDisinheritAfterTimeout
                0x0000000008002384       0xc4 ./FreeRTOS/tasks.o
                0x0000000008002384                vTaskPriorityDisinheritAfterTimeout
 .text.pvTaskIncrementMutexHeldCount
                0x0000000008002448       0x18 ./FreeRTOS/tasks.o
                0x0000000008002448                pvTaskIncrementMutexHeldCount
 .text.prvSwitchTimerLists
                0x0000000008002460       0xa4 ./FreeRTOS/timers.o
 .text.prvTimerTask
                0x0000000008002504      0x270 ./FreeRTOS/timers.o
 .text.xTimerCreateTimerTask
                0x0000000008002774       0x80 ./FreeRTOS/timers.o
                0x0000000008002774                xTimerCreateTimerTask
 .text.prvTaskExitError
                0x00000000080027f4       0x24 ./FreeRTOS/portable/GCC/ARM_CM0/port.o
 *fill*         0x0000000008002818        0x8 
 .text.vPortStartFirstTask
                0x0000000008002820       0x34 ./FreeRTOS/portable/GCC/ARM_CM0/port.o
 .text.pxPortInitialiseStack
                0x0000000008002854       0x20 ./FreeRTOS/portable/GCC/ARM_CM0/port.o
                0x0000000008002854                pxPortInitialiseStack
 .text.SVC_Handler
                0x0000000008002874        0x4 ./FreeRTOS/portable/GCC/ARM_CM0/port.o
                0x0000000008002874                SVC_Handler
 .text.xPortStartScheduler
                0x0000000008002878       0x6c ./FreeRTOS/portable/GCC/ARM_CM0/port.o
                0x0000000008002878                xPortStartScheduler
 .text.vPortYield
                0x00000000080028e4       0x18 ./FreeRTOS/portable/GCC/ARM_CM0/port.o
                0x00000000080028e4                vPortYield
 .text.vPortEnterCritical
                0x00000000080028fc       0x18 ./FreeRTOS/portable/GCC/ARM_CM0/port.o
                0x00000000080028fc                vPortEnterCritical
 .text.vPortExitCritical
                0x0000000008002914       0x1c ./FreeRTOS/portable/GCC/ARM_CM0/port.o
                0x0000000008002914                vPortExitCritical
 .text.ulSetInterruptMaskFromISR
                0x0000000008002930        0x8 ./FreeRTOS/portable/GCC/ARM_CM0/port.o
                0x0000000008002930                ulSetInterruptMaskFromISR
 .text.vClearInterruptMaskFromISR
                0x0000000008002938        0x8 ./FreeRTOS/portable/GCC/ARM_CM0/port.o
                0x0000000008002938                vClearInterruptMaskFromISR
 .text.PendSV_Handler
                0x0000000008002940       0x44 ./FreeRTOS/portable/GCC/ARM_CM0/port.o
                0x0000000008002940                PendSV_Handler
 .text.SysTick_Handler
                0x0000000008002984       0x24 ./FreeRTOS/portable/GCC/ARM_CM0/port.o
                0x0000000008002984                SysTick_Handler
 .text.pvPortMalloc
                0x00000000080029a8       0xa0 ./FreeRTOS/portable/MemMang/heap_1.o
                0x00000000080029a8                pvPortMalloc
 .text.vPortFree
                0x0000000008002a48        0xc ./FreeRTOS/portable/MemMang/heap_1.o
                0x0000000008002a48                vPortFree
 .text.SEGGER_RTT_Read
                0x0000000008002a54      0x148 ./TraceRecorder/streamports/Jlink_RTT/SEGGER_RTT.o
                0x0000000008002a54                SEGGER_RTT_Read
 .text.SEGGER_RTT_Write
                0x0000000008002b9c      0x248 ./TraceRecorder/streamports/Jlink_RTT/SEGGER_RTT.o
                0x0000000008002b9c                SEGGER_RTT_Write
 .text.SEGGER_RTT_ConfigUpBuffer
                0x0000000008002de4       0xc8 ./TraceRecorder/streamports/Jlink_RTT/SEGGER_RTT.o
                0x0000000008002de4                SEGGER_RTT_ConfigUpBuffer
 .text.SEGGER_RTT_ConfigDownBuffer
                0x0000000008002eac       0xc4 ./TraceRecorder/streamports/Jlink_RTT/SEGGER_RTT.o
                0x0000000008002eac                SEGGER_RTT_ConfigDownBuffer
 .text.readFromRTT
                0x0000000008002f70       0x2c ./TraceRecorder/streamports/Jlink_RTT/trcStreamingPort.o
                0x0000000008002f70                readFromRTT
 .text.writeToRTT
                0x0000000008002f9c       0x18 ./TraceRecorder/streamports/Jlink_RTT/trcStreamingPort.o
                0x0000000008002f9c                writeToRTT
 .text.TzCtrl   0x0000000008002fb4       0xc0 ./TraceRecorder/trcKernelPort.o
 .text.prvTraceGetTaskNumberHigh16
                0x0000000008003074        0xc ./TraceRecorder/trcKernelPort.o
                0x0000000008003074                prvTraceGetTaskNumberHigh16
 .text.prvTraceSetTaskNumberHigh16
                0x0000000008003080       0x1c ./TraceRecorder/trcKernelPort.o
                0x0000000008003080                prvTraceSetTaskNumberHigh16
 .text.prvTraceGetQueueNumberHigh16
                0x000000000800309c        0xc ./TraceRecorder/trcKernelPort.o
                0x000000000800309c                prvTraceGetQueueNumberHigh16
 .text.prvTraceSetQueueNumberHigh16
                0x00000000080030a8       0x1c ./TraceRecorder/trcKernelPort.o
                0x00000000080030a8                prvTraceSetQueueNumberHigh16
 .text.vTraceEnable
                0x00000000080030c4       0xd8 ./TraceRecorder/trcKernelPort.o
                0x00000000080030c4                vTraceEnable
 .text.prvTraceGetCurrentTaskHandle
                0x000000000800319c        0x8 ./TraceRecorder/trcKernelPort.o
                0x000000000800319c                prvTraceGetCurrentTaskHandle
 .text.prvIsNewTCB
                0x00000000080031a4       0x18 ./TraceRecorder/trcKernelPort.o
                0x00000000080031a4                prvIsNewTCB
 .text.prvTraceStoreStringEventHelper
                0x00000000080031bc      0x134 ./TraceRecorder/trcStreamingRecorder.o
 .text.prvTraceStoreStringEvent.constprop.1
                0x00000000080032f0       0xe8 ./TraceRecorder/trcStreamingRecorder.o
 .text.vTraceStop
                0x00000000080033d8       0x20 ./TraceRecorder/trcStreamingRecorder.o
                0x00000000080033d8                vTraceStop
 .text.xTraceIsRecordingEnabled
                0x00000000080033f8        0xc ./TraceRecorder/trcStreamingRecorder.o
                0x00000000080033f8                xTraceIsRecordingEnabled
 .text.prvTraceStoreStringEvent
                0x0000000008003404       0x3c ./TraceRecorder/trcStreamingRecorder.o
                0x0000000008003404                prvTraceStoreStringEvent
 .text.prvTraceStoreSimpleStringEventHelper
                0x0000000008003440      0x108 ./TraceRecorder/trcStreamingRecorder.o
                0x0000000008003440                prvTraceStoreSimpleStringEventHelper
 .text.prvTraceStoreEvent1
                0x0000000008003548       0xd8 ./TraceRecorder/trcStreamingRecorder.o
                0x0000000008003548                prvTraceStoreEvent1
 .text.prvTraceStoreEvent2
                0x0000000008003620       0xe0 ./TraceRecorder/trcStreamingRecorder.o
                0x0000000008003620                prvTraceStoreEvent2
 .text.prvTraceStoreEvent3
                0x0000000008003700       0xf0 ./TraceRecorder/trcStreamingRecorder.o
                0x0000000008003700                prvTraceStoreEvent3
 .text.prvTraceSaveObjectSymbol
                0x00000000080037f0       0x90 ./TraceRecorder/trcStreamingRecorder.o
                0x00000000080037f0                prvTraceSaveObjectSymbol
 .text.xTraceRegisterString
                0x0000000008003880       0x44 ./TraceRecorder/trcStreamingRecorder.o
                0x0000000008003880                xTraceRegisterString
 .text.prvTraceSaveObjectData
                0x00000000080038c4       0x80 ./TraceRecorder/trcStreamingRecorder.o
                0x00000000080038c4                prvTraceSaveObjectData
 .text.prvIsValidCommand
                0x0000000008003944       0x3c ./TraceRecorder/trcStreamingRecorder.o
                0x0000000008003944                prvIsValidCommand
 .text.prvProcessCommand
                0x0000000008003980      0x5a0 ./TraceRecorder/trcStreamingRecorder.o
                0x0000000008003980                prvProcessCommand
 .text.prvTraceWarning
                0x0000000008003f20       0x3c ./TraceRecorder/trcStreamingRecorder.o
                0x0000000008003f20                prvTraceWarning
 .text.prvTraceError
                0x0000000008003f5c       0x70 ./TraceRecorder/trcStreamingRecorder.o
                0x0000000008003f5c                prvTraceError
 .text.vTaskPalettiseur
                0x0000000008003fcc      0x1f4 ./app/src/main.o
                0x0000000008003fcc                vTaskPalettiseur
 .text.vTaskAscenseur
                0x00000000080041c0      0x280 ./app/src/main.o
                0x00000000080041c0                vTaskAscenseur
 .text.vTaskPalette
                0x0000000008004440      0x198 ./app/src/main.o
                0x0000000008004440                vTaskPalette
 .text.vTaskWrite
                0x00000000080045d8       0xf0 ./app/src/main.o
                0x00000000080045d8                vTaskWrite
 .text.vTaskRead
                0x00000000080046c8      0x370 ./app/src/main.o
                0x00000000080046c8                vTaskRead
 .text.startup.main
                0x0000000008004a38      0x29c ./app/src/main.o
                0x0000000008004a38                main
 .text.NMI_Handler
                0x0000000008004cd4        0x4 ./app/src/stm32f0xx_it.o
                0x0000000008004cd4                NMI_Handler
 .text.HardFault_Handler
                0x0000000008004cd8        0x4 ./app/src/stm32f0xx_it.o
                0x0000000008004cd8                HardFault_Handler
 .text.USART2_IRQHandler
                0x0000000008004cdc       0x44 ./app/src/stm32f0xx_it.o
                0x0000000008004cdc                USART2_IRQHandler
 .text.DMA1_Channel4_5_6_7_IRQHandler
                0x0000000008004d20       0x44 ./app/src/stm32f0xx_it.o
                0x0000000008004d20                DMA1_Channel4_5_6_7_IRQHandler
 .text.BSP_LED_Init
                0x0000000008004d64       0x54 ./bsp/src/bsp.o
                0x0000000008004d64                BSP_LED_Init
 .text.BSP_Console_Init
                0x0000000008004db8      0x130 ./bsp/src/bsp.o
                0x0000000008004db8                BSP_Console_Init
 .text.FACTORY_IO_Sensors_Get
                0x0000000008004ee8       0x24 ./bsp/src/factory_io.o
                0x0000000008004ee8                FACTORY_IO_Sensors_Get
 .text.Reset_Handler
                0x0000000008004f0c       0x50 ./cmsis/device/src/startup_stm32f072xb.o
                0x0000000008004f0c                Reset_Handler
 .text.Default_Handler
                0x0000000008004f5c        0x2 ./cmsis/device/src/startup_stm32f072xb.o
                0x0000000008004f5c                TIM1_CC_IRQHandler
                0x0000000008004f5c                TSC_IRQHandler
                0x0000000008004f5c                ADC1_COMP_IRQHandler
                0x0000000008004f5c                I2C1_IRQHandler
                0x0000000008004f5c                RCC_CRS_IRQHandler
                0x0000000008004f5c                SPI1_IRQHandler
                0x0000000008004f5c                TIM6_DAC_IRQHandler
                0x0000000008004f5c                USART3_4_IRQHandler
                0x0000000008004f5c                EXTI2_3_IRQHandler
                0x0000000008004f5c                I2C2_IRQHandler
                0x0000000008004f5c                TIM17_IRQHandler
                0x0000000008004f5c                CEC_CAN_IRQHandler
                0x0000000008004f5c                RTC_IRQHandler
                0x0000000008004f5c                PVD_VDDIO2_IRQHandler
                0x0000000008004f5c                TIM16_IRQHandler
                0x0000000008004f5c                TIM3_IRQHandler
                0x0000000008004f5c                EXTI4_15_IRQHandler
                0x0000000008004f5c                DMA1_Channel1_IRQHandler
                0x0000000008004f5c                Default_Handler
                0x0000000008004f5c                TIM14_IRQHandler
                0x0000000008004f5c                TIM7_IRQHandler
                0x0000000008004f5c                TIM15_IRQHandler
                0x0000000008004f5c                EXTI0_1_IRQHandler
                0x0000000008004f5c                USB_IRQHandler
                0x0000000008004f5c                SPI2_IRQHandler
                0x0000000008004f5c                WWDG_IRQHandler
                0x0000000008004f5c                TIM2_IRQHandler
                0x0000000008004f5c                DMA1_Channel2_3_IRQHandler
                0x0000000008004f5c                FLASH_IRQHandler
                0x0000000008004f5c                USART1_IRQHandler
                0x0000000008004f5c                TIM1_BRK_UP_TRG_COM_IRQHandler
 *fill*         0x0000000008004f5e        0x2 
 .text.SystemInit
                0x0000000008004f60        0x4 ./cmsis/device/src/system_stm32f0xx.o
                0x0000000008004f60                SystemInit
 .text.SystemCoreClockUpdate
                0x0000000008004f64       0x70 ./cmsis/device/src/system_stm32f0xx.o
                0x0000000008004f64                SystemCoreClockUpdate
 .text.memset   0x0000000008004fd4       0x10 C:/ST/STM32CubeIDE_1.14.0/STM32CubeIDE/plugins/com.st.stm32cube.ide.mcu.externaltools.gnu-tools-for-stm32.11.3.rel1.win32_1.1.100.202309141235/tools/bin/../lib/gcc/arm-none-eabi/11.3.1/../../../../arm-none-eabi/lib/thumb/v6-m/nofp\libc_nano.a(libc_a-memset.o)
                0x0000000008004fd4                memset
 .text.__libc_init_array
                0x0000000008004fe4       0x48 C:/ST/STM32CubeIDE_1.14.0/STM32CubeIDE/plugins/com.st.stm32cube.ide.mcu.externaltools.gnu-tools-for-stm32.11.3.rel1.win32_1.1.100.202309141235/tools/bin/../lib/gcc/arm-none-eabi/11.3.1/../../../../arm-none-eabi/lib/thumb/v6-m/nofp\libc_nano.a(libc_a-init.o)
                0x0000000008004fe4                __libc_init_array
 .text.memcpy   0x000000000800502c       0x12 C:/ST/STM32CubeIDE_1.14.0/STM32CubeIDE/plugins/com.st.stm32cube.ide.mcu.externaltools.gnu-tools-for-stm32.11.3.rel1.win32_1.1.100.202309141235/tools/bin/../lib/gcc/arm-none-eabi/11.3.1/../../../../arm-none-eabi/lib/thumb/v6-m/nofp\libc_nano.a(libc_a-memcpy-stub.o)
                0x000000000800502c                memcpy
 *(.glue_7)
 .glue_7        0x000000000800503e        0x0 linker stubs
 *(.glue_7t)
 .glue_7t       0x000000000800503e        0x0 linker stubs
 *(.eh_frame)
 *fill*         0x000000000800503e        0x2 
 .eh_frame      0x0000000008005040        0x0 C:/ST/STM32CubeIDE_1.14.0/STM32CubeIDE/plugins/com.st.stm32cube.ide.mcu.externaltools.gnu-tools-for-stm32.11.3.rel1.win32_1.1.100.202309141235/tools/bin/../lib/gcc/arm-none-eabi/11.3.1/thumb/v6-m/nofp/crtbegin.o
 *(.init)
 .init          0x0000000008005040        0x4 C:/ST/STM32CubeIDE_1.14.0/STM32CubeIDE/plugins/com.st.stm32cube.ide.mcu.externaltools.gnu-tools-for-stm32.11.3.rel1.win32_1.1.100.202309141235/tools/bin/../lib/gcc/arm-none-eabi/11.3.1/thumb/v6-m/nofp/crti.o
                0x0000000008005040                _init
 .init          0x0000000008005044        0x8 C:/ST/STM32CubeIDE_1.14.0/STM32CubeIDE/plugins/com.st.stm32cube.ide.mcu.externaltools.gnu-tools-for-stm32.11.3.rel1.win32_1.1.100.202309141235/tools/bin/../lib/gcc/arm-none-eabi/11.3.1/thumb/v6-m/nofp/crtn.o
 *(.fini)
 .fini          0x000000000800504c        0x4 C:/ST/STM32CubeIDE_1.14.0/STM32CubeIDE/plugins/com.st.stm32cube.ide.mcu.externaltools.gnu-tools-for-stm32.11.3.rel1.win32_1.1.100.202309141235/tools/bin/../lib/gcc/arm-none-eabi/11.3.1/thumb/v6-m/nofp/crti.o
                0x000000000800504c                _fini
 .fini          0x0000000008005050        0x8 C:/ST/STM32CubeIDE_1.14.0/STM32CubeIDE/plugins/com.st.stm32cube.ide.mcu.externaltools.gnu-tools-for-stm32.11.3.rel1.win32_1.1.100.202309141235/tools/bin/../lib/gcc/arm-none-eabi/11.3.1/thumb/v6-m/nofp/crtn.o
                0x0000000008005058                . = ALIGN (0x4)
                0x0000000008005058                _etext = .

.vfp11_veneer   0x0000000008005058        0x0
 .vfp11_veneer  0x0000000008005058        0x0 linker stubs

.v4_bx          0x0000000008005058        0x0
 .v4_bx         0x0000000008005058        0x0 linker stubs

.iplt           0x0000000008005058        0x0
 .iplt          0x0000000008005058        0x0 C:/ST/STM32CubeIDE_1.14.0/STM32CubeIDE/plugins/com.st.stm32cube.ide.mcu.externaltools.gnu-tools-for-stm32.11.3.rel1.win32_1.1.100.202309141235/tools/bin/../lib/gcc/arm-none-eabi/11.3.1/thumb/v6-m/nofp/crtbegin.o

.rodata         0x0000000008005058      0x388
                0x0000000008005058                . = ALIGN (0x4)
 *(.rodata)
 *(.rodata*)
 .rodata.prvTimerTask
                0x0000000008005058       0x28 ./FreeRTOS/timers.o
 .rodata.xTimerCreateTimerTask.str1.4
                0x0000000008005080        0x8 ./FreeRTOS/timers.o
 .rodata.SEGGER_RTT_ReadNoLock.str1.4
                0x0000000008005088       0x17 ./TraceRecorder/streamports/Jlink_RTT/SEGGER_RTT.o
 *fill*         0x000000000800509f        0x1 
 .rodata.vTraceEnable.str1.4
                0x00000000080050a0       0x15 ./TraceRecorder/trcKernelPort.o
 *fill*         0x00000000080050b5        0x3 
 .rodata.vTraceStoreISRBegin.str1.4
                0x00000000080050b8       0x50 ./TraceRecorder/trcStreamingRecorder.o
 .rodata.vTraceVPrintF.str1.4
                0x0000000008005108       0x2a ./TraceRecorder/trcStreamingRecorder.o
 *fill*         0x0000000008005132        0x2 
 .rodata.prvProcessCommand.str1.4
                0x0000000008005134       0x66 ./TraceRecorder/trcStreamingRecorder.o
 *fill*         0x000000000800519a        0x2 
 .rodata.str1.4
                0x000000000800519c      0x1af ./TraceRecorder/trcStreamingRecorder.o
 *fill*         0x000000000800534b        0x1 
 .rodata.CSWTCH.173
                0x000000000800534c       0x38 ./TraceRecorder/trcStreamingRecorder.o
 .rodata.main.str1.4
                0x0000000008005384       0x4b ./app/src/main.o
 *fill*         0x00000000080053cf        0x1 
 .rodata.AHBPrescTable
                0x00000000080053d0       0x10 ./cmsis/device/src/system_stm32f0xx.o
                0x00000000080053d0                AHBPrescTable
                0x00000000080053e0                . = ALIGN (0x4)

.rel.dyn        0x00000000080053e0        0x0
 .rel.iplt      0x00000000080053e0        0x0 C:/ST/STM32CubeIDE_1.14.0/STM32CubeIDE/plugins/com.st.stm32cube.ide.mcu.externaltools.gnu-tools-for-stm32.11.3.rel1.win32_1.1.100.202309141235/tools/bin/../lib/gcc/arm-none-eabi/11.3.1/thumb/v6-m/nofp/crtbegin.o

.ARM.extab
 *(.ARM.extab* .gnu.linkonce.armextab.*)

.ARM            0x00000000080053e0        0x0
                0x00000000080053e0                __exidx_start = .
 *(.ARM.exidx*)
                0x00000000080053e0                __exidx_end = .

.preinit_array  0x00000000080053e0        0x0
                0x00000000080053e0                PROVIDE (__preinit_array_start = .)
 *(.preinit_array*)
                0x00000000080053e0                PROVIDE (__preinit_array_end = .)

.init_array     0x00000000080053e0        0x4
                0x00000000080053e0                PROVIDE (__init_array_start = .)
 *(SORT_BY_NAME(.init_array.*))
 *(.init_array*)
 .init_array    0x00000000080053e0        0x4 C:/ST/STM32CubeIDE_1.14.0/STM32CubeIDE/plugins/com.st.stm32cube.ide.mcu.externaltools.gnu-tools-for-stm32.11.3.rel1.win32_1.1.100.202309141235/tools/bin/../lib/gcc/arm-none-eabi/11.3.1/thumb/v6-m/nofp/crtbegin.o
                0x00000000080053e4                PROVIDE (__init_array_end = .)

.fini_array     0x00000000080053e4        0x4
                [!provide]                        PROVIDE (__fini_array_start = .)
 *(SORT_BY_NAME(.fini_array.*))
 *(.fini_array*)
 .fini_array    0x00000000080053e4        0x4 C:/ST/STM32CubeIDE_1.14.0/STM32CubeIDE/plugins/com.st.stm32cube.ide.mcu.externaltools.gnu-tools-for-stm32.11.3.rel1.win32_1.1.100.202309141235/tools/bin/../lib/gcc/arm-none-eabi/11.3.1/thumb/v6-m/nofp/crtbegin.o
                [!provide]                        PROVIDE (__fini_array_end = .)
                0x00000000080053e8                _sidata = LOADADDR (.data)

.data           0x0000000020000000       0x14 load address 0x00000000080053e8
                0x0000000020000000                . = ALIGN (0x4)
                0x0000000020000000                _sdata = .
 *(.data)
 *(.data*)
 .data.uxCriticalNesting
                0x0000000020000000        0x4 ./FreeRTOS/portable/GCC/ARM_CM0/port.o
 .data.CurrentFilterGroup
                0x0000000020000004        0x2 ./TraceRecorder/trcStreamingRecorder.o
                0x0000000020000004                CurrentFilterGroup
 .data.CurrentFilterMask
                0x0000000020000006        0x2 ./TraceRecorder/trcStreamingRecorder.o
                0x0000000020000006                CurrentFilterMask
 .data.ISR_stack_index
                0x0000000020000008        0x1 ./TraceRecorder/trcStreamingRecorder.o
 *fill*         0x0000000020000009        0x3 
 .data.PSFExtensionInfo
                0x000000002000000c        0x4 ./TraceRecorder/trcStreamingRecorder.o
                0x000000002000000c                PSFExtensionInfo
 .data.SystemCoreClock
                0x0000000020000010        0x4 ./cmsis/device/src/system_stm32f0xx.o
                0x0000000020000010                SystemCoreClock
                0x0000000020000014                . = ALIGN (0x4)
                0x0000000020000014                _edata = .

.igot.plt       0x0000000020000014        0x0 load address 0x00000000080053fc
 .igot.plt      0x0000000020000014        0x0 C:/ST/STM32CubeIDE_1.14.0/STM32CubeIDE/plugins/com.st.stm32cube.ide.mcu.externaltools.gnu-tools-for-stm32.11.3.rel1.win32_1.1.100.202309141235/tools/bin/../lib/gcc/arm-none-eabi/11.3.1/thumb/v6-m/nofp/crtbegin.o
                0x0000000020000014                . = ALIGN (0x4)

.bss            0x0000000020000018     0x38d4 load address 0x00000000080053fc
                0x0000000020000018                _sbss = .
                0x0000000020000018                __bss_start__ = _sbss
 *(.bss)
 .bss           0x0000000020000018       0x1c C:/ST/STM32CubeIDE_1.14.0/STM32CubeIDE/plugins/com.st.stm32cube.ide.mcu.externaltools.gnu-tools-for-stm32.11.3.rel1.win32_1.1.100.202309141235/tools/bin/../lib/gcc/arm-none-eabi/11.3.1/thumb/v6-m/nofp/crtbegin.o
 *(.bss*)
 .bss.pxCurrentTCB
                0x0000000020000034        0x4 ./FreeRTOS/tasks.o
                0x0000000020000034                pxCurrentTCB
 .bss.pxDelayedTaskList
                0x0000000020000038        0x4 ./FreeRTOS/tasks.o
 .bss.pxOverflowDelayedTaskList
                0x000000002000003c        0x4 ./FreeRTOS/tasks.o
 .bss.pxReadyTasksLists
                0x0000000020000040       0x64 ./FreeRTOS/tasks.o
 .bss.uxCurrentNumberOfTasks
                0x00000000200000a4        0x4 ./FreeRTOS/tasks.o
 .bss.uxDeletedTasksWaitingCleanUp
                0x00000000200000a8        0x4 ./FreeRTOS/tasks.o
 .bss.uxPendedTicks
                0x00000000200000ac        0x4 ./FreeRTOS/tasks.o
 .bss.uxSchedulerSuspended
                0x00000000200000b0        0x4 ./FreeRTOS/tasks.o
 .bss.uxTaskNumber
                0x00000000200000b4        0x4 ./FreeRTOS/tasks.o
 .bss.uxTopReadyPriority
                0x00000000200000b8        0x4 ./FreeRTOS/tasks.o
 .bss.xDelayedTaskList1
                0x00000000200000bc       0x14 ./FreeRTOS/tasks.o
 .bss.xDelayedTaskList2
                0x00000000200000d0       0x14 ./FreeRTOS/tasks.o
 .bss.xIdleTaskHandle
                0x00000000200000e4        0x4 ./FreeRTOS/tasks.o
 .bss.xNextTaskUnblockTime
                0x00000000200000e8        0x4 ./FreeRTOS/tasks.o
 .bss.xNumOfOverflows
                0x00000000200000ec        0x4 ./FreeRTOS/tasks.o
 .bss.xPendingReadyList
                0x00000000200000f0       0x14 ./FreeRTOS/tasks.o
 .bss.xSchedulerRunning
                0x0000000020000104        0x4 ./FreeRTOS/tasks.o
 .bss.xSuspendedTaskList
                0x0000000020000108       0x14 ./FreeRTOS/tasks.o
 .bss.xTasksWaitingTermination
                0x000000002000011c       0x14 ./FreeRTOS/tasks.o
 .bss.xTickCount
                0x0000000020000130        0x4 ./FreeRTOS/tasks.o
 .bss.xYieldPending
                0x0000000020000134        0x4 ./FreeRTOS/tasks.o
 .bss.pxCurrentTimerList
                0x0000000020000138        0x4 ./FreeRTOS/timers.o
 .bss.pxOverflowTimerList
                0x000000002000013c        0x4 ./FreeRTOS/timers.o
 .bss.xActiveTimerList1
                0x0000000020000140       0x14 ./FreeRTOS/timers.o
 .bss.xActiveTimerList2
                0x0000000020000154       0x14 ./FreeRTOS/timers.o
 .bss.xLastTime.0
                0x0000000020000168        0x4 ./FreeRTOS/timers.o
 .bss.xTimerQueue
                0x000000002000016c        0x4 ./FreeRTOS/timers.o
 .bss.xTimerTaskHandle
                0x0000000020000170        0x4 ./FreeRTOS/timers.o
 .bss.pucAlignedHeap.0
                0x0000000020000174        0x4 ./FreeRTOS/portable/MemMang/heap_1.o
 .bss.ucHeap    0x0000000020000178     0x1c00 ./FreeRTOS/portable/MemMang/heap_1.o
 .bss.xNextFreeByte
                0x0000000020001d78        0x4 ./FreeRTOS/portable/MemMang/heap_1.o
 *fill*         0x0000000020001d7c        0x4 
 .bss._SEGGER_RTT
                0x0000000020001d80       0xa8 ./TraceRecorder/streamports/Jlink_RTT/SEGGER_RTT.o
                0x0000000020001d80                _SEGGER_RTT
 .bss._acDownBuffer
                0x0000000020001e28       0x10 ./TraceRecorder/streamports/Jlink_RTT/SEGGER_RTT.o
 .bss._acUpBuffer
                0x0000000020001e38       0x40 ./TraceRecorder/streamports/Jlink_RTT/SEGGER_RTT.o
 .bss.HandleTzCtrl
                0x0000000020001e78        0x4 ./TraceRecorder/trcKernelPort.o
 .bss._TzCtrlData
                0x0000000020001e7c       0x20 ./TraceRecorder/trcKernelPort.o
 .bss._TzTraceData
                0x0000000020001e9c     0x1388 ./TraceRecorder/trcKernelPort.o
                0x0000000020001e9c                _TzTraceData
 .bss.pCurrentTCB
                0x0000000020003224        0x4 ./TraceRecorder/trcKernelPort.o
 .bss.trcWarningChannel
                0x0000000020003228        0x4 ./TraceRecorder/trcKernelPort.o
                0x0000000020003228                trcWarningChannel
 .bss.ErrorAndWarningFlags
                0x000000002000322c        0x4 ./TraceRecorder/trcStreamingRecorder.o
 .bss.LongestSymbolName
                0x0000000020003230        0x4 ./TraceRecorder/trcStreamingRecorder.o
                0x0000000020003230                LongestSymbolName
 .bss.MaxBytesTruncated
                0x0000000020003234        0x4 ./TraceRecorder/trcStreamingRecorder.o
                0x0000000020003234                MaxBytesTruncated
 .bss.NoRoomForObjectData
                0x0000000020003238        0x4 ./TraceRecorder/trcStreamingRecorder.o
                0x0000000020003238                NoRoomForObjectData
 .bss.NoRoomForSymbol
                0x000000002000323c        0x4 ./TraceRecorder/trcStreamingRecorder.o
                0x000000002000323c                NoRoomForSymbol
 .bss.RecorderEnabled
                0x0000000020003240        0x4 ./TraceRecorder/trcStreamingRecorder.o
                0x0000000020003240                RecorderEnabled
 .bss.SessionCounter
                0x0000000020003244        0x4 ./TraceRecorder/trcStreamingRecorder.o
 .bss.errorCode
                0x0000000020003248        0x4 ./TraceRecorder/trcStreamingRecorder.o
 .bss.eventCounter
                0x000000002000324c        0x4 ./TraceRecorder/trcStreamingRecorder.o
 .bss.firstFreeObjectDataTableIndex
                0x0000000020003250        0x4 ./TraceRecorder/trcStreamingRecorder.o
 .bss.firstFreeSymbolTableIndex
                0x0000000020003254        0x4 ./TraceRecorder/trcStreamingRecorder.o
 .bss.objectDataTable
                0x0000000020003258      0x140 ./TraceRecorder/trcStreamingRecorder.o
 .bss.symbolTable
                0x0000000020003398      0x500 ./TraceRecorder/trcStreamingRecorder.o
 .bss.timestampFrequency
                0x0000000020003898        0x4 ./TraceRecorder/trcStreamingRecorder.o
                0x0000000020003898                timestampFrequency
 .bss.trcHeapCounter
                0x000000002000389c        0x4 ./TraceRecorder/trcStreamingRecorder.o
                0x000000002000389c                trcHeapCounter
 .bss.uiTraceSystemState
                0x00000000200038a0        0x4 ./TraceRecorder/trcStreamingRecorder.o
                0x00000000200038a0                uiTraceSystemState
 .bss.uiTraceTickCount
                0x00000000200038a4        0x4 ./TraceRecorder/trcStreamingRecorder.o
                0x00000000200038a4                uiTraceTickCount
 .bss.xComQueue
                0x00000000200038a8        0x4 ./app/src/main.o
                0x00000000200038a8                xComQueue
 .bss.xConsoleMutex
                0x00000000200038ac        0x4 ./app/src/main.o
                0x00000000200038ac                xConsoleMutex
 .bss.xSem1     0x00000000200038b0        0x4 ./app/src/main.o
                0x00000000200038b0                xSem1
 .bss.xSem2     0x00000000200038b4        0x4 ./app/src/main.o
                0x00000000200038b4                xSem2
 .bss.xSem3     0x00000000200038b8        0x4 ./app/src/main.o
                0x00000000200038b8                xSem3
 .bss.xSemAscenseur
                0x00000000200038bc        0x4 ./app/src/main.o
                0x00000000200038bc                xSemAscenseur
 .bss.xSemCarton
                0x00000000200038c0        0x4 ./app/src/main.o
                0x00000000200038c0                xSemCarton
 .bss.xSemPalette
                0x00000000200038c4        0x4 ./app/src/main.o
                0x00000000200038c4                xSemPalette
 .bss.xSem_DMA_TC
                0x00000000200038c8        0x4 ./app/src/main.o
                0x00000000200038c8                xSem_DMA_TC
 .bss.xSem_UART_TC
                0x00000000200038cc        0x4 ./app/src/main.o
                0x00000000200038cc                xSem_UART_TC
 .bss.xSubcribeQueue
                0x00000000200038d0        0x4 ./app/src/main.o
                0x00000000200038d0                xSubcribeQueue
 .bss.rx_dma_buffer
                0x00000000200038d4        0xe ./bsp/src/factory_io.o
                0x00000000200038d4                rx_dma_buffer
 *fill*         0x00000000200038e2        0x2 
 .bss.tx_dma_buffer
                0x00000000200038e4        0x7 ./bsp/src/factory_io.o
                0x00000000200038e4                tx_dma_buffer
 *(COMMON)
                0x00000000200038ec                . = ALIGN (0x4)
 *fill*         0x00000000200038eb        0x1 
                0x00000000200038ec                _ebss = .
                0x00000000200038ec                __bss_end__ = _ebss

._user_heap_stack
                0x00000000200038ec      0x604 load address 0x00000000080053fc
                0x00000000200038f0                . = ALIGN (0x8)
 *fill*         0x00000000200038ec        0x4 
                0x00000000200038f0                PROVIDE (end = .)
                [!provide]                        PROVIDE (_end = .)
                0x0000000020003af0                . = (. + _Min_Heap_Size)
 *fill*         0x00000000200038f0      0x200 
                0x0000000020003ef0                . = (. + _Min_Stack_Size)
 *fill*         0x0000000020003af0      0x400 
                0x0000000020003ef0                . = ALIGN (0x8)

/DISCARD/
 libc.a(*)
 libm.a(*)
 libgcc.a(*)

.ARM.attributes
                0x0000000000000000       0x28
 *(.ARM.attributes)
 .ARM.attributes
                0x0000000000000000       0x1e C:/ST/STM32CubeIDE_1.14.0/STM32CubeIDE/plugins/com.st.stm32cube.ide.mcu.externaltools.gnu-tools-for-stm32.11.3.rel1.win32_1.1.100.202309141235/tools/bin/../lib/gcc/arm-none-eabi/11.3.1/thumb/v6-m/nofp/crti.o
 .ARM.attributes
                0x000000000000001e       0x2c C:/ST/STM32CubeIDE_1.14.0/STM32CubeIDE/plugins/com.st.stm32cube.ide.mcu.externaltools.gnu-tools-for-stm32.11.3.rel1.win32_1.1.100.202309141235/tools/bin/../lib/gcc/arm-none-eabi/11.3.1/thumb/v6-m/nofp/crtbegin.o
 .ARM.attributes
                0x000000000000004a       0x2c ./FreeRTOS/list.o
 .ARM.attributes
                0x0000000000000076       0x2c ./FreeRTOS/queue.o
 .ARM.attributes
                0x00000000000000a2       0x2c ./FreeRTOS/tasks.o
 .ARM.attributes
                0x00000000000000ce       0x2c ./FreeRTOS/timers.o
 .ARM.attributes
                0x00000000000000fa       0x2c ./FreeRTOS/portable/GCC/ARM_CM0/port.o
 .ARM.attributes
                0x0000000000000126       0x2c ./FreeRTOS/portable/MemMang/heap_1.o
 .ARM.attributes
                0x0000000000000152       0x2c ./TraceRecorder/streamports/Jlink_RTT/SEGGER_RTT.o
 .ARM.attributes
                0x000000000000017e       0x2c ./TraceRecorder/streamports/Jlink_RTT/trcStreamingPort.o
 .ARM.attributes
                0x00000000000001aa       0x2c ./TraceRecorder/trcKernelPort.o
 .ARM.attributes
                0x00000000000001d6       0x2c ./TraceRecorder/trcStreamingRecorder.o
 .ARM.attributes
                0x0000000000000202       0x2c ./app/src/main.o
 .ARM.attributes
                0x000000000000022e       0x2c ./app/src/stm32f0xx_it.o
 .ARM.attributes
                0x000000000000025a       0x2c ./bsp/src/bsp.o
 .ARM.attributes
                0x0000000000000286       0x2c ./bsp/src/factory_io.o
 .ARM.attributes
                0x00000000000002b2       0x21 ./cmsis/device/src/startup_stm32f072xb.o
 .ARM.attributes
                0x00000000000002d3       0x2c ./cmsis/device/src/system_stm32f0xx.o
 .ARM.attributes
                0x00000000000002ff       0x2c C:/ST/STM32CubeIDE_1.14.0/STM32CubeIDE/plugins/com.st.stm32cube.ide.mcu.externaltools.gnu-tools-for-stm32.11.3.rel1.win32_1.1.100.202309141235/tools/bin/../lib/gcc/arm-none-eabi/11.3.1/../../../../arm-none-eabi/lib/thumb/v6-m/nofp\libc_nano.a(libc_a-memset.o)
 .ARM.attributes
                0x000000000000032b       0x2c C:/ST/STM32CubeIDE_1.14.0/STM32CubeIDE/plugins/com.st.stm32cube.ide.mcu.externaltools.gnu-tools-for-stm32.11.3.rel1.win32_1.1.100.202309141235/tools/bin/../lib/gcc/arm-none-eabi/11.3.1/../../../../arm-none-eabi/lib/thumb/v6-m/nofp\libc_nano.a(libc_a-init.o)
 .ARM.attributes
                0x0000000000000357       0x2c C:/ST/STM32CubeIDE_1.14.0/STM32CubeIDE/plugins/com.st.stm32cube.ide.mcu.externaltools.gnu-tools-for-stm32.11.3.rel1.win32_1.1.100.202309141235/tools/bin/../lib/gcc/arm-none-eabi/11.3.1/../../../../arm-none-eabi/lib/thumb/v6-m/nofp\libc_nano.a(libc_a-memcpy-stub.o)
 .ARM.attributes
                0x0000000000000383       0x1e C:/ST/STM32CubeIDE_1.14.0/STM32CubeIDE/plugins/com.st.stm32cube.ide.mcu.externaltools.gnu-tools-for-stm32.11.3.rel1.win32_1.1.100.202309141235/tools/bin/../lib/gcc/arm-none-eabi/11.3.1/thumb/v6-m/nofp\libgcc.a(_udivsi3.o)
 .ARM.attributes
                0x00000000000003a1       0x1e C:/ST/STM32CubeIDE_1.14.0/STM32CubeIDE/plugins/com.st.stm32cube.ide.mcu.externaltools.gnu-tools-for-stm32.11.3.rel1.win32_1.1.100.202309141235/tools/bin/../lib/gcc/arm-none-eabi/11.3.1/thumb/v6-m/nofp\libgcc.a(_dvmd_tls.o)
 .ARM.attributes
                0x00000000000003bf       0x1e C:/ST/STM32CubeIDE_1.14.0/STM32CubeIDE/plugins/com.st.stm32cube.ide.mcu.externaltools.gnu-tools-for-stm32.11.3.rel1.win32_1.1.100.202309141235/tools/bin/../lib/gcc/arm-none-eabi/11.3.1/thumb/v6-m/nofp/crtn.o
OUTPUT(TP3.elf elf32-littlearm)
LOAD linker stubs
LOAD C:/ST/STM32CubeIDE_1.14.0/STM32CubeIDE/plugins/com.st.stm32cube.ide.mcu.externaltools.gnu-tools-for-stm32.11.3.rel1.win32_1.1.100.202309141235/tools/bin/../lib/gcc/arm-none-eabi/11.3.1/../../../../arm-none-eabi/lib/thumb/v6-m/nofp\libc.a
LOAD C:/ST/STM32CubeIDE_1.14.0/STM32CubeIDE/plugins/com.st.stm32cube.ide.mcu.externaltools.gnu-tools-for-stm32.11.3.rel1.win32_1.1.100.202309141235/tools/bin/../lib/gcc/arm-none-eabi/11.3.1/../../../../arm-none-eabi/lib/thumb/v6-m/nofp\libm.a
LOAD C:/ST/STM32CubeIDE_1.14.0/STM32CubeIDE/plugins/com.st.stm32cube.ide.mcu.externaltools.gnu-tools-for-stm32.11.3.rel1.win32_1.1.100.202309141235/tools/bin/../lib/gcc/arm-none-eabi/11.3.1/thumb/v6-m/nofp\libgcc.a

.comment        0x0000000000000000       0x43
 .comment       0x0000000000000000       0x43 C:/ST/STM32CubeIDE_1.14.0/STM32CubeIDE/plugins/com.st.stm32cube.ide.mcu.externaltools.gnu-tools-for-stm32.11.3.rel1.win32_1.1.100.202309141235/tools/bin/../lib/gcc/arm-none-eabi/11.3.1/thumb/v6-m/nofp/crtbegin.o
                                         0x44 (size before relaxing)
 .comment       0x0000000000000043       0x44 ./FreeRTOS/list.o
 .comment       0x0000000000000043       0x44 ./FreeRTOS/queue.o
 .comment       0x0000000000000043       0x44 ./FreeRTOS/tasks.o
 .comment       0x0000000000000043       0x44 ./FreeRTOS/timers.o
 .comment       0x0000000000000043       0x44 ./FreeRTOS/portable/GCC/ARM_CM0/port.o
 .comment       0x0000000000000043       0x44 ./FreeRTOS/portable/MemMang/heap_1.o
 .comment       0x0000000000000043       0x44 ./TraceRecorder/streamports/Jlink_RTT/SEGGER_RTT.o
 .comment       0x0000000000000043       0x44 ./TraceRecorder/streamports/Jlink_RTT/trcStreamingPort.o
 .comment       0x0000000000000043       0x44 ./TraceRecorder/trcKernelPort.o
 .comment       0x0000000000000043       0x44 ./TraceRecorder/trcStreamingRecorder.o
 .comment       0x0000000000000043       0x44 ./app/src/main.o
 .comment       0x0000000000000043       0x44 ./app/src/stm32f0xx_it.o
 .comment       0x0000000000000043       0x44 ./bsp/src/bsp.o
 .comment       0x0000000000000043       0x44 ./bsp/src/factory_io.o
 .comment       0x0000000000000043       0x44 ./cmsis/device/src/system_stm32f0xx.o

.debug_info     0x0000000000000000    0x15802
 .debug_info    0x0000000000000000      0x2c3 ./FreeRTOS/list.o
 .debug_info    0x00000000000002c3     0x3589 ./FreeRTOS/queue.o
 .debug_info    0x000000000000384c     0x3e3c ./FreeRTOS/tasks.o
 .debug_info    0x0000000000007688     0x15d6 ./FreeRTOS/timers.o
 .debug_info    0x0000000000008c5e      0x2fd ./FreeRTOS/portable/GCC/ARM_CM0/port.o
 .debug_info    0x0000000000008f5b      0x293 ./FreeRTOS/portable/MemMang/heap_1.o
 .debug_info    0x00000000000091ee     0x29fe ./TraceRecorder/streamports/Jlink_RTT/SEGGER_RTT.o
 .debug_info    0x000000000000bbec      0x353 ./TraceRecorder/streamports/Jlink_RTT/trcStreamingPort.o
 .debug_info    0x000000000000bf3f      0xbfc ./TraceRecorder/trcKernelPort.o
 .debug_info    0x000000000000cb3b     0x5c4d ./TraceRecorder/trcStreamingRecorder.o
 .debug_info    0x0000000000012788     0x1c6d ./app/src/main.o
 .debug_info    0x00000000000143f5      0x286 ./app/src/stm32f0xx_it.o
 .debug_info    0x000000000001467b      0xc69 ./bsp/src/bsp.o
 .debug_info    0x00000000000152e4      0x291 ./bsp/src/factory_io.o
 .debug_info    0x0000000000015575       0x23 ./cmsis/device/src/startup_stm32f072xb.o
 .debug_info    0x0000000000015598      0x26a ./cmsis/device/src/system_stm32f0xx.o

.debug_abbrev   0x0000000000000000     0x2954
 .debug_abbrev  0x0000000000000000      0x10c ./FreeRTOS/list.o
 .debug_abbrev  0x000000000000010c      0x3f6 ./FreeRTOS/queue.o
 .debug_abbrev  0x0000000000000502      0x4d3 ./FreeRTOS/tasks.o
 .debug_abbrev  0x00000000000009d5      0x3a8 ./FreeRTOS/timers.o
 .debug_abbrev  0x0000000000000d7d      0x21a ./FreeRTOS/portable/GCC/ARM_CM0/port.o
 .debug_abbrev  0x0000000000000f97      0x1bd ./FreeRTOS/portable/MemMang/heap_1.o
 .debug_abbrev  0x0000000000001154      0x312 ./TraceRecorder/streamports/Jlink_RTT/SEGGER_RTT.o
 .debug_abbrev  0x0000000000001466      0x14d ./TraceRecorder/streamports/Jlink_RTT/trcStreamingPort.o
 .debug_abbrev  0x00000000000015b3      0x393 ./TraceRecorder/trcKernelPort.o
 .debug_abbrev  0x0000000000001946      0x533 ./TraceRecorder/trcStreamingRecorder.o
 .debug_abbrev  0x0000000000001e79      0x453 ./app/src/main.o
 .debug_abbrev  0x00000000000022cc      0x131 ./app/src/stm32f0xx_it.o
 .debug_abbrev  0x00000000000023fd      0x291 ./bsp/src/bsp.o
 .debug_abbrev  0x000000000000268e      0x17c ./bsp/src/factory_io.o
 .debug_abbrev  0x000000000000280a       0x12 ./cmsis/device/src/startup_stm32f072xb.o
 .debug_abbrev  0x000000000000281c      0x138 ./cmsis/device/src/system_stm32f0xx.o

.debug_loclists
                0x0000000000000000     0xd3b0
 .debug_loclists
                0x0000000000000000       0x89 ./FreeRTOS/list.o
 .debug_loclists
                0x0000000000000089     0x1f88 ./FreeRTOS/queue.o
 .debug_loclists
                0x0000000000002011     0x24ec ./FreeRTOS/tasks.o
 .debug_loclists
                0x00000000000044fd      0xc78 ./FreeRTOS/timers.o
 .debug_loclists
                0x0000000000005175       0x86 ./FreeRTOS/portable/GCC/ARM_CM0/port.o
 .debug_loclists
                0x00000000000051fb       0x45 ./FreeRTOS/portable/MemMang/heap_1.o
 .debug_loclists
                0x0000000000005240     0x47f6 ./TraceRecorder/streamports/Jlink_RTT/SEGGER_RTT.o
 .debug_loclists
                0x0000000000009a36      0x111 ./TraceRecorder/streamports/Jlink_RTT/trcStreamingPort.o
 .debug_loclists
                0x0000000000009b47      0x296 ./TraceRecorder/trcKernelPort.o
 .debug_loclists
                0x0000000000009ddd     0x2c23 ./TraceRecorder/trcStreamingRecorder.o
 .debug_loclists
                0x000000000000ca00      0x483 ./app/src/main.o
 .debug_loclists
                0x000000000000ce83      0x36c ./bsp/src/bsp.o
 .debug_loclists
                0x000000000000d1ef      0x104 ./bsp/src/factory_io.o
 .debug_loclists
                0x000000000000d2f3       0xbd ./cmsis/device/src/system_stm32f0xx.o

.debug_aranges  0x0000000000000000      0x8b8
 .debug_aranges
                0x0000000000000000       0x40 ./FreeRTOS/list.o
 .debug_aranges
                0x0000000000000040       0xd0 ./FreeRTOS/queue.o
 .debug_aranges
                0x0000000000000110      0x1a8 ./FreeRTOS/tasks.o
 .debug_aranges
                0x00000000000002b8       0x90 ./FreeRTOS/timers.o
 .debug_aranges
                0x0000000000000348       0x80 ./FreeRTOS/portable/GCC/ARM_CM0/port.o
 .debug_aranges
                0x00000000000003c8       0x38 ./FreeRTOS/portable/MemMang/heap_1.o
 .debug_aranges
                0x0000000000000400       0xc8 ./TraceRecorder/streamports/Jlink_RTT/SEGGER_RTT.o
 .debug_aranges
                0x00000000000004c8       0x28 ./TraceRecorder/streamports/Jlink_RTT/trcStreamingPort.o
 .debug_aranges
                0x00000000000004f0       0x98 ./TraceRecorder/trcKernelPort.o
 .debug_aranges
                0x0000000000000588      0x158 ./TraceRecorder/trcStreamingRecorder.o
 .debug_aranges
                0x00000000000006e0       0x50 ./app/src/main.o
 .debug_aranges
                0x0000000000000730       0x38 ./app/src/stm32f0xx_it.o
 .debug_aranges
                0x0000000000000768       0xd0 ./bsp/src/bsp.o
 .debug_aranges
                0x0000000000000838       0x30 ./bsp/src/factory_io.o
 .debug_aranges
                0x0000000000000868       0x28 ./cmsis/device/src/startup_stm32f072xb.o
 .debug_aranges
                0x0000000000000890       0x28 ./cmsis/device/src/system_stm32f0xx.o

.debug_rnglists
                0x0000000000000000     0x1a1c
 .debug_rnglists
                0x0000000000000000       0x2b ./FreeRTOS/list.o
 .debug_rnglists
                0x000000000000002b      0x336 ./FreeRTOS/queue.o
 .debug_rnglists
                0x0000000000000361      0x4ac ./FreeRTOS/tasks.o
 .debug_rnglists
                0x000000000000080d      0x186 ./FreeRTOS/timers.o
 .debug_rnglists
                0x0000000000000993       0x6d ./FreeRTOS/portable/GCC/ARM_CM0/port.o
 .debug_rnglists
                0x0000000000000a00       0x26 ./FreeRTOS/portable/MemMang/heap_1.o
 .debug_rnglists
                0x0000000000000a26      0x4e0 ./TraceRecorder/streamports/Jlink_RTT/SEGGER_RTT.o
 .debug_rnglists
                0x0000000000000f06       0x19 ./TraceRecorder/streamports/Jlink_RTT/trcStreamingPort.o
 .debug_rnglists
                0x0000000000000f1f       0x9f ./TraceRecorder/trcKernelPort.o
 .debug_rnglists
                0x0000000000000fbe      0x83b ./TraceRecorder/trcStreamingRecorder.o
 .debug_rnglists
                0x00000000000017f9       0xd3 ./app/src/main.o
 .debug_rnglists
                0x00000000000018cc       0x25 ./app/src/stm32f0xx_it.o
 .debug_rnglists
                0x00000000000018f1       0xda ./bsp/src/bsp.o
 .debug_rnglists
                0x00000000000019cb       0x1f ./bsp/src/factory_io.o
 .debug_rnglists
                0x00000000000019ea       0x19 ./cmsis/device/src/startup_stm32f072xb.o
 .debug_rnglists
                0x0000000000001a03       0x19 ./cmsis/device/src/system_stm32f0xx.o

.debug_macro    0x0000000000000000     0x2e92
 .debug_macro   0x0000000000000000      0x264 ./FreeRTOS/list.o
 .debug_macro   0x0000000000000264      0x2f3 ./FreeRTOS/queue.o
 .debug_macro   0x0000000000000557       0x16 ./FreeRTOS/queue.o
 .debug_macro   0x000000000000056d       0x35 ./FreeRTOS/queue.o
 .debug_macro   0x00000000000005a2       0x20 ./FreeRTOS/queue.o
 .debug_macro   0x00000000000005c2       0x80 ./FreeRTOS/queue.o
 .debug_macro   0x0000000000000642      0x35c ./FreeRTOS/tasks.o
 .debug_macro   0x000000000000099e       0x10 ./FreeRTOS/tasks.o
 .debug_macro   0x00000000000009ae      0x2b9 ./FreeRTOS/timers.o
 .debug_macro   0x0000000000000c67       0x97 ./FreeRTOS/timers.o
 .debug_macro   0x0000000000000cfe      0x201 ./FreeRTOS/portable/GCC/ARM_CM0/port.o
 .debug_macro   0x0000000000000eff      0x285 ./FreeRTOS/portable/MemMang/heap_1.o
 .debug_macro   0x0000000000001184      0x176 ./TraceRecorder/streamports/Jlink_RTT/SEGGER_RTT.o
 .debug_macro   0x00000000000012fa      0x115 ./TraceRecorder/streamports/Jlink_RTT/SEGGER_RTT.o
 .debug_macro   0x000000000000140f      0x195 ./TraceRecorder/streamports/Jlink_RTT/trcStreamingPort.o
 .debug_macro   0x00000000000015a4      0x106 ./TraceRecorder/streamports/Jlink_RTT/trcStreamingPort.o
 .debug_macro   0x00000000000016aa      0x4fd ./TraceRecorder/streamports/Jlink_RTT/trcStreamingPort.o
 .debug_macro   0x0000000000001ba7      0x1cd ./TraceRecorder/trcKernelPort.o
 .debug_macro   0x0000000000001d74      0x2fb ./TraceRecorder/trcStreamingRecorder.o
 .debug_macro   0x000000000000206f       0x16 ./TraceRecorder/trcStreamingRecorder.o
 .debug_macro   0x0000000000002085       0x16 ./TraceRecorder/trcStreamingRecorder.o
 .debug_macro   0x000000000000209b       0x16 ./TraceRecorder/trcStreamingRecorder.o
 .debug_macro   0x00000000000020b1      0x147 ./TraceRecorder/trcStreamingRecorder.o
 .debug_macro   0x00000000000021f8      0x107 ./TraceRecorder/trcStreamingRecorder.o
 .debug_macro   0x00000000000022ff      0x253 ./app/src/main.o
 .debug_macro   0x0000000000002552       0x2e ./app/src/main.o
 .debug_macro   0x0000000000002580      0x29c ./app/src/main.o
 .debug_macro   0x000000000000281c       0x86 ./app/src/main.o
 .debug_macro   0x00000000000028a2       0x69 ./app/src/main.o
 .debug_macro   0x000000000000290b       0x10 ./app/src/main.o
 .debug_macro   0x000000000000291b      0x236 ./app/src/stm32f0xx_it.o
 .debug_macro   0x0000000000002b51      0x1b2 ./bsp/src/bsp.o
 .debug_macro   0x0000000000002d03       0xc3 ./bsp/src/factory_io.o
 .debug_macro   0x0000000000002dc6       0xcc ./cmsis/device/src/system_stm32f0xx.o

.debug_line     0x0000000000000000    0x17974
 .debug_line    0x0000000000000000      0xa67 ./FreeRTOS/list.o
 .debug_line    0x0000000000000a67     0x3210 ./FreeRTOS/queue.o
 .debug_line    0x0000000000003c77     0x3ea8 ./FreeRTOS/tasks.o
 .debug_line    0x0000000000007b1f     0x1476 ./FreeRTOS/timers.o
 .debug_line    0x0000000000008f95      0xa51 ./FreeRTOS/portable/GCC/ARM_CM0/port.o
 .debug_line    0x00000000000099e6      0x9e0 ./FreeRTOS/portable/MemMang/heap_1.o
 .debug_line    0x000000000000a3c6     0x3425 ./TraceRecorder/streamports/Jlink_RTT/SEGGER_RTT.o
 .debug_line    0x000000000000d7eb      0x7cd ./TraceRecorder/streamports/Jlink_RTT/trcStreamingPort.o
 .debug_line    0x000000000000dfb8      0xb88 ./TraceRecorder/trcKernelPort.o
 .debug_line    0x000000000000eb40     0x4606 ./TraceRecorder/trcStreamingRecorder.o
 .debug_line    0x0000000000013146     0x1d05 ./app/src/main.o
 .debug_line    0x0000000000014e4b      0x8b7 ./app/src/stm32f0xx_it.o
 .debug_line    0x0000000000015702     0x1602 ./bsp/src/bsp.o
 .debug_line    0x0000000000016d04      0x64a ./bsp/src/factory_io.o
 .debug_line    0x000000000001734e       0x7b ./cmsis/device/src/startup_stm32f072xb.o
 .debug_line    0x00000000000173c9      0x5ab ./cmsis/device/src/system_stm32f0xx.o

.debug_str      0x0000000000000000    0x71e19
 .debug_str     0x0000000000000000    0x69bbb ./FreeRTOS/list.o
                                      0x69e22 (size before relaxing)
 .debug_str     0x0000000000069bbb     0x1853 ./FreeRTOS/queue.o
                                      0x6b6a0 (size before relaxing)
 .debug_str     0x000000000006b40e     0x1a66 ./FreeRTOS/tasks.o
                                      0x6c366 (size before relaxing)
 .debug_str     0x000000000006ce74      0x4c8 ./FreeRTOS/timers.o
                                      0x6ba74 (size before relaxing)
 .debug_str     0x000000000006d33c      0x31f ./FreeRTOS/portable/GCC/ARM_CM0/port.o
                                      0x675f8 (size before relaxing)
 .debug_str     0x000000000006d65b       0xd8 ./FreeRTOS/portable/MemMang/heap_1.o
                                      0x6a545 (size before relaxing)
 .debug_str     0x000000000006d733      0x5d7 ./TraceRecorder/streamports/Jlink_RTT/SEGGER_RTT.o
                                       0x722f (size before relaxing)
 .debug_str     0x000000000006dd0a      0x6d9 ./TraceRecorder/streamports/Jlink_RTT/trcStreamingPort.o
                                      0x66afc (size before relaxing)
 .debug_str     0x000000000006e3e3      0x32a ./TraceRecorder/trcKernelPort.o
                                      0x67e2b (size before relaxing)
 .debug_str     0x000000000006e70d     0x18c9 ./TraceRecorder/trcStreamingRecorder.o
                                      0x6b78b (size before relaxing)
 .debug_str     0x000000000006ffd6     0x1959 ./app/src/main.o
                                      0x6a27c (size before relaxing)
 .debug_str     0x000000000007192f       0x6d ./app/src/stm32f0xx_it.o
                                      0x69bf9 (size before relaxing)
 .debug_str     0x000000000007199c      0x314 ./bsp/src/bsp.o
                                      0x6687b (size before relaxing)
 .debug_str     0x0000000000071cb0       0x4b ./bsp/src/factory_io.o
                                      0x5a75d (size before relaxing)
 .debug_str     0x0000000000071cfb       0x36 ./cmsis/device/src/startup_stm32f072xb.o
                                         0x5b (size before relaxing)
 .debug_str     0x0000000000071d31       0xe8 ./cmsis/device/src/system_stm32f0xx.o
                                      0x5a767 (size before relaxing)

.debug_frame    0x0000000000000000     0x1ab4
 .debug_frame   0x0000000000000000       0x6c ./FreeRTOS/list.o
 .debug_frame   0x000000000000006c      0x2bc ./FreeRTOS/queue.o
 .debug_frame   0x0000000000000328      0x5c8 ./FreeRTOS/tasks.o
 .debug_frame   0x00000000000008f0      0x19c ./FreeRTOS/timers.o
 .debug_frame   0x0000000000000a8c      0x100 ./FreeRTOS/portable/GCC/ARM_CM0/port.o
 .debug_frame   0x0000000000000b8c       0x5c ./FreeRTOS/portable/MemMang/heap_1.o
 .debug_frame   0x0000000000000be8      0x340 ./TraceRecorder/streamports/Jlink_RTT/SEGGER_RTT.o
 .debug_frame   0x0000000000000f28       0x44 ./TraceRecorder/streamports/Jlink_RTT/trcStreamingPort.o
 .debug_frame   0x0000000000000f6c      0x1e0 ./TraceRecorder/trcKernelPort.o
 .debug_frame   0x000000000000114c      0x4dc ./TraceRecorder/trcStreamingRecorder.o
 .debug_frame   0x0000000000001628      0x118 ./app/src/main.o
 .debug_frame   0x0000000000001740       0x60 ./app/src/stm32f0xx_it.o
 .debug_frame   0x00000000000017a0      0x1f8 ./bsp/src/bsp.o
 .debug_frame   0x0000000000001998       0x4c ./bsp/src/factory_io.o
 .debug_frame   0x00000000000019e4       0x3c ./cmsis/device/src/system_stm32f0xx.o
 .debug_frame   0x0000000000001a20       0x20 C:/ST/STM32CubeIDE_1.14.0/STM32CubeIDE/plugins/com.st.stm32cube.ide.mcu.externaltools.gnu-tools-for-stm32.11.3.rel1.win32_1.1.100.202309141235/tools/bin/../lib/gcc/arm-none-eabi/11.3.1/../../../../arm-none-eabi/lib/thumb/v6-m/nofp\libc_nano.a(libc_a-memset.o)
 .debug_frame   0x0000000000001a40       0x2c C:/ST/STM32CubeIDE_1.14.0/STM32CubeIDE/plugins/com.st.stm32cube.ide.mcu.externaltools.gnu-tools-for-stm32.11.3.rel1.win32_1.1.100.202309141235/tools/bin/../lib/gcc/arm-none-eabi/11.3.1/../../../../arm-none-eabi/lib/thumb/v6-m/nofp\libc_nano.a(libc_a-init.o)
 .debug_frame   0x0000000000001a6c       0x28 C:/ST/STM32CubeIDE_1.14.0/STM32CubeIDE/plugins/com.st.stm32cube.ide.mcu.externaltools.gnu-tools-for-stm32.11.3.rel1.win32_1.1.100.202309141235/tools/bin/../lib/gcc/arm-none-eabi/11.3.1/../../../../arm-none-eabi/lib/thumb/v6-m/nofp\libc_nano.a(libc_a-memcpy-stub.o)
 .debug_frame   0x0000000000001a94       0x20 C:/ST/STM32CubeIDE_1.14.0/STM32CubeIDE/plugins/com.st.stm32cube.ide.mcu.externaltools.gnu-tools-for-stm32.11.3.rel1.win32_1.1.100.202309141235/tools/bin/../lib/gcc/arm-none-eabi/11.3.1/thumb/v6-m/nofp\libgcc.a(_udivsi3.o)

.debug_line_str
                0x0000000000000000       0x4f
 .debug_line_str
                0x0000000000000000       0x4f ./cmsis/device/src/startup_stm32f072xb.o
                                         0x65 (size before relaxing)
