../FreeRTOS/queue.c:2126:19:prvCopyDataToQueue	16	static
../FreeRTOS/queue.c:264:12:xQueueGenericReset	16	static,ignoring_inline_asm
../FreeRTOS/queue.c:382:19:xQueueGenericCreate	24	static,ignoring_inline_asm
../FreeRTOS/queue.c:771:12:xQueueGenericSend	56	static,ignoring_inline_asm
../FreeRTOS/queue.c:522:19:xQueueCreateMutex	24	static
../FreeRTOS/queue.c:983:12:xQueueGenericSendFromISR	48	static,ignoring_inline_asm
../FreeRTOS/queue.c:1150:12:xQueueGiveFromISR	40	static,ignoring_inline_asm
../FreeRTOS/queue.c:1150:12:MyWrapper_xQueueGiveFromISR	40	static,ignoring_inline_asm
../FreeRTOS/queue.c:1318:12:xQueueReceive	56	static,ignoring_inline_asm
../FreeRTOS/queue.c:1461:12:xQueueSemaphoreTake	56	static,ignoring_inline_asm
../FreeRTOS/queue.c:1680:12:xQueuePeek	56	static,ignoring_inline_asm
../FreeRTOS/queue.c:1831:12:xQueueReceiveFromISR	48	static,ignoring_inline_asm
../FreeRTOS/queue.c:1926:12:xQueuePeekFromISR	24	static,ignoring_inline_asm
../FreeRTOS/queue.c:1981:13:uxQueueMessagesWaiting	8	static,ignoring_inline_asm
../FreeRTOS/queue.c:1997:13:uxQueueSpacesAvailable	8	static,ignoring_inline_asm
../FreeRTOS/queue.c:2014:13:uxQueueMessagesWaitingFromISR	0	static,ignoring_inline_asm
../FreeRTOS/queue.c:2026:6:vQueueDelete	24	static,ignoring_inline_asm
../FreeRTOS/queue.c:2070:17:uxQueueGetQueueNumber	0	static
../FreeRTOS/queue.c:2080:10:vQueueSetQueueNumber	0	static
../FreeRTOS/queue.c:2091:13:ucQueueGetQueueType	0	static
../FreeRTOS/queue.c:2371:12:xQueueIsQueueEmptyFromISR	0	static,ignoring_inline_asm
../FreeRTOS/queue.c:2412:12:xQueueIsQueueFullFromISR	0	static,ignoring_inline_asm
../FreeRTOS/queue.c:2811:10:vQueueWaitForMessageRestricted	16	static
