../FreeRTOS/stream_buffer.c:220:26:xStreamBufferGenericCreate	24	static,ignoring_inline_asm
../FreeRTOS/stream_buffer.c:371:6:vStreamBufferDelete	8	static,ignoring_inline_asm
../FreeRTOS/stream_buffer.c:404:12:xStreamBufferReset	32	static,ignoring_inline_asm
../FreeRTOS/stream_buffer.c:453:12:xStreamBufferSetTriggerLevel	0	static,ignoring_inline_asm
../FreeRTOS/stream_buffer.c:483:8:xStreamBufferSpacesAvailable	0	static,ignoring_inline_asm
../FreeRTOS/stream_buffer.c:507:8:xStreamBufferBytesAvailable	0	static,ignoring_inline_asm
../FreeRTOS/stream_buffer.c:519:8:xStreamBufferSend	64	static,ignoring_inline_asm
../FreeRTOS/stream_buffer.c:649:8:xStreamBufferSendFromISR	48	static,ignoring_inline_asm
../FreeRTOS/stream_buffer.c:752:8:xStreamBufferReceive	72	static,ignoring_inline_asm
../FreeRTOS/stream_buffer.c:856:8:xStreamBufferNextMessageLengthBytes	40	static,ignoring_inline_asm
../FreeRTOS/stream_buffer.c:901:8:xStreamBufferReceiveFromISR	72	static,ignoring_inline_asm
../FreeRTOS/stream_buffer.c:1010:12:xStreamBufferIsEmpty	0	static,ignoring_inline_asm
../FreeRTOS/stream_buffer.c:1034:12:xStreamBufferIsFull	0	static,ignoring_inline_asm
../FreeRTOS/stream_buffer.c:1069:12:xStreamBufferSendCompletedFromISR	32	static,ignoring_inline_asm
../FreeRTOS/stream_buffer.c:1100:12:xStreamBufferReceiveCompletedFromISR	32	static,ignoring_inline_asm
../FreeRTOS/stream_buffer.c:1287:17:uxStreamBufferGetStreamBufferNumber	0	static
../FreeRTOS/stream_buffer.c:1297:10:vStreamBufferSetStreamBufferNumber	0	static
../FreeRTOS/stream_buffer.c:1308:13:ucStreamBufferGetStreamBufferType	0	static
