../FreeRTOS/tasks.c:3423:8:prvIdleTask	24	static
../FreeRTOS/tasks.c:3010:6:vTaskSwitchContext.part.0	16	static,ignoring_inline_asm
../FreeRTOS/tasks.c:726:16:xTaskCreate	40	static
../FreeRTOS/tasks.c:1154:10:vTaskDelete	24	static,ignoring_inline_asm
../FreeRTOS/tasks.c:1381:16:eTaskGetState	24	static,ignoring_inline_asm
../FreeRTOS/tasks.c:1478:17:uxTaskPriorityGet	8	static
../FreeRTOS/tasks.c:1500:17:uxTaskPriorityGetFromISR	8	static
../FreeRTOS/tasks.c:1540:10:vTaskPrioritySet	24	static,ignoring_inline_asm
../FreeRTOS/tasks.c:1706:10:vTaskSuspend	24	static,ignoring_inline_asm
../FreeRTOS/tasks.c:1858:10:vTaskResume	24	static,ignoring_inline_asm
../FreeRTOS/tasks.c:1912:16:xTaskResumeFromISR	24	static,ignoring_inline_asm
../FreeRTOS/tasks.c:1987:6:vTaskStartScheduler	16	static,ignoring_inline_asm
../FreeRTOS/tasks.c:2115:6:vTaskEndScheduler	8	static,ignoring_inline_asm
../FreeRTOS/tasks.c:2126:6:vTaskSuspendAll	0	static,ignoring_inline_asm
../FreeRTOS/tasks.c:2321:12:xTaskGetTickCount	0	static
../FreeRTOS/tasks.c:2336:12:xTaskGetTickCountFromISR	0	static
../FreeRTOS/tasks.c:2367:13:uxTaskGetNumberOfTasks	0	static
../FreeRTOS/tasks.c:2375:8:pcTaskGetName	0	static,ignoring_inline_asm
../FreeRTOS/tasks.c:2725:12:xTaskIncrementTick	48	static,ignoring_inline_asm
../FreeRTOS/tasks.c:2210:12:xTaskResumeAll.part.0	40	static
../FreeRTOS/tasks.c:2210:12:xTaskResumeAll	8	static,ignoring_inline_asm
../FreeRTOS/tasks.c:1249:16:xTaskDelayUntil	32	static,ignoring_inline_asm
../FreeRTOS/tasks.c:1336:10:vTaskDelay	24	static,ignoring_inline_asm
../FreeRTOS/tasks.c:2627:12:xTaskCatchUpTicks	8	static,ignoring_inline_asm
../FreeRTOS/tasks.c:3809:24:prvListTasksWithinSingleList.part.0	48	static,ignoring_inline_asm
../FreeRTOS/tasks.c:2522:17:uxTaskGetSystemState	64	static,ignoring_inline_asm
../FreeRTOS/tasks.c:3010:6:vTaskSwitchContext	8	static
../FreeRTOS/tasks.c:3086:6:vTaskPlaceOnEventList	16	static,ignoring_inline_asm
../FreeRTOS/tasks.c:3104:6:vTaskPlaceOnUnorderedEventList	16	static,ignoring_inline_asm
../FreeRTOS/tasks.c:3132:10:vTaskPlaceOnEventListRestricted	24	static,ignoring_inline_asm
../FreeRTOS/tasks.c:3165:12:xTaskRemoveFromEventList	16	static,ignoring_inline_asm
../FreeRTOS/tasks.c:3233:6:vTaskRemoveFromUnorderedEventList	16	static,ignoring_inline_asm
../FreeRTOS/tasks.c:3282:6:vTaskSetTimeOutState	8	static,ignoring_inline_asm
../FreeRTOS/tasks.c:3294:6:vTaskInternalSetTimeOutState	0	static
../FreeRTOS/tasks.c:3302:12:xTaskCheckForTimeOut	24	static,ignoring_inline_asm
../FreeRTOS/tasks.c:3367:6:vTaskMissedYield	0	static
../FreeRTOS/tasks.c:3375:17:uxTaskGetTaskNumber	0	static
../FreeRTOS/tasks.c:3398:10:vTaskSetTaskNumber	0	static
../FreeRTOS/tasks.c:3710:10:vTaskGetInfo	32	static,ignoring_inline_asm
../FreeRTOS/tasks.c:4011:18:xTaskGetCurrentTaskHandle	0	static
../FreeRTOS/tasks.c:4028:16:xTaskGetSchedulerState	0	static
../FreeRTOS/tasks.c:4056:16:xTaskPriorityInherit	24	static
../FreeRTOS/tasks.c:4146:16:xTaskPriorityDisinherit	24	static,ignoring_inline_asm
../FreeRTOS/tasks.c:4226:10:vTaskPriorityDisinheritAfterTimeout	24	static,ignoring_inline_asm
../FreeRTOS/tasks.c:4651:12:uxTaskResetEventItemValue	0	static
../FreeRTOS/tasks.c:4667:18:pvTaskIncrementMutexHeldCount	0	static
../FreeRTOS/tasks.c:4684:14:ulTaskGenericNotifyTake	24	static,ignoring_inline_asm
../FreeRTOS/tasks.c:4756:16:xTaskGenericNotifyWait	24	static,ignoring_inline_asm
../FreeRTOS/tasks.c:4842:16:xTaskGenericNotify	24	static,ignoring_inline_asm
../FreeRTOS/tasks.c:4965:16:xTaskGenericNotifyFromISR	24	static,ignoring_inline_asm
../FreeRTOS/tasks.c:5104:10:vTaskGenericNotifyGiveFromISR	24	static,ignoring_inline_asm
../FreeRTOS/tasks.c:5193:16:xTaskGenericNotifyStateClear	16	static,ignoring_inline_asm
../FreeRTOS/tasks.c:5227:14:ulTaskGenericNotifyValueClear	16	static
