../TraceRecorder/streamports/Jlink_RTT/SEGGER_RTT.c:469:10:SEGGER_RTT_ReadNoLock	48	static
../TraceRecorder/streamports/Jlink_RTT/SEGGER_RTT.c:536:10:SEGGER_RTT_Read	48	static,ignoring_inline_asm
../TraceRecorder/streamports/Jlink_RTT/SEGGER_RTT.c:575:6:SEGGER_RTT_WriteWithOverwriteNoLock	40	static
../TraceRecorder/streamports/Jlink_RTT/SEGGER_RTT.c:659:10:SEGGER_RTT_WriteSkipNoLock	40	static
../TraceRecorder/streamports/Jlink_RTT/SEGGER_RTT.c:769:10:SEGGER_RTT_WriteNoLock	48	static
../TraceRecorder/streamports/Jlink_RTT/SEGGER_RTT.c:840:10:SEGGER_RTT_Write	56	static,ignoring_inline_asm
../TraceRecorder/streamports/Jlink_RTT/SEGGER_RTT.c:878:10:SEGGER_RTT_WriteString	48	static,ignoring_inline_asm
../TraceRecorder/streamports/Jlink_RTT/SEGGER_RTT.c:900:5:SEGGER_RTT_GetKey	48	static,ignoring_inline_asm
../TraceRecorder/streamports/Jlink_RTT/SEGGER_RTT.c:928:5:SEGGER_RTT_WaitKey	56	static,ignoring_inline_asm
../TraceRecorder/streamports/Jlink_RTT/SEGGER_RTT.c:951:5:SEGGER_RTT_HasKey	8	static
../TraceRecorder/streamports/Jlink_RTT/SEGGER_RTT.c:977:10:SEGGER_RTT_HasData	0	static
../TraceRecorder/streamports/Jlink_RTT/SEGGER_RTT.c:1005:5:SEGGER_RTT_AllocDownBuffer	32	static,ignoring_inline_asm
../TraceRecorder/streamports/Jlink_RTT/SEGGER_RTT.c:1050:5:SEGGER_RTT_AllocUpBuffer	32	static,ignoring_inline_asm
../TraceRecorder/streamports/Jlink_RTT/SEGGER_RTT.c:1101:5:SEGGER_RTT_ConfigUpBuffer	24	static,ignoring_inline_asm
../TraceRecorder/streamports/Jlink_RTT/SEGGER_RTT.c:1148:5:SEGGER_RTT_ConfigDownBuffer	32	static,ignoring_inline_asm
../TraceRecorder/streamports/Jlink_RTT/SEGGER_RTT.c:1186:5:SEGGER_RTT_SetNameUpBuffer	16	static,ignoring_inline_asm
../TraceRecorder/streamports/Jlink_RTT/SEGGER_RTT.c:1217:5:SEGGER_RTT_SetNameDownBuffer	16	static,ignoring_inline_asm
../TraceRecorder/streamports/Jlink_RTT/SEGGER_RTT.c:1248:5:SEGGER_RTT_SetFlagsUpBuffer	16	static,ignoring_inline_asm
../TraceRecorder/streamports/Jlink_RTT/SEGGER_RTT.c:1279:5:SEGGER_RTT_SetFlagsDownBuffer	16	static,ignoring_inline_asm
../TraceRecorder/streamports/Jlink_RTT/SEGGER_RTT.c:1303:6:SEGGER_RTT_Init	8	static
../TraceRecorder/streamports/Jlink_RTT/SEGGER_RTT.c:1321:5:SEGGER_RTT_SetTerminal	40	static,ignoring_inline_asm
../TraceRecorder/streamports/Jlink_RTT/SEGGER_RTT.c:1371:5:SEGGER_RTT_TerminalOut	64	static,ignoring_inline_asm
