../FreeRTOS/portable/GCC/ARM_CM0/port.c:95:14:pxPortInitialiseStack	24	static
../FreeRTOS/portable/GCC/ARM_CM0/port.c:113:13:prvTaskExitError	16	static,ignoring_inline_asm
../FreeRTOS/portable/GCC/ARM_CM0/port.c:138:6:SVC_Handler	8	static
../FreeRTOS/portable/GCC/ARM_CM0/port.c:145:6:vPortStartFirstTask	0	static,ignoring_inline_asm
../FreeRTOS/portable/GCC/ARM_CM0/port.c:176:12:xPortStartScheduler	8	static
../FreeRTOS/portable/GCC/ARM_CM0/port.c:206:6:vPortEndScheduler	8	static,ignoring_inline_asm
../FreeRTOS/portable/GCC/ARM_CM0/port.c:214:6:vPortYield	8	static,ignoring_inline_asm
../FreeRTOS/portable/GCC/ARM_CM0/port.c:226:6:vPortEnterCritical	8	static,ignoring_inline_asm
../FreeRTOS/portable/GCC/ARM_CM0/port.c:235:6:vPortExitCritical	8	static,ignoring_inline_asm
../FreeRTOS/portable/GCC/ARM_CM0/port.c:246:10:ulSetInterruptMaskFromISR	0	static,ignoring_inline_asm
../FreeRTOS/portable/GCC/ARM_CM0/port.c:264:6:vClearInterruptMaskFromISR	0	static,ignoring_inline_asm
../FreeRTOS/portable/GCC/ARM_CM0/port.c:281:6:PendSV_Handler	0	static,ignoring_inline_asm
../FreeRTOS/portable/GCC/ARM_CM0/port.c:330:6:SysTick_Handler	16	static
../FreeRTOS/portable/GCC/ARM_CM0/port.c:351:6:prvSetupTimerInterrupt	8	static
