C:/Users/Raffael/Downloads/GITHUB/FactoryIO_Final-First-Version/FactoryIO_Final-First-Version/cmsis/core/core_cm0.h:623:22:__NVIC_EnableIRQ	2
C:/Users/Raffael/Downloads/GITHUB/FactoryIO_Final-First-Version/FactoryIO_Final-First-Version/cmsis/core/core_cm0.h:730:22:__NVIC_SetPriority	2
../app/src/main.c:44:5:main	1
../app/src/main.c:134:6:vSendBoxes	1
../app/src/main.c:238:6:vPush	2
../app/src/main.c:302:6:vPalete	1
../app/src/main.c:363:6:vEstado	1
../app/src/main.c:447:6:vElevador	1
../app/src/main.c:537:6:vTask_Pub	8
../app/src/main.c:603:6:vTask_Write	2
../app/src/main.c:641:13:SystemClock_Config	7
