../TraceRecorder/trcKernelPort.c:164:10:prvTraceGetQueueNumber	16	static
../TraceRecorder/trcKernelPort.c:170:9:prvTraceGetQueueType	16	static
../TraceRecorder/trcKernelPort.c:177:10:prvTraceGetTaskNumberLow16	16	static
../TraceRecorder/trcKernelPort.c:182:10:prvTraceGetTaskNumberHigh16	16	static
../TraceRecorder/trcKernelPort.c:187:6:prvTraceSetTaskNumberLow16	16	static
../TraceRecorder/trcKernelPort.c:192:6:prvTraceSetTaskNumberHigh16	16	static
../TraceRecorder/trcKernelPort.c:197:10:prvTraceGetQueueNumberLow16	16	static
../TraceRecorder/trcKernelPort.c:202:10:prvTraceGetQueueNumberHigh16	16	static
../TraceRecorder/trcKernelPort.c:207:6:prvTraceSetQueueNumberLow16	16	static
../TraceRecorder/trcKernelPort.c:212:6:prvTraceSetQueueNumberHigh16	16	static
../TraceRecorder/trcKernelPort.c:242:10:prvTraceGetEventGroupNumberLow16	16	static
../TraceRecorder/trcKernelPort.c:247:10:prvTraceGetEventGroupNumberHigh16	16	static
../TraceRecorder/trcKernelPort.c:252:6:prvTraceSetEventGroupNumberLow16	16	static
../TraceRecorder/trcKernelPort.c:257:6:prvTraceSetEventGroupNumberHigh16	16	static
../TraceRecorder/trcKernelPort.c:362:6:prvAddTaskToStackMonitor	24	static
../TraceRecorder/trcKernelPort.c:385:6:prvRemoveTaskFromStackMonitor	24	static
../TraceRecorder/trcKernelPort.c:399:6:prvReportStackUsage	24	static
../TraceRecorder/trcKernelPort.c:460:6:vTraceEnable	48	static
../TraceRecorder/trcKernelPort.c:551:6:vTraceSetQueueName	16	static
../TraceRecorder/trcKernelPort.c:564:6:vTraceSetSemaphoreName	16	static
../TraceRecorder/trcKernelPort.c:577:6:vTraceSetMutexName	16	static
../TraceRecorder/trcKernelPort.c:591:6:vTraceSetEventGroupName	16	static
../TraceRecorder/trcKernelPort.c:633:7:prvTraceGetCurrentTaskHandle	8	static
../TraceRecorder/trcKernelPort.c:644:10:prvIsNewTCB	16	static
../TraceRecorder/trcKernelPort.c:660:15:prvTraceIsSchedulerSuspended	8	static
../TraceRecorder/trcKernelPort.c:676:13:prvCheckRecorderStatus	8	static
../TraceRecorder/trcKernelPort.c:718:8:TzCtrl	40	static
