../TraceRecorder/trcKernelPort.c:125:10:prvTraceGetQueueNumber	8	static
../TraceRecorder/trcKernelPort.c:131:9:prvTraceGetQueueType	8	static
../TraceRecorder/trcKernelPort.c:138:10:prvTraceGetTaskNumberLow16	8	static
../TraceRecorder/trcKernelPort.c:143:10:prvTraceGetTaskNumberHigh16	8	static
../TraceRecorder/trcKernelPort.c:148:6:prvTraceSetTaskNumberLow16	16	static
../TraceRecorder/trcKernelPort.c:153:6:prvTraceSetTaskNumberHigh16	16	static
../TraceRecorder/trcKernelPort.c:158:10:prvTraceGetQueueNumberLow16	8	static
../TraceRecorder/trcKernelPort.c:163:10:prvTraceGetQueueNumberHigh16	8	static
../TraceRecorder/trcKernelPort.c:168:6:prvTraceSetQueueNumberLow16	16	static
../TraceRecorder/trcKernelPort.c:173:6:prvTraceSetQueueNumberHigh16	16	static
../TraceRecorder/trcKernelPort.c:675:6:vTraceSetQueueName	8	static
../TraceRecorder/trcKernelPort.c:688:6:vTraceSetSemaphoreName	8	static
../TraceRecorder/trcKernelPort.c:701:6:vTraceSetMutexName	8	static
../TraceRecorder/trcKernelPort.c:751:7:prvTraceGetCurrentTaskHandle	8	static
../TraceRecorder/trcKernelPort.c:790:6:vTraceEnable	8	static
../TraceRecorder/trcKernelPort.c:848:6:vTraceInitObjectPropertyTable	0	static
../TraceRecorder/trcKernelPort.c:891:6:vTraceInitObjectHandleStack	8	static
../TraceRecorder/trcKernelPort.c:927:13:pszTraceGetErrorNotEnoughHandles	0	static
../TraceRecorder/trcKernelPort.c:961:15:prvTraceIsSchedulerSuspended	8	static
