../TraceRecorder/trcKernelPort.c:718:8:TzCtrl	48	static
../TraceRecorder/trcKernelPort.c:164:10:prvTraceGetQueueNumber	8	static
../TraceRecorder/trcKernelPort.c:170:9:prvTraceGetQueueType	8	static
../TraceRecorder/trcKernelPort.c:177:10:prvTraceGetTaskNumberLow16	8	static
../TraceRecorder/trcKernelPort.c:182:10:prvTraceGetTaskNumberHigh16	8	static
../TraceRecorder/trcKernelPort.c:187:6:prvTraceSetTaskNumberLow16	16	static
../TraceRecorder/trcKernelPort.c:192:6:prvTraceSetTaskNumberHigh16	16	static
../TraceRecorder/trcKernelPort.c:197:10:prvTraceGetQueueNumberLow16	8	static
../TraceRecorder/trcKernelPort.c:202:10:prvTraceGetQueueNumberHigh16	8	static
../TraceRecorder/trcKernelPort.c:207:6:prvTraceSetQueueNumberLow16	16	static
../TraceRecorder/trcKernelPort.c:212:6:prvTraceSetQueueNumberHigh16	16	static
../TraceRecorder/trcKernelPort.c:460:6:vTraceEnable	40	static
../TraceRecorder/trcKernelPort.c:551:6:vTraceSetQueueName	8	static
../TraceRecorder/trcKernelPort.c:564:6:vTraceSetSemaphoreName	8	static
../TraceRecorder/trcKernelPort.c:577:6:vTraceSetMutexName	8	static
../TraceRecorder/trcKernelPort.c:633:7:prvTraceGetCurrentTaskHandle	8	static
../TraceRecorder/trcKernelPort.c:644:10:prvIsNewTCB	0	static
../TraceRecorder/trcKernelPort.c:660:15:prvTraceIsSchedulerSuspended	8	static
