../TraceRecorder/trcSnapshotRecorder.c:2718:10:prvTraceGetDTS	40	static
../TraceRecorder/trcSnapshotRecorder.c:2531:13:prvTraceOpenSymbol	72	static,ignoring_inline_asm
../TraceRecorder/trcSnapshotRecorder.c:324:6:vTraceSetStopHook	0	static
../TraceRecorder/trcSnapshotRecorder.c:335:6:vTraceClear	16	static,ignoring_inline_asm
../TraceRecorder/trcSnapshotRecorder.c:427:6:vTraceStop	8	static
../TraceRecorder/trcSnapshotRecorder.c:444:5:xTraceIsRecordingEnabled	0	static
../TraceRecorder/trcSnapshotRecorder.c:462:13:xTraceGetLastError	0	static
../TraceRecorder/trcSnapshotRecorder.c:475:6:vTraceClearError	0	static
../TraceRecorder/trcSnapshotRecorder.c:492:7:xTraceGetTraceBuffer	0	static
../TraceRecorder/trcSnapshotRecorder.c:504:10:uiTraceGetTraceBufferSize	0	static
../TraceRecorder/trcSnapshotRecorder.c:517:6:prvTraceInitTimestamps	0	static
../TraceRecorder/trcSnapshotRecorder.c:575:6:vTraceInstanceFinishedNext	24	static,ignoring_inline_asm
../TraceRecorder/trcSnapshotRecorder.c:604:6:vTraceInstanceFinishedNow	24	static,ignoring_inline_asm
../TraceRecorder/trcSnapshotRecorder.c:633:14:xTraceSetISRProperties	32	static
../TraceRecorder/trcSnapshotRecorder.c:666:6:vTraceStoreISRBegin	32	static,ignoring_inline_asm
../TraceRecorder/trcSnapshotRecorder.c:745:6:vTraceStoreISREnd	32	static,ignoring_inline_asm
../TraceRecorder/trcSnapshotRecorder.c:1432:6:vTraceVPrintF	112	static,ignoring_inline_asm
../TraceRecorder/trcSnapshotRecorder.c:1414:6:vTracePrintF	12	static
../TraceRecorder/trcSnapshotRecorder.c:1557:6:vTracePrint	32	static,ignoring_inline_asm
../TraceRecorder/trcSnapshotRecorder.c:1613:13:xTraceRegisterString	8	static
../TraceRecorder/trcSnapshotRecorder.c:1630:6:vTraceInitialize	32	static
../TraceRecorder/trcSnapshotRecorder.c:1765:6:prvTraceSetReadyEventsEnabled	0	static
../TraceRecorder/trcSnapshotRecorder.c:1775:6:prvTraceStoreTaskReady	32	static,ignoring_inline_asm
../TraceRecorder/trcSnapshotRecorder.c:1839:6:prvTraceStoreLowPower	32	static,ignoring_inline_asm
../TraceRecorder/trcSnapshotRecorder.c:1889:6:vTraceStoreMemMangEvent	48	static,ignoring_inline_asm
../TraceRecorder/trcSnapshotRecorder.c:1974:6:prvTraceStoreKernelCall	32	static,ignoring_inline_asm
../TraceRecorder/trcSnapshotRecorder.c:2032:6:prvTraceStoreKernelCallWithParam	56	static,ignoring_inline_asm
../TraceRecorder/trcSnapshotRecorder.c:2126:6:prvTraceStoreKernelCallWithNumericParamOnly	48	static,ignoring_inline_asm
../TraceRecorder/trcSnapshotRecorder.c:2236:6:prvTraceStoreObjectNameOnCloseEvent	24	static
../TraceRecorder/trcSnapshotRecorder.c:2296:6:prvTraceSetPriorityProperty	24	static
../TraceRecorder/trcSnapshotRecorder.c:2306:9:prvTraceGetPriorityProperty	16	static
../TraceRecorder/trcSnapshotRecorder.c:2316:6:prvTraceSetObjectState	24	static
../TraceRecorder/trcSnapshotRecorder.c:2336:6:prvTraceSetTaskInstanceFinished	16	static
../TraceRecorder/trcSnapshotRecorder.c:2363:10:uiIndexOfObject	16	static
../TraceRecorder/trcSnapshotRecorder.c:2266:6:prvTraceStoreObjectPropertiesOnCloseEvent	24	static
../TraceRecorder/trcSnapshotRecorder.c:2176:6:prvTraceStoreTaskswitch	48	static,ignoring_inline_asm
../TraceRecorder/trcSnapshotRecorder.c:2381:13:prvTraceGetObjectHandle	32	static,ignoring_inline_asm
../TraceRecorder/trcSnapshotRecorder.c:2433:6:prvTraceFreeObjectHandle	16	static
../TraceRecorder/trcSnapshotRecorder.c:2465:6:prvMarkObjectAsUsed	16	static
../TraceRecorder/trcSnapshotRecorder.c:2493:6:prvTraceSetObjectName	16	static
../TraceRecorder/trcSnapshotRecorder.c:366:10:uiTraceStart	32	static,ignoring_inline_asm
../TraceRecorder/trcSnapshotRecorder.c:416:6:vTraceStart	32	static,ignoring_inline_asm
../TraceRecorder/trcSnapshotRecorder.c:2570:6:vTraceSetFrequency	0	static
../TraceRecorder/trcSnapshotRecorder.c:2591:6:prvTraceError	16	static
../TraceRecorder/trcSnapshotRecorder.c:2611:6:vTraceSetFilterMask	0	static
../TraceRecorder/trcSnapshotRecorder.c:2616:6:vTraceSetFilterGroup	0	static
../TraceRecorder/trcSnapshotRecorder.c:3077:6:prvTracePortGetTimeStamp	24	static
