../TraceRecorder/trcStreamingRecorder.c:1314:13:prvTraceStoreStringEventHelper	112	static,ignoring_inline_asm
../TraceRecorder/trcStreamingRecorder.c:1301:6:prvTraceStoreStringEvent.constprop	104	static,ignoring_inline_asm
../TraceRecorder/trcStreamingRecorder.c:1301:6:prvTraceStoreStringEvent.constprop	112	static,ignoring_inline_asm
../TraceRecorder/trcStreamingRecorder.c:354:6:vTraceInstanceFinishedNow	40	static,ignoring_inline_asm
../TraceRecorder/trcStreamingRecorder.c:370:6:vTraceInstanceFinishedNext	40	static,ignoring_inline_asm
../TraceRecorder/trcStreamingRecorder.c:406:6:vTraceSetFrequency	0	static
../TraceRecorder/trcStreamingRecorder.c:703:6:vTraceStoreISREnd	40	static,ignoring_inline_asm
../TraceRecorder/trcStreamingRecorder.c:744:13:xTraceGetLastError	0	static
../TraceRecorder/trcStreamingRecorder.c:754:6:vTraceClearError	0	static
../TraceRecorder/trcStreamingRecorder.c:768:6:vTraceStop	0	static,ignoring_inline_asm
../TraceRecorder/trcStreamingRecorder.c:794:5:xTraceIsRecordingEnabled	0	static
../TraceRecorder/trcStreamingRecorder.c:799:6:vTraceSetFilterMask	0	static
../TraceRecorder/trcStreamingRecorder.c:804:6:vTraceSetFilterGroup	0	static
../TraceRecorder/trcStreamingRecorder.c:1301:6:prvTraceStoreStringEvent	24	static
../TraceRecorder/trcStreamingRecorder.c:1404:6:prvTraceStoreSimpleStringEventHelper	120	static,ignoring_inline_asm
../TraceRecorder/trcStreamingRecorder.c:458:6:vTracePrint	8	static
../TraceRecorder/trcStreamingRecorder.c:653:6:vTraceStoreISRBegin	40	static,ignoring_inline_asm
../TraceRecorder/trcStreamingRecorder.c:558:6:vTraceVPrintF	32	static,ignoring_inline_asm
../TraceRecorder/trcStreamingRecorder.c:542:6:vTracePrintF	12	static
../TraceRecorder/trcStreamingRecorder.c:1144:6:prvTraceStoreEvent0	40	static,ignoring_inline_asm
../TraceRecorder/trcStreamingRecorder.c:1171:6:prvTraceStoreEvent1	40	static,ignoring_inline_asm
../TraceRecorder/trcStreamingRecorder.c:1199:6:prvTraceStoreEvent2	48	static,ignoring_inline_asm
../TraceRecorder/trcStreamingRecorder.c:1228:6:prvTraceStoreEvent3	48	static,ignoring_inline_asm
../TraceRecorder/trcStreamingRecorder.c:1261:6:prvTraceStoreEvent	100	static,ignoring_inline_asm
../TraceRecorder/trcStreamingRecorder.c:1513:6:prvTraceSaveObjectSymbol	16	static,ignoring_inline_asm
../TraceRecorder/trcStreamingRecorder.c:1495:7:prvTraceSaveSymbol	16	static,ignoring_inline_asm
../TraceRecorder/trcStreamingRecorder.c:383:6:vTraceStoreKernelObjectName	16	static
../TraceRecorder/trcStreamingRecorder.c:418:13:xTraceRegisterString	16	static,ignoring_inline_asm
../TraceRecorder/trcStreamingRecorder.c:616:13:xTraceSetISRProperties	48	static,ignoring_inline_asm
../TraceRecorder/trcStreamingRecorder.c:481:6:vTraceConsoleChannelPrintF	88	static,ignoring_inline_asm
../TraceRecorder/trcStreamingRecorder.c:1560:6:prvTraceDeleteSymbol	20	static,ignoring_inline_asm
../TraceRecorder/trcStreamingRecorder.c:1604:6:prvTraceSaveObjectData	24	static,ignoring_inline_asm
../TraceRecorder/trcStreamingRecorder.c:1648:6:prvTraceDeleteObjectData	16	static,ignoring_inline_asm
../TraceRecorder/trcStreamingRecorder.c:1692:5:prvIsValidCommand	12	static
../TraceRecorder/trcStreamingRecorder.c:1714:6:prvProcessCommand	104	static,ignoring_inline_asm
../TraceRecorder/trcStreamingRecorder.c:1727:6:prvTraceWarning	8	static
../TraceRecorder/trcStreamingRecorder.c:1739:6:prvTraceError	8	static,ignoring_inline_asm
../TraceRecorder/trcStreamingRecorder.c:1907:10:prvPagedEventBufferTransfer	40	static,ignoring_inline_asm
../TraceRecorder/trcStreamingRecorder.c:1961:7:prvPagedEventBufferGetWritePointer	32	static
../TraceRecorder/trcStreamingRecorder.c:2015:6:prvPagedEventBufferInit	8	static,ignoring_inline_asm
