../TraceRecorder/trcStreamingRecorder.c:354:6:vTraceInstanceFinishedNow	8	static
../TraceRecorder/trcStreamingRecorder.c:370:6:vTraceInstanceFinishedNext	8	static
../TraceRecorder/trcStreamingRecorder.c:383:6:vTraceStoreKernelObjectName	24	static
../TraceRecorder/trcStreamingRecorder.c:406:6:vTraceSetFrequency	16	static
../TraceRecorder/trcStreamingRecorder.c:418:13:xTraceRegisterString	32	static
../TraceRecorder/trcStreamingRecorder.c:458:6:vTracePrint	24	static
../TraceRecorder/trcStreamingRecorder.c:481:6:vTraceConsoleChannelPrintF	72	static
../TraceRecorder/trcStreamingRecorder.c:542:6:vTracePrintF	28	static
../TraceRecorder/trcStreamingRecorder.c:558:6:vTraceVPrintF	56	static
../TraceRecorder/trcStreamingRecorder.c:616:13:xTraceSetISRProperties	40	static
../TraceRecorder/trcStreamingRecorder.c:653:6:vTraceStoreISRBegin	40	static,ignoring_inline_asm
../TraceRecorder/trcStreamingRecorder.c:703:6:vTraceStoreISREnd	32	static,ignoring_inline_asm
../TraceRecorder/trcStreamingRecorder.c:744:13:xTraceGetLastError	8	static
../TraceRecorder/trcStreamingRecorder.c:754:6:vTraceClearError	8	static
../TraceRecorder/trcStreamingRecorder.c:768:6:vTraceStop	8	static
../TraceRecorder/trcStreamingRecorder.c:794:5:xTraceIsRecordingEnabled	8	static
../TraceRecorder/trcStreamingRecorder.c:799:6:vTraceSetFilterMask	16	static
../TraceRecorder/trcStreamingRecorder.c:804:6:vTraceSetFilterGroup	16	static
../TraceRecorder/trcStreamingRecorder.c:815:13:prvSetRecorderEnabled	32	static,ignoring_inline_asm
../TraceRecorder/trcStreamingRecorder.c:853:13:prvTraceStoreStartEvent	72	static,ignoring_inline_asm
../TraceRecorder/trcStreamingRecorder.c:890:13:prvTraceStoreTSConfig	56	static
../TraceRecorder/trcStreamingRecorder.c:938:13:prvTraceStoreSymbolTable	88	static,ignoring_inline_asm
../TraceRecorder/trcStreamingRecorder.c:963:13:prvTraceStoreObjectDataTable	64	static,ignoring_inline_asm
../TraceRecorder/trcStreamingRecorder.c:988:13:prvTraceStoreHeader	72	static,ignoring_inline_asm
../TraceRecorder/trcStreamingRecorder.c:1013:13:prvTraceStoreExtensionInfo	56	static,ignoring_inline_asm
../TraceRecorder/trcStreamingRecorder.c:1028:20:prvTraceGetError	16	static
../TraceRecorder/trcStreamingRecorder.c:1144:6:prvTraceStoreEvent0	48	static,ignoring_inline_asm
../TraceRecorder/trcStreamingRecorder.c:1171:6:prvTraceStoreEvent1	56	static,ignoring_inline_asm
../TraceRecorder/trcStreamingRecorder.c:1199:6:prvTraceStoreEvent2	64	static,ignoring_inline_asm
../TraceRecorder/trcStreamingRecorder.c:1228:6:prvTraceStoreEvent3	72	static,ignoring_inline_asm
../TraceRecorder/trcStreamingRecorder.c:1261:6:prvTraceStoreEvent	132	static,ignoring_inline_asm
../TraceRecorder/trcStreamingRecorder.c:1301:6:prvTraceStoreStringEvent	32	static
../TraceRecorder/trcStreamingRecorder.c:1314:13:prvTraceStoreStringEventHelper	152	static,ignoring_inline_asm
../TraceRecorder/trcStreamingRecorder.c:1404:6:prvTraceStoreSimpleStringEventHelper	160	static,ignoring_inline_asm
../TraceRecorder/trcStreamingRecorder.c:1495:7:prvTraceSaveSymbol	40	static,ignoring_inline_asm
../TraceRecorder/trcStreamingRecorder.c:1513:6:prvTraceSaveObjectSymbol	40	static,ignoring_inline_asm
../TraceRecorder/trcStreamingRecorder.c:1560:6:prvTraceDeleteSymbol	48	static,ignoring_inline_asm
../TraceRecorder/trcStreamingRecorder.c:1604:6:prvTraceSaveObjectData	48	static,ignoring_inline_asm
../TraceRecorder/trcStreamingRecorder.c:1648:6:prvTraceDeleteObjectData	48	static,ignoring_inline_asm
../TraceRecorder/trcStreamingRecorder.c:1692:5:prvIsValidCommand	24	static
../TraceRecorder/trcStreamingRecorder.c:1714:6:prvProcessCommand	16	static
../TraceRecorder/trcStreamingRecorder.c:1727:6:prvTraceWarning	24	static
../TraceRecorder/trcStreamingRecorder.c:1739:6:prvTraceError	24	static
../TraceRecorder/trcStreamingRecorder.c:1814:17:prvGetTimestamp32	16	static
../TraceRecorder/trcStreamingRecorder.c:1831:12:prvAllocateBufferPage	24	static
../TraceRecorder/trcStreamingRecorder.c:1852:13:prvPageReadComplete	32	static,ignoring_inline_asm
../TraceRecorder/trcStreamingRecorder.c:1867:12:prvGetBufferPage	32	static
../TraceRecorder/trcStreamingRecorder.c:1907:10:prvPagedEventBufferTransfer	32	static
../TraceRecorder/trcStreamingRecorder.c:1961:7:prvPagedEventBufferGetWritePointer	24	static
../TraceRecorder/trcStreamingRecorder.c:2015:6:prvPagedEventBufferInit	40	static,ignoring_inline_asm
